[    0.000000] Linux version 6.9.8-arch1-1 (linux@archlinux) (gcc (GCC) 14.1.1 20240522, GNU ld (GNU Binutils) 2.42.0) #1 SMP PREEMPT_DYNAMIC Fri, 05 Jul 2024 22:11:24 +0000
[    0.000000] Command line: initrd=\initramfs-linux.img cryptdevice=PARTUUID=a9ac7b60-ac53-4cf0-8643-bf211e3a76b8:root root=/dev/mapper/root zswap.enabled=0 rootflags=subvol=@ rw rootfstype=btrfs
[    0.000000] x86/split lock detection: #AC: crashing the kernel on kernel split_locks and warning on user-space split_locks
[    0.000000] BIOS-provided physical RAM map:
[    0.000000] BIOS-e820: [mem 0x0000000000000000-0x0000000000000fff] reserved
[    0.000000] BIOS-e820: [mem 0x0000000000001000-0x000000000009ffff] usable
[    0.000000] BIOS-e820: [mem 0x00000000000a0000-0x00000000000fffff] reserved
[    0.000000] BIOS-e820: [mem 0x0000000000100000-0x0000000076950fff] usable
[    0.000000] BIOS-e820: [mem 0x0000000076951000-0x0000000076965fff] ACPI data
[    0.000000] BIOS-e820: [mem 0x0000000076966000-0x0000000076967fff] reserved
[    0.000000] BIOS-e820: [mem 0x0000000076968000-0x0000000076968fff] usable
[    0.000000] BIOS-e820: [mem 0x0000000076969000-0x000000007696bfff] reserved
[    0.000000] BIOS-e820: [mem 0x000000007696c000-0x000000007696dfff] usable
[    0.000000] BIOS-e820: [mem 0x000000007696e000-0x000000007696efff] reserved
[    0.000000] BIOS-e820: [mem 0x000000007696f000-0x000000007696ffff] usable
[    0.000000] BIOS-e820: [mem 0x0000000076970000-0x00000000803fffff] reserved
[    0.000000] BIOS-e820: [mem 0x00000000ff010000-0x00000000ff04ffff] reserved
[    0.000000] BIOS-e820: [mem 0x0000000100000000-0x000000187d65efff] usable
[    0.000000] BIOS-e820: [mem 0x000000187d65f000-0x000000187d65ffff] reserved
[    0.000000] BIOS-e820: [mem 0x000000187d660000-0x000000187d661fff] ACPI data
[    0.000000] BIOS-e820: [mem 0x000000187d662000-0x000000187e66ffff] usable
[    0.000000] BIOS-e820: [mem 0x000000187e670000-0x000000187e670fff] ACPI data
[    0.000000] BIOS-e820: [mem 0x000000187e671000-0x000000187f409fff] usable
[    0.000000] BIOS-e820: [mem 0x000000187f40a000-0x000000187f40bfff] reserved
[    0.000000] BIOS-e820: [mem 0x000000187f40c000-0x000000187f4f4fff] usable
[    0.000000] BIOS-e820: [mem 0x000000187f4f5000-0x000000187f4fcfff] ACPI NVS
[    0.000000] BIOS-e820: [mem 0x000000187f4fd000-0x000000187f5d7fff] usable
[    0.000000] BIOS-e820: [mem 0x000000187f5d8000-0x000000187f5dbfff] reserved
[    0.000000] BIOS-e820: [mem 0x000000187f5dc000-0x000000187f5eafff] usable
[    0.000000] BIOS-e820: [mem 0x000000187f5eb000-0x000000187f5f3fff] reserved
[    0.000000] BIOS-e820: [mem 0x000000187f5f4000-0x000000187f5f8fff] usable
[    0.000000] BIOS-e820: [mem 0x000000187f5f9000-0x000000187f718fff] reserved
[    0.000000] BIOS-e820: [mem 0x000000187f719000-0x000000187f728fff] usable
[    0.000000] BIOS-e820: [mem 0x000000187f729000-0x000000187f72bfff] reserved
[    0.000000] BIOS-e820: [mem 0x000000187f72c000-0x000000187f72cfff] usable
[    0.000000] BIOS-e820: [mem 0x000000187f72d000-0x000000187f72dfff] reserved
[    0.000000] BIOS-e820: [mem 0x000000187f72e000-0x000000187f733fff] usable
[    0.000000] BIOS-e820: [mem 0x000000187f734000-0x000000187f73cfff] reserved
[    0.000000] BIOS-e820: [mem 0x000000187f73d000-0x000000187f753fff] usable
[    0.000000] BIOS-e820: [mem 0x000000187f754000-0x000000187f757fff] reserved
[    0.000000] BIOS-e820: [mem 0x000000187f758000-0x000000187f75cfff] usable
[    0.000000] BIOS-e820: [mem 0x000000187f75d000-0x000000187f78ffff] reserved
[    0.000000] BIOS-e820: [mem 0x000000187f790000-0x000000187f7a4fff] usable
[    0.000000] BIOS-e820: [mem 0x000000187f7a5000-0x000000187f7aefff] reserved
[    0.000000] BIOS-e820: [mem 0x000000187f7af000-0x000000187f7affff] usable
[    0.000000] BIOS-e820: [mem 0x000000187f7b0000-0x000000187f7b9fff] reserved
[    0.000000] BIOS-e820: [mem 0x000000187f7ba000-0x000000187f7bcfff] usable
[    0.000000] BIOS-e820: [mem 0x000000187f7bd000-0x000000187f7befff] reserved
[    0.000000] BIOS-e820: [mem 0x000000187f7bf000-0x000000187f7cdfff] usable
[    0.000000] BIOS-e820: [mem 0x000000187f7ce000-0x000000187f7cefff] reserved
[    0.000000] BIOS-e820: [mem 0x000000187f7cf000-0x000000187f7d3fff] usable
[    0.000000] BIOS-e820: [mem 0x000000187f7d4000-0x000000187f7d4fff] reserved
[    0.000000] BIOS-e820: [mem 0x000000187f7d5000-0x000000187fbfffff] usable
[    0.000000] NX (Execute Disable) protection: active
[    0.000000] APIC: Static calls initialized
[    0.000000] e820: update [mem 0x187d662018-0x187d686e57] usable ==> usable
[    0.000000] extended physical RAM map:
[    0.000000] reserve setup_data: [mem 0x0000000000000000-0x0000000000000fff] reserved
[    0.000000] reserve setup_data: [mem 0x0000000000001000-0x000000000009ffff] usable
[    0.000000] reserve setup_data: [mem 0x00000000000a0000-0x00000000000fffff] reserved
[    0.000000] reserve setup_data: [mem 0x0000000000100000-0x0000000076950fff] usable
[    0.000000] reserve setup_data: [mem 0x0000000076951000-0x0000000076965fff] ACPI data
[    0.000000] reserve setup_data: [mem 0x0000000076966000-0x0000000076967fff] reserved
[    0.000000] reserve setup_data: [mem 0x0000000076968000-0x0000000076968fff] usable
[    0.000000] reserve setup_data: [mem 0x0000000076969000-0x000000007696bfff] reserved
[    0.000000] reserve setup_data: [mem 0x000000007696c000-0x000000007696dfff] usable
[    0.000000] reserve setup_data: [mem 0x000000007696e000-0x000000007696efff] reserved
[    0.000000] reserve setup_data: [mem 0x000000007696f000-0x000000007696ffff] usable
[    0.000000] reserve setup_data: [mem 0x0000000076970000-0x00000000803fffff] reserved
[    0.000000] reserve setup_data: [mem 0x00000000ff010000-0x00000000ff04ffff] reserved
[    0.000000] reserve setup_data: [mem 0x0000000100000000-0x000000187d65efff] usable
[    0.000000] reserve setup_data: [mem 0x000000187d65f000-0x000000187d65ffff] reserved
[    0.000000] reserve setup_data: [mem 0x000000187d660000-0x000000187d661fff] ACPI data
[    0.000000] reserve setup_data: [mem 0x000000187d662000-0x000000187d662017] usable
[    0.000000] reserve setup_data: [mem 0x000000187d662018-0x000000187d686e57] usable
[    0.000000] reserve setup_data: [mem 0x000000187d686e58-0x000000187e66ffff] usable
[    0.000000] reserve setup_data: [mem 0x000000187e670000-0x000000187e670fff] ACPI data
[    0.000000] reserve setup_data: [mem 0x000000187e671000-0x000000187f409fff] usable
[    0.000000] reserve setup_data: [mem 0x000000187f40a000-0x000000187f40bfff] reserved
[    0.000000] reserve setup_data: [mem 0x000000187f40c000-0x000000187f4f4fff] usable
[    0.000000] reserve setup_data: [mem 0x000000187f4f5000-0x000000187f4fcfff] ACPI NVS
[    0.000000] reserve setup_data: [mem 0x000000187f4fd000-0x000000187f5d7fff] usable
[    0.000000] reserve setup_data: [mem 0x000000187f5d8000-0x000000187f5dbfff] reserved
[    0.000000] reserve setup_data: [mem 0x000000187f5dc000-0x000000187f5eafff] usable
[    0.000000] reserve setup_data: [mem 0x000000187f5eb000-0x000000187f5f3fff] reserved
[    0.000000] reserve setup_data: [mem 0x000000187f5f4000-0x000000187f5f8fff] usable
[    0.000000] reserve setup_data: [mem 0x000000187f5f9000-0x000000187f718fff] reserved
[    0.000000] reserve setup_data: [mem 0x000000187f719000-0x000000187f728fff] usable
[    0.000000] reserve setup_data: [mem 0x000000187f729000-0x000000187f72bfff] reserved
[    0.000000] reserve setup_data: [mem 0x000000187f72c000-0x000000187f72cfff] usable
[    0.000000] reserve setup_data: [mem 0x000000187f72d000-0x000000187f72dfff] reserved
[    0.000000] reserve setup_data: [mem 0x000000187f72e000-0x000000187f733fff] usable
[    0.000000] reserve setup_data: [mem 0x000000187f734000-0x000000187f73cfff] reserved
[    0.000000] reserve setup_data: [mem 0x000000187f73d000-0x000000187f753fff] usable
[    0.000000] reserve setup_data: [mem 0x000000187f754000-0x000000187f757fff] reserved
[    0.000000] reserve setup_data: [mem 0x000000187f758000-0x000000187f75cfff] usable
[    0.000000] reserve setup_data: [mem 0x000000187f75d000-0x000000187f78ffff] reserved
[    0.000000] reserve setup_data: [mem 0x000000187f790000-0x000000187f7a4fff] usable
[    0.000000] reserve setup_data: [mem 0x000000187f7a5000-0x000000187f7aefff] reserved
[    0.000000] reserve setup_data: [mem 0x000000187f7af000-0x000000187f7affff] usable
[    0.000000] reserve setup_data: [mem 0x000000187f7b0000-0x000000187f7b9fff] reserved
[    0.000000] reserve setup_data: [mem 0x000000187f7ba000-0x000000187f7bcfff] usable
[    0.000000] reserve setup_data: [mem 0x000000187f7bd000-0x000000187f7befff] reserved
[    0.000000] reserve setup_data: [mem 0x000000187f7bf000-0x000000187f7cdfff] usable
[    0.000000] reserve setup_data: [mem 0x000000187f7ce000-0x000000187f7cefff] reserved
[    0.000000] reserve setup_data: [mem 0x000000187f7cf000-0x000000187f7d3fff] usable
[    0.000000] reserve setup_data: [mem 0x000000187f7d4000-0x000000187f7d4fff] reserved
[    0.000000] reserve setup_data: [mem 0x000000187f7d5000-0x000000187fbfffff] usable
[    0.000000] efi: EFI v2.7 by EDK II
[    0.000000] efi: SMBIOS=0x7696b000 SMBIOS 3.0=0x187f7d4000 ACPI=0x76965000 ACPI 2.0=0x76965014 TPMFinalLog=0x187f4f5000 MEMATTR=0x187e5d1118 RNG=0x187e670e18 INITRD=0x187e5a9d98 TPMEventLog=0x187d687018 
[    0.000000] random: crng init done
[    0.000000] efi: Remove mem137: MMIO range=[0xff010000-0xff04ffff] (0MB) from e820 map
[    0.000000] e820: remove [mem 0xff010000-0xff04ffff] reserved
[    0.000000] SMBIOS 3.3.0 present.
[    0.000000] DMI: System76 Bonobo WS/Bonobo WS, BIOS 2023-10-20_2e4e34b 10/20/2023
[    0.000000] tsc: Detected 2400.000 MHz processor
[    0.000000] tsc: Detected 2419.200 MHz TSC
[    0.000008] e820: update [mem 0x00000000-0x00000fff] usable ==> reserved
[    0.000011] e820: remove [mem 0x000a0000-0x000fffff] usable
[    0.000039] last_pfn = 0x187fc00 max_arch_pfn = 0x400000000
[    0.000047] total RAM covered: 98156M
[    0.000193] Found optimal setting for mtrr clean up
[    0.000193]  gran_size: 64K 	chunk_size: 256M 	num_reg: 10  	lose cover RAM: 0G
[    0.000199] MTRR map: 7 entries (3 fixed + 4 variable; max 23), built from 10 variable MTRRs
[    0.000202] x86/PAT: Configuration [0-7]: WB  WC  UC- UC  WB  WP  UC- WT  
[    0.000775] e820: update [mem 0x77000000-0xffffffff] usable ==> reserved
[    0.000781] last_pfn = 0x76970 max_arch_pfn = 0x400000000
[    0.010324] Using GB pages for direct mapping
[    0.011256] Secure boot disabled
[    0.011257] RAMDISK: [mem 0x187adc0000-0x187bcdffff]
[    0.011374] ACPI: Early table checksum verification disabled
[    0.011378] ACPI: RSDP 0x0000000076965014 000024 (v02 COREv4)
[    0.011384] ACPI: XSDT 0x000000187E670F18 00006C (v01 COREv4 COREBOOT 00000000      01000013)
[    0.011392] ACPI: FACP 0x0000000076963000 000114 (v06 COREv4 COREBOOT 00000000 CORE 20221020)
[    0.011400] ACPI: DSDT 0x000000007695E000 004C93 (v02 COREv4 COREBOOT 20110725 INTL 20221020)
[    0.011405] ACPI: FACS 0x000000007698D240 000040
[    0.011408] ACPI: SSDT 0x0000000076957000 00641C (v02 COREv4 COREBOOT 0000002A CORE 20221020)
[    0.011413] ACPI: MCFG 0x0000000076956000 00003C (v01 COREv4 COREBOOT 00000000 CORE 20221020)
[    0.011417] ACPI: TPM2 0x0000000076955000 00004C (v04 COREv4 COREBOOT 00000000 CORE 20221020)
[    0.011421] ACPI: LPIT 0x0000000076954000 000094 (v00 COREv4 COREBOOT 0000002A CORE 20221020)
[    0.011425] ACPI: APIC 0x0000000076953000 000152 (v03 COREv4 COREBOOT 00000000 CORE 20221020)
[    0.011429] ACPI: DMAR 0x0000000076952000 000088 (v01 COREv4 COREBOOT 00000000 CORE 20221020)
[    0.011434] ACPI: HPET 0x0000000076951000 000038 (v01 COREv4 COREBOOT 00000000 CORE 20221020)
[    0.011437] ACPI: BGRT 0x000000187E670018 000038 (v00 INTEL      EDK2 00001720 PTL  00000002)
[    0.011440] ACPI: Reserving FACP table memory at [mem 0x76963000-0x76963113]
[    0.011442] ACPI: Reserving DSDT table memory at [mem 0x7695e000-0x76962c92]
[    0.011443] ACPI: Reserving FACS table memory at [mem 0x7698d240-0x7698d27f]
[    0.011444] ACPI: Reserving SSDT table memory at [mem 0x76957000-0x7695d41b]
[    0.011445] ACPI: Reserving MCFG table memory at [mem 0x76956000-0x7695603b]
[    0.011446] ACPI: Reserving TPM2 table memory at [mem 0x76955000-0x7695504b]
[    0.011447] ACPI: Reserving LPIT table memory at [mem 0x76954000-0x76954093]
[    0.011448] ACPI: Reserving APIC table memory at [mem 0x76953000-0x76953151]
[    0.011449] ACPI: Reserving DMAR table memory at [mem 0x76952000-0x76952087]
[    0.011450] ACPI: Reserving HPET table memory at [mem 0x76951000-0x76951037]
[    0.011451] ACPI: Reserving BGRT table memory at [mem 0x187e670018-0x187e67004f]
[    0.011601] No NUMA configuration found
[    0.011601] Faking a node at [mem 0x0000000000000000-0x000000187fbfffff]
[    0.011606] NODE_DATA(0) allocated [mem 0x187e66b000-0x187e66ffff]
[    0.011731] Zone ranges:
[    0.011731]   DMA      [mem 0x0000000000001000-0x0000000000ffffff]
[    0.011734]   DMA32    [mem 0x0000000001000000-0x00000000ffffffff]
[    0.011736]   Normal   [mem 0x0000000100000000-0x000000187fbfffff]
[    0.011738]   Device   empty
[    0.011739] Movable zone start for each node
[    0.011740] Early memory node ranges
[    0.011740]   node   0: [mem 0x0000000000001000-0x000000000009ffff]
[    0.011742]   node   0: [mem 0x0000000000100000-0x0000000076950fff]
[    0.011743]   node   0: [mem 0x0000000076968000-0x0000000076968fff]
[    0.011745]   node   0: [mem 0x000000007696c000-0x000000007696dfff]
[    0.011745]   node   0: [mem 0x000000007696f000-0x000000007696ffff]
[    0.011746]   node   0: [mem 0x0000000100000000-0x000000187d65efff]
[    0.011753]   node   0: [mem 0x000000187d662000-0x000000187e66ffff]
[    0.011754]   node   0: [mem 0x000000187e671000-0x000000187f409fff]
[    0.011755]   node   0: [mem 0x000000187f40c000-0x000000187f4f4fff]
[    0.011756]   node   0: [mem 0x000000187f4fd000-0x000000187f5d7fff]
[    0.011757]   node   0: [mem 0x000000187f5dc000-0x000000187f5eafff]
[    0.011758]   node   0: [mem 0x000000187f5f4000-0x000000187f5f8fff]
[    0.011759]   node   0: [mem 0x000000187f719000-0x000000187f728fff]
[    0.011760]   node   0: [mem 0x000000187f72c000-0x000000187f72cfff]
[    0.011760]   node   0: [mem 0x000000187f72e000-0x000000187f733fff]
[    0.011761]   node   0: [mem 0x000000187f73d000-0x000000187f753fff]
[    0.011762]   node   0: [mem 0x000000187f758000-0x000000187f75cfff]
[    0.011763]   node   0: [mem 0x000000187f790000-0x000000187f7a4fff]
[    0.011764]   node   0: [mem 0x000000187f7af000-0x000000187f7affff]
[    0.011765]   node   0: [mem 0x000000187f7ba000-0x000000187f7bcfff]
[    0.011766]   node   0: [mem 0x000000187f7bf000-0x000000187f7cdfff]
[    0.011767]   node   0: [mem 0x000000187f7cf000-0x000000187f7d3fff]
[    0.011767]   node   0: [mem 0x000000187f7d5000-0x000000187fbfffff]
[    0.011769] Initmem setup node 0 [mem 0x0000000000001000-0x000000187fbfffff]
[    0.011775] On node 0, zone DMA: 1 pages in unavailable ranges
[    0.011805] On node 0, zone DMA: 96 pages in unavailable ranges
[    0.015193] On node 0, zone DMA32: 23 pages in unavailable ranges
[    0.015195] On node 0, zone DMA32: 3 pages in unavailable ranges
[    0.015196] On node 0, zone DMA32: 1 pages in unavailable ranges
[    0.192760] On node 0, zone Normal: 5776 pages in unavailable ranges
[    0.192791] On node 0, zone Normal: 3 pages in unavailable ranges
[    0.192816] On node 0, zone Normal: 1 pages in unavailable ranges
[    0.192818] On node 0, zone Normal: 2 pages in unavailable ranges
[    0.192821] On node 0, zone Normal: 8 pages in unavailable ranges
[    0.192822] On node 0, zone Normal: 4 pages in unavailable ranges
[    0.192823] On node 0, zone Normal: 9 pages in unavailable ranges
[    0.192826] On node 0, zone Normal: 288 pages in unavailable ranges
[    0.192827] On node 0, zone Normal: 3 pages in unavailable ranges
[    0.192828] On node 0, zone Normal: 1 pages in unavailable ranges
[    0.192829] On node 0, zone Normal: 9 pages in unavailable ranges
[    0.192830] On node 0, zone Normal: 4 pages in unavailable ranges
[    0.192832] On node 0, zone Normal: 51 pages in unavailable ranges
[    0.192833] On node 0, zone Normal: 10 pages in unavailable ranges
[    0.192834] On node 0, zone Normal: 10 pages in unavailable ranges
[    0.192835] On node 0, zone Normal: 2 pages in unavailable ranges
[    0.192835] On node 0, zone Normal: 1 pages in unavailable ranges
[    0.192844] On node 0, zone Normal: 1 pages in unavailable ranges
[    0.192854] On node 0, zone Normal: 1024 pages in unavailable ranges
[    0.193788] Reserving Intel graphics memory at [mem 0x7c800000-0x803fffff]
[    0.194755] ACPI: PM-Timer IO Port: 0x1808
[    0.194769] ACPI: LAPIC_NMI (acpi_id[0xff] high edge lint[0x1])
[    0.194812] IOAPIC[0]: apic_id 2, version 32, address 0xfec00000, GSI 0-119
[    0.194815] ACPI: INT_SRC_OVR (bus 0 bus_irq 0 global_irq 2 dfl dfl)
[    0.194818] ACPI: INT_SRC_OVR (bus 0 bus_irq 9 global_irq 9 high level)
[    0.194823] ACPI: Using ACPI (MADT) for SMP configuration information
[    0.194824] ACPI: HPET id: 0x8086a701 base: 0xfed00000
[    0.194836] e820: update [mem 0x187e5d2000-0x187e620fff] usable ==> reserved
[    0.194867] TSC deadline timer available
[    0.194871] CPU topo: Max. logical packages:   1
[    0.194872] CPU topo: Max. logical dies:       1
[    0.194873] CPU topo: Max. dies per package:   1
[    0.194877] CPU topo: Max. threads per core:   2
[    0.194878] CPU topo: Num. cores per package:    24
[    0.194879] CPU topo: Num. threads per package:  32
[    0.194880] CPU topo: Allowing 32 present CPUs plus 0 hotplug CPUs
[    0.194942] PM: hibernation: Registered nosave memory: [mem 0x00000000-0x00000fff]
[    0.194946] PM: hibernation: Registered nosave memory: [mem 0x000a0000-0x000fffff]
[    0.194948] PM: hibernation: Registered nosave memory: [mem 0x76951000-0x76965fff]
[    0.194949] PM: hibernation: Registered nosave memory: [mem 0x76966000-0x76967fff]
[    0.194952] PM: hibernation: Registered nosave memory: [mem 0x76969000-0x7696bfff]
[    0.194954] PM: hibernation: Registered nosave memory: [mem 0x7696e000-0x7696efff]
[    0.194957] PM: hibernation: Registered nosave memory: [mem 0x76970000-0x803fffff]
[    0.194958] PM: hibernation: Registered nosave memory: [mem 0x80400000-0xffffffff]
[    0.194960] PM: hibernation: Registered nosave memory: [mem 0x187d65f000-0x187d65ffff]
[    0.194961] PM: hibernation: Registered nosave memory: [mem 0x187d660000-0x187d661fff]
[    0.194962] PM: hibernation: Registered nosave memory: [mem 0x187d662000-0x187d662fff]
[    0.194965] PM: hibernation: Registered nosave memory: [mem 0x187d686000-0x187d686fff]
[    0.194967] PM: hibernation: Registered nosave memory: [mem 0x187e5d2000-0x187e620fff]
[    0.194970] PM: hibernation: Registered nosave memory: [mem 0x187e670000-0x187e670fff]
[    0.194972] PM: hibernation: Registered nosave memory: [mem 0x187f40a000-0x187f40bfff]
[    0.194975] PM: hibernation: Registered nosave memory: [mem 0x187f4f5000-0x187f4fcfff]
[    0.194977] PM: hibernation: Registered nosave memory: [mem 0x187f5d8000-0x187f5dbfff]
[    0.194980] PM: hibernation: Registered nosave memory: [mem 0x187f5eb000-0x187f5f3fff]
[    0.194983] PM: hibernation: Registered nosave memory: [mem 0x187f5f9000-0x187f718fff]
[    0.194985] PM: hibernation: Registered nosave memory: [mem 0x187f729000-0x187f72bfff]
[    0.194988] PM: hibernation: Registered nosave memory: [mem 0x187f72d000-0x187f72dfff]
[    0.194991] PM: hibernation: Registered nosave memory: [mem 0x187f734000-0x187f73cfff]
[    0.194993] PM: hibernation: Registered nosave memory: [mem 0x187f754000-0x187f757fff]
[    0.194996] PM: hibernation: Registered nosave memory: [mem 0x187f75d000-0x187f78ffff]
[    0.194999] PM: hibernation: Registered nosave memory: [mem 0x187f7a5000-0x187f7aefff]
[    0.195001] PM: hibernation: Registered nosave memory: [mem 0x187f7b0000-0x187f7b9fff]
[    0.195004] PM: hibernation: Registered nosave memory: [mem 0x187f7bd000-0x187f7befff]
[    0.195007] PM: hibernation: Registered nosave memory: [mem 0x187f7ce000-0x187f7cefff]
[    0.195010] PM: hibernation: Registered nosave memory: [mem 0x187f7d4000-0x187f7d4fff]
[    0.195012] [mem 0x80400000-0xffffffff] available for PCI devices
[    0.195014] Booting paravirtualized kernel on bare hardware
[    0.195016] clocksource: refined-jiffies: mask: 0xffffffff max_cycles: 0xffffffff, max_idle_ns: 6370452778343963 ns
[    0.203687] setup_percpu: NR_CPUS:320 nr_cpumask_bits:32 nr_cpu_ids:32 nr_node_ids:1
[    0.205757] percpu: Embedded 66 pages/cpu s233472 r8192 d28672 u524288
[    0.205769] pcpu-alloc: s233472 r8192 d28672 u524288 alloc=1*2097152
[    0.205772] pcpu-alloc: [0] 00 01 02 03 [0] 04 05 06 07 
[    0.205779] pcpu-alloc: [0] 08 09 10 11 [0] 12 13 14 15 
[    0.205784] pcpu-alloc: [0] 16 17 18 19 [0] 20 21 22 23 
[    0.205790] pcpu-alloc: [0] 24 25 26 27 [0] 28 29 30 31 
[    0.205822] Kernel command line: initrd=\initramfs-linux.img cryptdevice=PARTUUID=a9ac7b60-ac53-4cf0-8643-bf211e3a76b8:root root=/dev/mapper/root zswap.enabled=0 rootflags=subvol=@ rw rootfstype=btrfs
[    0.205886] Unknown kernel command line parameters "cryptdevice=PARTUUID=a9ac7b60-ac53-4cf0-8643-bf211e3a76b8:root", will be passed to user space.
[    0.205898] printk: log_buf_len individual max cpu contribution: 4096 bytes
[    0.205899] printk: log_buf_len total cpu_extra contributions: 126976 bytes
[    0.205900] printk: log_buf_len min size: 131072 bytes
[    0.206122] printk: log_buf_len: 262144 bytes
[    0.206123] printk: early log buf free: 111064(84%)
[    0.212179] Dentry cache hash table entries: 8388608 (order: 14, 67108864 bytes, linear)
[    0.215194] Inode-cache hash table entries: 4194304 (order: 13, 33554432 bytes, linear)
[    0.215738] Fallback order for Node 0: 0 
[    0.215744] Built 1 zonelists, mobility grouping on.  Total pages: 24730920
[    0.215745] Policy zone: Normal
[    0.215976] mem auto-init: stack:all(zero), heap alloc:on, heap free:off
[    0.215986] software IO TLB: area num 32.
[    0.406728] Memory: 98657588K/100502900K available (18432K kernel code, 2165K rwdata, 13260K rodata, 3420K init, 3600K bss, 1845052K reserved, 0K cma-reserved)
[    0.407096] SLUB: HWalign=64, Order=0-3, MinObjects=0, CPUs=32, Nodes=1
[    0.407172] ftrace: allocating 50028 entries in 196 pages
[    0.416155] ftrace: allocated 196 pages with 3 groups
[    0.416260] Dynamic Preempt: full
[    0.416414] rcu: Preemptible hierarchical RCU implementation.
[    0.416416] rcu: 	RCU restricting CPUs from NR_CPUS=320 to nr_cpu_ids=32.
[    0.416417] rcu: 	RCU priority boosting: priority 1 delay 500 ms.
[    0.416419] 	Trampoline variant of Tasks RCU enabled.
[    0.416420] 	Rude variant of Tasks RCU enabled.
[    0.416421] 	Tracing variant of Tasks RCU enabled.
[    0.416422] rcu: RCU calculated value of scheduler-enlistment delay is 30 jiffies.
[    0.416423] rcu: Adjusting geometry for rcu_fanout_leaf=16, nr_cpu_ids=32
[    0.416441] RCU Tasks: Setting shift to 5 and lim to 1 rcu_task_cb_adjust=1.
[    0.416444] RCU Tasks Rude: Setting shift to 5 and lim to 1 rcu_task_cb_adjust=1.
[    0.416447] RCU Tasks Trace: Setting shift to 5 and lim to 1 rcu_task_cb_adjust=1.
[    0.421628] NR_IRQS: 20736, nr_irqs: 2312, preallocated irqs: 16
[    0.422001] rcu: srcu_init: Setting srcu_struct sizes based on contention.
[    0.422327] kfence: initialized - using 2097152 bytes for 255 objects at 0x(____ptrval____)-0x(____ptrval____)
[    0.422417] spurious 8259A interrupt: IRQ7.
[    0.422463] Console: colour dummy device 80x25
[    0.422466] printk: legacy console [tty0] enabled
[    0.422540] ACPI: Core revision 20230628
[    0.422617] hpet: HPET dysfunctional in PC10. Force disabled.
[    0.422618] APIC: Switch to symmetric I/O mode setup
[    0.422621] DMAR: Host address width 39
[    0.422622] DMAR: DRHD base: 0x000000fed90000 flags: 0x0
[    0.422628] DMAR: dmar0: reg_base_addr fed90000 ver 4:0 cap 1c0000c40660462 ecap 29a00f0505e
[    0.422631] DMAR: DRHD base: 0x000000fed91000 flags: 0x1
[    0.422637] DMAR: dmar1: reg_base_addr fed91000 ver 5:0 cap d2008c40660462 ecap f050da
[    0.422639] DMAR: RMRR base: 0x0000007c000000 end: 0x000000803fffff
[    0.422642] DMAR-IR: IOAPIC id 2 under DRHD base  0xfed91000 IOMMU 1
[    0.422644] DMAR-IR: HPET id 0 under DRHD base 0xfed91000
[    0.422645] DMAR-IR: Queued invalidation will be enabled to support x2apic and Intr-remapping.
[    0.424605] DMAR-IR: Enabled IRQ remapping in x2apic mode
[    0.424608] x2apic enabled
[    0.424670] APIC: Switched APIC routing to: cluster x2apic
[    0.429740] clocksource: tsc-early: mask: 0xffffffffffffffff max_cycles: 0x22df1149949, max_idle_ns: 440795312789 ns
[    0.429748] Calibrating delay loop (skipped), value calculated using timer frequency.. 4840.00 BogoMIPS (lpj=8064000)
[    0.429823] CPU0: Thermal monitoring enabled (TM1)
[    0.429826] x86/cpu: User Mode Instruction Prevention (UMIP) activated
[    0.429989] CET detected: Indirect Branch Tracking enabled
[    0.429991] Last level iTLB entries: 4KB 0, 2MB 0, 4MB 0
[    0.429993] Last level dTLB entries: 4KB 0, 2MB 0, 4MB 0, 1GB 0
[    0.429996] process: using mwait in idle threads
[    0.429999] Spectre V1 : Mitigation: usercopy/swapgs barriers and __user pointer sanitization
[    0.430002] Spectre V2 : Mitigation: Enhanced / Automatic IBRS
[    0.430003] Spectre V2 : Spectre v2 / SpectreRSB mitigation: Filling RSB on context switch
[    0.430004] Spectre V2 : Spectre v2 / PBRSB-eIBRS: Retire a single CALL on VMEXIT
[    0.430006] Spectre V2 : mitigation: Enabling conditional Indirect Branch Prediction Barrier
[    0.430008] Speculative Store Bypass: Mitigation: Speculative Store Bypass disabled via prctl
[    0.430009] Register File Data Sampling: Mitigation: Clear Register File
[    0.430022] x86/fpu: Supporting XSAVE feature 0x001: 'x87 floating point registers'
[    0.430024] x86/fpu: Supporting XSAVE feature 0x002: 'SSE registers'
[    0.430025] x86/fpu: Supporting XSAVE feature 0x004: 'AVX registers'
[    0.430026] x86/fpu: Supporting XSAVE feature 0x200: 'Protection Keys User registers'
[    0.430027] x86/fpu: Supporting XSAVE feature 0x800: 'Control-flow User registers'
[    0.430028] x86/fpu: xstate_offset[2]:  576, xstate_sizes[2]:  256
[    0.430030] x86/fpu: xstate_offset[9]:  832, xstate_sizes[9]:    8
[    0.430031] x86/fpu: xstate_offset[11]:  840, xstate_sizes[11]:   16
[    0.430033] x86/fpu: Enabled xstate features 0xa07, context size is 856 bytes, using 'compacted' format.
[    0.433078] Freeing SMP alternatives memory: 40K
[    0.433078] pid_max: default: 32768 minimum: 301
[    0.433078] LSM: initializing lsm=capability,landlock,lockdown,yama,bpf
[    0.433078] landlock: Up and running.
[    0.433078] Yama: becoming mindful.
[    0.433078] LSM support for eBPF active
[    0.433078] Mount-cache hash table entries: 131072 (order: 8, 1048576 bytes, linear)
[    0.433078] Mountpoint-cache hash table entries: 131072 (order: 8, 1048576 bytes, linear)
[    0.433078] smpboot: CPU0: Intel(R) Core(TM) i9-14900HX (family: 0x6, model: 0xb7, stepping: 0x1)
[    0.433078] Performance Events: XSAVE Architectural LBR, PEBS fmt4+-baseline,  AnyThread deprecated, Alderlake Hybrid events, 32-deep LBR, full-width counters, Intel PMU driver.
[    0.433078] core: cpu_core PMU driver: 
[    0.433078] ... version:                5
[    0.433078] ... bit width:              48
[    0.433078] ... generic registers:      8
[    0.433078] ... value mask:             0000ffffffffffff
[    0.433078] ... max period:             00007fffffffffff
[    0.433078] ... fixed-purpose events:   4
[    0.433078] ... event mask:             0001000f000000ff
[    0.433078] signal: max sigframe size: 3632
[    0.433078] Estimated ratio of average max frequency by base frequency (times 1024): 2218
[    0.433078] rcu: Hierarchical SRCU implementation.
[    0.433078] rcu: 	Max phase no-delay instances is 1000.
[    0.433078] NMI watchdog: Enabled. Permanently consumes one hw-PMU counter.
[    0.433078] smp: Bringing up secondary CPUs ...
[    0.433078] smpboot: x86: Booting SMP configuration:
[    0.433078] .... node  #0, CPUs:        #2  #4  #6  #8 #10 #12 #14 #16 #17 #18 #19 #20 #21 #22 #23 #24 #25 #26 #27 #28 #29 #30 #31
[    0.010910] core: cpu_atom PMU driver: PEBS-via-PT 
[    0.010910] ... version:                5
[    0.010910] ... bit width:              48
[    0.010910] ... generic registers:      6
[    0.010910] ... value mask:             0000ffffffffffff
[    0.010910] ... max period:             00007fffffffffff
[    0.010910] ... fixed-purpose events:   3
[    0.010910] ... event mask:             000000070000003f
[    0.469867]   #1  #3  #5  #7  #9 #11 #13 #15
[    0.479841] smp: Brought up 1 node, 32 CPUs
[    0.479841] smpboot: Total of 32 processors activated (154890.00 BogoMIPS)
[    0.486063] devtmpfs: initialized
[    0.486063] x86/mm: Memory block size: 2048MB
[    0.487423] ACPI: PM: Registering ACPI NVS region [mem 0x187f4f5000-0x187f4fcfff] (32768 bytes)
[    0.487423] clocksource: jiffies: mask: 0xffffffff max_cycles: 0xffffffff, max_idle_ns: 6370867519511994 ns
[    0.487423] futex hash table entries: 8192 (order: 7, 524288 bytes, linear)
[    0.487423] pinctrl core: initialized pinctrl subsystem
[    0.487423] PM: RTC time: 13:48:22, date: 2024-07-11
[    0.487423] NET: Registered PF_NETLINK/PF_ROUTE protocol family
[    0.487931] DMA: preallocated 4096 KiB GFP_KERNEL pool for atomic allocations
[    0.488309] DMA: preallocated 4096 KiB GFP_KERNEL|GFP_DMA pool for atomic allocations
[    0.488681] DMA: preallocated 4096 KiB GFP_KERNEL|GFP_DMA32 pool for atomic allocations
[    0.488689] audit: initializing netlink subsys (disabled)
[    0.489767] audit: type=2000 audit(1720705702.059:1): state=initialized audit_enabled=0 res=1
[    0.489857] thermal_sys: Registered thermal governor 'fair_share'
[    0.489859] thermal_sys: Registered thermal governor 'bang_bang'
[    0.489860] thermal_sys: Registered thermal governor 'step_wise'
[    0.489861] thermal_sys: Registered thermal governor 'user_space'
[    0.489861] thermal_sys: Registered thermal governor 'power_allocator'
[    0.489869] cpuidle: using governor ladder
[    0.489869] cpuidle: using governor menu
[    0.489869] acpiphp: ACPI Hot Plug PCI Controller Driver version: 0.5
[    0.489895] PCI: ECAM [mem 0xc0000000-0xcfffffff] (base 0xc0000000) for domain 0000 [bus 00-ff]
[    0.489909] PCI: Using configuration type 1 for base access
[    0.489987] kprobes: kprobe jump-optimization is enabled. All kprobes are optimized if possible.
[    0.493121] HugeTLB: registered 1.00 GiB page size, pre-allocated 0 pages
[    0.493124] HugeTLB: 16380 KiB vmemmap can be freed for a 1.00 GiB page
[    0.493127] HugeTLB: registered 2.00 MiB page size, pre-allocated 0 pages
[    0.493129] HugeTLB: 28 KiB vmemmap can be freed for a 2.00 MiB page
[    0.493206] Demotion targets for Node 0: null
[    0.493219] ACPI: Added _OSI(Module Device)
[    0.493221] ACPI: Added _OSI(Processor Device)
[    0.493223] ACPI: Added _OSI(3.0 _SCP Extensions)
[    0.493224] ACPI: Added _OSI(Processor Aggregator Device)
[    0.498576] ACPI: 2 ACPI AML tables successfully acquired and loaded
[    0.506492] ACPI: _OSC evaluation for CPUs failed, trying _PDC
[    0.506717] ACPI: EC: EC started
[    0.506718] ACPI: EC: interrupt blocked
[    0.626497] ACPI: EC: EC_CMD/EC_SC=0x66, EC_DATA=0x62
[    0.626500] ACPI: \_SB_.PCI0.LPCB.EC0_: Boot DSDT EC used to handle transactions
[    0.626502] ACPI: Interpreter enabled
[    0.626514] ACPI: PM: (supports S0 S3 S4 S5)
[    0.626515] ACPI: Using IOAPIC for interrupt routing
[    0.626729] PCI: Using host bridge windows from ACPI; if necessary, use "pci=nocrs" and report a bug
[    0.626730] PCI: Ignoring E820 reservations for host bridge windows
[    0.628628] ACPI: \_SB_.PCI0.PEG2.PWRR: New power resource
[    0.666484] ACPI: \_SB_.PCI0.PEG2.DEV0.PWRR: New power resource
[    0.678066] ACPI: PCI Root Bridge [PCI0] (domain 0000 [bus 00-ff])
[    0.678074] acpi PNP0A08:00: _OSC: OS supports [ExtendedConfig ASPM ClockPM Segments MSI EDR HPX-Type3]
[    0.678105] acpi PNP0A08:00: _OSC: OS now controls [PCIeHotplug SHPCHotplug PME AER PCIeCapability LTR DPC]
[    0.679272] PCI host bridge to bus 0000:00
[    0.679275] pci_bus 0000:00: root bus resource [io  0x0000-0x0cf7 window]
[    0.679278] pci_bus 0000:00: root bus resource [io  0x0d00-0xffff window]
[    0.679281] pci_bus 0000:00: root bus resource [mem 0x000a0000-0x000fffff window]
[    0.679283] pci_bus 0000:00: root bus resource [mem 0x80400000-0xdfffffff window]
[    0.679285] pci_bus 0000:00: root bus resource [mem 0x187fc00000-0x7fffffffff window]
[    0.679287] pci_bus 0000:00: root bus resource [mem 0xe0000000-0xfe7fffff window]
[    0.679288] pci_bus 0000:00: root bus resource [mem 0xfed40000-0xfed47fff window]
[    0.679290] pci_bus 0000:00: root bus resource [bus 00-ff]
[    0.679329] pci 0000:00:00.0: [8086:a702] type 00 class 0x060000 conventional PCI endpoint
[    0.679464] pci 0000:00:01.0: [8086:a70d] type 01 class 0x060400 PCIe Root Port
[    0.679481] pci 0000:00:01.0: PCI bridge to [bus 01]
[    0.679486] pci 0000:00:01.0:   bridge window [mem 0x80600000-0x806fffff]
[    0.679535] pci 0000:00:01.0: PME# supported from D0 D3hot D3cold
[    0.679557] pci 0000:00:01.0: PTM enabled (root), 4ns granularity
[    0.679664] pci 0000:00:01.1: [8086:a72d] type 01 class 0x060400 PCIe Root Port
[    0.679681] pci 0000:00:01.1: PCI bridge to [bus 02]
[    0.679685] pci 0000:00:01.1:   bridge window [io  0x6000-0x6fff]
[    0.679688] pci 0000:00:01.1:   bridge window [mem 0x81000000-0x820fffff]
[    0.679693] pci 0000:00:01.1:   bridge window [mem 0x1c00000000-0x2001ffffff 64bit pref]
[    0.679737] pci 0000:00:01.1: PME# supported from D0 D3hot D3cold
[    0.679759] pci 0000:00:01.1: PTM enabled (root), 4ns granularity
[    0.679884] pci 0000:00:02.0: [8086:a788] type 00 class 0x030000 PCIe Root Complex Integrated Endpoint
[    0.679894] pci 0000:00:02.0: BAR 0 [mem 0x83000000-0x83ffffff 64bit]
[    0.679900] pci 0000:00:02.0: BAR 2 [mem 0x90000000-0x9fffffff 64bit pref]
[    0.679905] pci 0000:00:02.0: BAR 4 [io  0x1000-0x103f]
[    0.679923] pci 0000:00:02.0: DMAR: Skip IOMMU disabling for graphics
[    0.679926] pci 0000:00:02.0: Video device with shadowed ROM at [mem 0x000c0000-0x000dffff]
[    0.679954] pci 0000:00:02.0: VF BAR 0 [mem 0x00000000-0x00ffffff 64bit]
[    0.679956] pci 0000:00:02.0: VF BAR 0 [mem 0x00000000-0x06ffffff 64bit]: contains BAR 0 for 7 VFs
[    0.679961] pci 0000:00:02.0: VF BAR 2 [mem 0x00000000-0x1fffffff 64bit pref]
[    0.679963] pci 0000:00:02.0: VF BAR 2 [mem 0x00000000-0xdfffffff 64bit pref]: contains BAR 2 for 7 VFs
[    0.680078] pci 0000:00:0a.0: [8086:a77d] type 00 class 0x118000 PCIe Root Complex Integrated Endpoint
[    0.680088] pci 0000:00:0a.0: BAR 0 [mem 0x80810000-0x80817fff 64bit]
[    0.680110] pci 0000:00:0a.0: enabling Extended Tags
[    0.680237] pci 0000:00:14.0: [8086:7a60] type 00 class 0x0c0330 conventional PCI endpoint
[    0.680259] pci 0000:00:14.0: BAR 0 [mem 0x80800000-0x8080ffff 64bit]
[    0.680342] pci 0000:00:14.0: PME# supported from D3hot D3cold
[    0.680481] pci 0000:00:14.2: [8086:7a27] type 00 class 0x050000 conventional PCI endpoint
[    0.680506] pci 0000:00:14.2: BAR 0 [mem 0xfe010000-0xfe013fff 64bit]
[    0.680523] pci 0000:00:14.2: BAR 2 [mem 0x80824000-0x80824fff 64bit]
[    0.680710] pci 0000:00:14.3: [8086:7a70] type 00 class 0x028000 PCIe Root Complex Integrated Endpoint
[    0.680758] pci 0000:00:14.3: BAR 0 [mem 0x8081c000-0x8081ffff 64bit]
[    0.680928] pci 0000:00:14.3: PME# supported from D0 D3hot D3cold
[    0.681187] pci 0000:00:15.0: [8086:7a4c] type 00 class 0x0c8000 conventional PCI endpoint
[    0.681224] pci 0000:00:15.0: BAR 0 [mem 0x80825000-0x80825fff 64bit]
[    0.681448] pci 0000:00:15.1: [8086:7a4d] type 00 class 0x0c8000 conventional PCI endpoint
[    0.681479] pci 0000:00:15.1: BAR 0 [mem 0x80826000-0x80826fff 64bit]
[    0.681741] pci 0000:00:1c.0: [8086:7a3e] type 01 class 0x060400 PCIe Root Port
[    0.681774] pci 0000:00:1c.0: PCI bridge to [bus 03]
[    0.681781] pci 0000:00:1c.0:   bridge window [mem 0x80400000-0x805fffff]
[    0.681876] pci 0000:00:1c.0: PME# supported from D0 D3hot D3cold
[    0.681921] pci 0000:00:1c.0: PTM enabled (root), 4ns granularity
[    0.682122] pci 0000:00:1d.0: [8086:7a30] type 01 class 0x060400 PCIe Root Port
[    0.682153] pci 0000:00:1d.0: PCI bridge to [bus 04-49]
[    0.682158] pci 0000:00:1d.0:   bridge window [io  0x2000-0x5fff]
[    0.682162] pci 0000:00:1d.0:   bridge window [mem 0x84000000-0x880fffff]
[    0.682172] pci 0000:00:1d.0:   bridge window [mem 0x187fc00000-0x18bfcfffff 64bit pref]
[    0.682260] pci 0000:00:1d.0: PME# supported from D0 D3hot D3cold
[    0.682309] pci 0000:00:1d.0: PTM enabled (root), 4ns granularity
[    0.682488] pci 0000:00:1f.0: [8086:7a0c] type 00 class 0x060100 conventional PCI endpoint
[    0.682698] pci 0000:00:1f.3: [8086:7a50] type 00 class 0x040300 conventional PCI endpoint
[    0.682747] pci 0000:00:1f.3: BAR 0 [mem 0x80820000-0x80823fff 64bit]
[    0.682820] pci 0000:00:1f.3: BAR 4 [mem 0x80700000-0x807fffff 64bit]
[    0.682933] pci 0000:00:1f.3: PME# supported from D3hot D3cold
[    0.683110] pci 0000:00:1f.4: [8086:7a23] type 00 class 0x0c0500 conventional PCI endpoint
[    0.683137] pci 0000:00:1f.4: BAR 0 [mem 0x80829000-0x808290ff 64bit]
[    0.683168] pci 0000:00:1f.4: BAR 4 [io  0xefa0-0xefbf]
[    0.683278] pci 0000:00:1f.5: [8086:7a24] type 00 class 0x0c8000 conventional PCI endpoint
[    0.683299] pci 0000:00:1f.5: BAR 0 [mem 0x80828000-0x80828fff]
[    0.684334] pci 0000:01:00.0: [144d:a80c] type 00 class 0x010802 PCIe Endpoint
[    0.684350] pci 0000:01:00.0: BAR 0 [mem 0x80600000-0x80603fff 64bit]
[    0.684584] pci 0000:00:01.0: PCI bridge to [bus 01]
[    0.684640] pci 0000:02:00.0: [10de:2757] type 00 class 0x030000 PCIe Legacy Endpoint
[    0.684656] pci 0000:02:00.0: BAR 0 [mem 0x81000000-0x81ffffff]
[    0.684670] pci 0000:02:00.0: BAR 1 [mem 0x1c00000000-0x1fffffffff 64bit pref]
[    0.684684] pci 0000:02:00.0: BAR 3 [mem 0x2000000000-0x2001ffffff 64bit pref]
[    0.684693] pci 0000:02:00.0: BAR 5 [io  0x6000-0x607f]
[    0.684702] pci 0000:02:00.0: ROM [mem 0x82000000-0x8207ffff pref]
[    0.684785] pci 0000:02:00.0: PME# supported from D0 D3hot
[    0.684903] pci 0000:02:00.0: 16.000 Gb/s available PCIe bandwidth, limited by 2.5 GT/s PCIe x8 link at 0000:00:01.1 (capable of 252.048 Gb/s with 16.0 GT/s PCIe x16 link)
[    0.687056] pci 0000:02:00.1: [10de:22bb] type 00 class 0x040300 PCIe Endpoint
[    0.687073] pci 0000:02:00.1: BAR 0 [mem 0x82080000-0x82083fff]
[    0.687284] pci 0000:00:01.1: PCI bridge to [bus 02]
[    0.687788] pci 0000:03:00.0: [8086:3102] type 00 class 0x020000 PCIe Endpoint
[    0.687813] pci 0000:03:00.0: BAR 0 [mem 0x80400000-0x804fffff]
[    0.687851] pci 0000:03:00.0: BAR 3 [mem 0x80500000-0x80503fff]
[    0.688009] pci 0000:03:00.0: PME# supported from D0 D3hot D3cold
[    0.688271] pci 0000:00:1c.0: PCI bridge to [bus 03]
[    0.688363] pci 0000:04:00.0: [8086:1136] type 01 class 0x060400 PCIe Switch Upstream Port
[    0.688406] pci 0000:04:00.0: PCI bridge to [bus 05-49]
[    0.688415] pci 0000:04:00.0:   bridge window [io  0x2000-0x5fff]
[    0.688420] pci 0000:04:00.0:   bridge window [mem 0x84000000-0x880fffff]
[    0.688435] pci 0000:04:00.0:   bridge window [mem 0x187fc00000-0x18bfcfffff 64bit pref]
[    0.688452] pci 0000:04:00.0: enabling Extended Tags
[    0.688590] pci 0000:04:00.0: supports D1 D2
[    0.688592] pci 0000:04:00.0: PME# supported from D0 D1 D2 D3hot D3cold
[    0.688716] pci 0000:04:00.0: PTM enabled, 4ns granularity
[    0.688976] pci 0000:00:1d.0: PCI bridge to [bus 04-49]
[    0.689065] pci 0000:05:00.0: [8086:1136] type 01 class 0x060400 PCIe Switch Downstream Port
[    0.689108] pci 0000:05:00.0: PCI bridge to [bus 06]
[    0.689134] pci 0000:05:00.0:   bridge window [mem 0x18bfc00000-0x18bfcfffff 64bit pref]
[    0.689153] pci 0000:05:00.0: enabling Extended Tags
[    0.689287] pci 0000:05:00.0: supports D1 D2
[    0.689288] pci 0000:05:00.0: PME# supported from D0 D1 D2 D3hot D3cold
[    0.689557] pci 0000:05:01.0: [8086:1136] type 01 class 0x060400 PCIe Switch Downstream Port
[    0.689601] pci 0000:05:01.0: PCI bridge to [bus 07-27]
[    0.689610] pci 0000:05:01.0:   bridge window [io  0x2000-0x3fff]
[    0.689614] pci 0000:05:01.0:   bridge window [mem 0x84000000-0x85ffffff]
[    0.689630] pci 0000:05:01.0:   bridge window [mem 0x187fc00000-0x189fbfffff 64bit pref]
[    0.689649] pci 0000:05:01.0: enabling Extended Tags
[    0.689789] pci 0000:05:01.0: supports D1 D2
[    0.689790] pci 0000:05:01.0: PME# supported from D0 D1 D2 D3hot D3cold
[    0.690054] pci 0000:05:02.0: [8086:1136] type 01 class 0x060400 PCIe Switch Downstream Port
[    0.690098] pci 0000:05:02.0: PCI bridge to [bus 28]
[    0.690110] pci 0000:05:02.0:   bridge window [mem 0x88000000-0x880fffff]
[    0.690142] pci 0000:05:02.0: enabling Extended Tags
[    0.690267] pci 0000:05:02.0: supports D1 D2
[    0.690268] pci 0000:05:02.0: PME# supported from D0 D1 D2 D3hot D3cold
[    0.690510] pci 0000:05:03.0: [8086:1136] type 01 class 0x060400 PCIe Switch Downstream Port
[    0.690554] pci 0000:05:03.0: PCI bridge to [bus 29-49]
[    0.690563] pci 0000:05:03.0:   bridge window [io  0x4000-0x5fff]
[    0.690567] pci 0000:05:03.0:   bridge window [mem 0x86000000-0x87ffffff]
[    0.690582] pci 0000:05:03.0:   bridge window [mem 0x189fc00000-0x18bfbfffff 64bit pref]
[    0.690601] pci 0000:05:03.0: enabling Extended Tags
[    0.690741] pci 0000:05:03.0: supports D1 D2
[    0.690742] pci 0000:05:03.0: PME# supported from D0 D1 D2 D3hot D3cold
[    0.691010] pci 0000:04:00.0: PCI bridge to [bus 05-49]
[    0.691108] pci 0000:06:00.0: [8086:1137] type 00 class 0x0c0340 PCIe Endpoint
[    0.691140] pci 0000:06:00.0: BAR 0 [mem 0x18bfc00000-0x18bfc3ffff 64bit pref]
[    0.691161] pci 0000:06:00.0: BAR 2 [mem 0x18bfc40000-0x18bfc40fff 64bit pref]
[    0.691210] pci 0000:06:00.0: enabling Extended Tags
[    0.691344] pci 0000:06:00.0: supports D1 D2
[    0.691345] pci 0000:06:00.0: PME# supported from D0 D1 D2 D3hot D3cold
[    0.691599] pci 0000:05:00.0: PCI bridge to [bus 06]
[    0.691665] pci 0000:05:01.0: PCI bridge to [bus 07-27]
[    0.691760] pci 0000:28:00.0: [8086:1138] type 00 class 0x0c0330 PCIe Endpoint
[    0.691789] pci 0000:28:00.0: BAR 0 [mem 0x88000000-0x8800ffff 64bit]
[    0.691859] pci 0000:28:00.0: enabling Extended Tags
[    0.691946] pci 0000:28:00.0: PME# supported from D3hot D3cold
[    0.692067] pci 0000:05:02.0: PCI bridge to [bus 28]
[    0.692133] pci 0000:05:03.0: PCI bridge to [bus 29-49]
[    0.696528] ACPI: EC: interrupt unblocked
[    0.696530] ACPI: EC: event unblocked
[    0.696545] ACPI: EC: EC_CMD/EC_SC=0x66, EC_DATA=0x62
[    0.696547] ACPI: EC: GPE=0x6e
[    0.696548] ACPI: \_SB_.PCI0.LPCB.EC0_: Boot DSDT EC initialization complete
[    0.696550] ACPI: \_SB_.PCI0.LPCB.EC0_: EC: Used to handle transactions and events
[    0.696633] iommu: Default domain type: Translated
[    0.696633] iommu: DMA domain TLB invalidation policy: lazy mode
[    0.696633] SCSI subsystem initialized
[    0.696633] libata version 3.00 loaded.
[    0.696633] ACPI: bus type USB registered
[    0.696633] usbcore: registered new interface driver usbfs
[    0.696633] usbcore: registered new interface driver hub
[    0.696633] usbcore: registered new device driver usb
[    0.696633] EDAC MC: Ver: 3.0.0
[    0.697888] efivars: Registered efivars operations
[    0.697888] NetLabel: Initializing
[    0.697888] NetLabel:  domain hash size = 128
[    0.697888] NetLabel:  protocols = UNLABELED CIPSOv4 CALIPSO
[    0.697888] NetLabel:  unlabeled traffic allowed by default
[    0.697888] mctp: management component transport protocol core
[    0.697888] NET: Registered PF_MCTP protocol family
[    0.697888] PCI: Using ACPI for IRQ routing
[    0.718069] PCI: pci_cache_line_size set to 64 bytes
[    0.720200] e820: reserve RAM buffer [mem 0x76951000-0x77ffffff]
[    0.720202] e820: reserve RAM buffer [mem 0x76969000-0x77ffffff]
[    0.720203] e820: reserve RAM buffer [mem 0x7696e000-0x77ffffff]
[    0.720204] e820: reserve RAM buffer [mem 0x76970000-0x77ffffff]
[    0.720205] e820: reserve RAM buffer [mem 0x187d65f000-0x187fffffff]
[    0.720209] e820: reserve RAM buffer [mem 0x187d662018-0x187fffffff]
[    0.720213] e820: reserve RAM buffer [mem 0x187e5d2000-0x187fffffff]
[    0.720217] e820: reserve RAM buffer [mem 0x187e670000-0x187fffffff]
[    0.720220] e820: reserve RAM buffer [mem 0x187f40a000-0x187fffffff]
[    0.720224] e820: reserve RAM buffer [mem 0x187f4f5000-0x187fffffff]
[    0.720227] e820: reserve RAM buffer [mem 0x187f5d8000-0x187fffffff]
[    0.720231] e820: reserve RAM buffer [mem 0x187f5eb000-0x187fffffff]
[    0.720234] e820: reserve RAM buffer [mem 0x187f5f9000-0x187fffffff]
[    0.720237] e820: reserve RAM buffer [mem 0x187f729000-0x187fffffff]
[    0.720239] e820: reserve RAM buffer [mem 0x187f72d000-0x187fffffff]
[    0.720242] e820: reserve RAM buffer [mem 0x187f734000-0x187fffffff]
[    0.720245] e820: reserve RAM buffer [mem 0x187f754000-0x187fffffff]
[    0.720247] e820: reserve RAM buffer [mem 0x187f75d000-0x187fffffff]
[    0.720249] e820: reserve RAM buffer [mem 0x187f7a5000-0x187fffffff]
[    0.720251] e820: reserve RAM buffer [mem 0x187f7b0000-0x187fffffff]
[    0.720253] e820: reserve RAM buffer [mem 0x187f7bd000-0x187fffffff]
[    0.720254] e820: reserve RAM buffer [mem 0x187f7ce000-0x187fffffff]
[    0.720256] e820: reserve RAM buffer [mem 0x187f7d4000-0x187fffffff]
[    0.720257] e820: reserve RAM buffer [mem 0x187fc00000-0x187fffffff]
[    0.720321] pci 0000:00:02.0: vgaarb: setting as boot VGA device
[    0.720321] pci 0000:00:02.0: vgaarb: bridge control possible
[    0.720321] pci 0000:00:02.0: vgaarb: VGA device added: decodes=io+mem,owns=io+mem,locks=none
[    0.720321] pci 0000:02:00.0: vgaarb: setting as boot VGA device (overriding previous)
[    0.720321] pci 0000:02:00.0: vgaarb: bridge control possible
[    0.720321] pci 0000:02:00.0: vgaarb: VGA device added: decodes=io+mem,owns=none,locks=none
[    0.720321] vgaarb: loaded
[    0.720321] clocksource: Switched to clocksource tsc-early
[    0.720349] VFS: Disk quotas dquot_6.6.0
[    0.720365] VFS: Dquot-cache hash table entries: 512 (order 0, 4096 bytes)
[    0.720439] pnp: PnP ACPI init
[    0.720554] pnp 00:00: disabling [mem 0xc0000000-0xcfffffff] because it overlaps 0000:00:02.0 BAR 9 [mem 0x00000000-0xdfffffff 64bit pref]
[    0.720585] system 00:00: [mem 0xfedc0000-0xfeddffff] has been reserved
[    0.720587] system 00:00: [mem 0xfeda0000-0xfeda0fff] has been reserved
[    0.720589] system 00:00: [mem 0xfeda1000-0xfeda1fff] has been reserved
[    0.720591] system 00:00: [mem 0xfed90000-0xfed93fff] could not be reserved
[    0.720592] system 00:00: [mem 0xfe000000-0xffffffff] could not be reserved
[    0.720594] system 00:00: [mem 0xf8000000-0xf9ffffff] has been reserved
[    0.720596] system 00:00: [mem 0xfee00000-0xfeefffff] has been reserved
[    0.720598] system 00:00: [mem 0xfed00000-0xfed003ff] has been reserved
[    0.720643] system 00:01: [mem 0xfed00000-0xfed003ff] has been reserved
[    0.720679] system 00:02: [io  0x1800-0x18fe] has been reserved
[    0.722024] pnp: PnP ACPI: found 6 devices
[    0.727831] clocksource: acpi_pm: mask: 0xffffff max_cycles: 0xffffff, max_idle_ns: 2085701024 ns
[    0.727914] NET: Registered PF_INET protocol family
[    0.728299] IP idents hash table entries: 262144 (order: 9, 2097152 bytes, linear)
[    0.745356] tcp_listen_portaddr_hash hash table entries: 65536 (order: 8, 1048576 bytes, linear)
[    0.745489] Table-perturb hash table entries: 65536 (order: 6, 262144 bytes, linear)
[    0.746116] TCP established hash table entries: 524288 (order: 10, 4194304 bytes, linear)
[    0.746886] TCP bind hash table entries: 65536 (order: 9, 2097152 bytes, linear)
[    0.747009] TCP: Hash tables configured (established 524288 bind 65536)
[    0.747423] MPTCP token hash table entries: 65536 (order: 8, 1572864 bytes, linear)
[    0.747857] UDP hash table entries: 65536 (order: 9, 2097152 bytes, linear)
[    0.748339] UDP-Lite hash table entries: 65536 (order: 9, 2097152 bytes, linear)
[    0.748564] NET: Registered PF_UNIX/PF_LOCAL protocol family
[    0.748572] NET: Registered PF_XDP protocol family
[    0.748589] pci 0000:00:02.0: VF BAR 2 [mem 0x18c0000000-0x199fffffff 64bit pref]: assigned
[    0.748595] pci 0000:00:02.0: VF BAR 0 [mem 0x19a0000000-0x19a6ffffff 64bit]: assigned
[    0.748598] pci 0000:00:01.0: PCI bridge to [bus 01]
[    0.748602] pci 0000:00:01.0:   bridge window [mem 0x80600000-0x806fffff]
[    0.748607] pci 0000:00:01.1: PCI bridge to [bus 02]
[    0.748609] pci 0000:00:01.1:   bridge window [io  0x6000-0x6fff]
[    0.748612] pci 0000:00:01.1:   bridge window [mem 0x81000000-0x820fffff]
[    0.748614] pci 0000:00:01.1:   bridge window [mem 0x1c00000000-0x2001ffffff 64bit pref]
[    0.748619] pci 0000:00:1c.0: PCI bridge to [bus 03]
[    0.748648] pci 0000:00:1c.0:   bridge window [mem 0x80400000-0x805fffff]
[    0.748657] pci 0000:05:00.0: PCI bridge to [bus 06]
[    0.748666] pci 0000:05:00.0:   bridge window [mem 0x18bfc00000-0x18bfcfffff 64bit pref]
[    0.748673] pci 0000:05:01.0: PCI bridge to [bus 07-27]
[    0.748676] pci 0000:05:01.0:   bridge window [io  0x2000-0x3fff]
[    0.748682] pci 0000:05:01.0:   bridge window [mem 0x84000000-0x85ffffff]
[    0.748686] pci 0000:05:01.0:   bridge window [mem 0x187fc00000-0x189fbfffff 64bit pref]
[    0.748694] pci 0000:05:02.0: PCI bridge to [bus 28]
[    0.748699] pci 0000:05:02.0:   bridge window [mem 0x88000000-0x880fffff]
[    0.748710] pci 0000:05:03.0: PCI bridge to [bus 29-49]
[    0.748713] pci 0000:05:03.0:   bridge window [io  0x4000-0x5fff]
[    0.748718] pci 0000:05:03.0:   bridge window [mem 0x86000000-0x87ffffff]
[    0.748722] pci 0000:05:03.0:   bridge window [mem 0x189fc00000-0x18bfbfffff 64bit pref]
[    0.748730] pci 0000:04:00.0: PCI bridge to [bus 05-49]
[    0.748732] pci 0000:04:00.0:   bridge window [io  0x2000-0x5fff]
[    0.748738] pci 0000:04:00.0:   bridge window [mem 0x84000000-0x880fffff]
[    0.748742] pci 0000:04:00.0:   bridge window [mem 0x187fc00000-0x18bfcfffff 64bit pref]
[    0.748749] pci 0000:00:1d.0: PCI bridge to [bus 04-49]
[    0.748751] pci 0000:00:1d.0:   bridge window [io  0x2000-0x5fff]
[    0.748756] pci 0000:00:1d.0:   bridge window [mem 0x84000000-0x880fffff]
[    0.748759] pci 0000:00:1d.0:   bridge window [mem 0x187fc00000-0x18bfcfffff 64bit pref]
[    0.748765] pci_bus 0000:00: resource 4 [io  0x0000-0x0cf7 window]
[    0.748767] pci_bus 0000:00: resource 5 [io  0x0d00-0xffff window]
[    0.748768] pci_bus 0000:00: resource 6 [mem 0x000a0000-0x000fffff window]
[    0.748770] pci_bus 0000:00: resource 7 [mem 0x80400000-0xdfffffff window]
[    0.748771] pci_bus 0000:00: resource 8 [mem 0x187fc00000-0x7fffffffff window]
[    0.748773] pci_bus 0000:00: resource 9 [mem 0xe0000000-0xfe7fffff window]
[    0.748774] pci_bus 0000:00: resource 10 [mem 0xfed40000-0xfed47fff window]
[    0.748776] pci_bus 0000:01: resource 1 [mem 0x80600000-0x806fffff]
[    0.748777] pci_bus 0000:02: resource 0 [io  0x6000-0x6fff]
[    0.748778] pci_bus 0000:02: resource 1 [mem 0x81000000-0x820fffff]
[    0.748780] pci_bus 0000:02: resource 2 [mem 0x1c00000000-0x2001ffffff 64bit pref]
[    0.748781] pci_bus 0000:03: resource 1 [mem 0x80400000-0x805fffff]
[    0.748783] pci_bus 0000:04: resource 0 [io  0x2000-0x5fff]
[    0.748784] pci_bus 0000:04: resource 1 [mem 0x84000000-0x880fffff]
[    0.748785] pci_bus 0000:04: resource 2 [mem 0x187fc00000-0x18bfcfffff 64bit pref]
[    0.748787] pci_bus 0000:05: resource 0 [io  0x2000-0x5fff]
[    0.748788] pci_bus 0000:05: resource 1 [mem 0x84000000-0x880fffff]
[    0.748789] pci_bus 0000:05: resource 2 [mem 0x187fc00000-0x18bfcfffff 64bit pref]
[    0.748790] pci_bus 0000:06: resource 2 [mem 0x18bfc00000-0x18bfcfffff 64bit pref]
[    0.748792] pci_bus 0000:07: resource 0 [io  0x2000-0x3fff]
[    0.748793] pci_bus 0000:07: resource 1 [mem 0x84000000-0x85ffffff]
[    0.748794] pci_bus 0000:07: resource 2 [mem 0x187fc00000-0x189fbfffff 64bit pref]
[    0.748796] pci_bus 0000:28: resource 1 [mem 0x88000000-0x880fffff]
[    0.748797] pci_bus 0000:29: resource 0 [io  0x4000-0x5fff]
[    0.748798] pci_bus 0000:29: resource 1 [mem 0x86000000-0x87ffffff]
[    0.748800] pci_bus 0000:29: resource 2 [mem 0x189fc00000-0x18bfbfffff 64bit pref]
[    0.750285] pci 0000:02:00.1: extending delay after power-on from D3hot to 20 msec
[    0.750311] pci 0000:02:00.1: D0 power state depends on 0000:02:00.0
[    0.751400] PCI: CLS 64 bytes, default 64
[    0.751431] DMAR: Intel-IOMMU force enabled due to platform opt in
[    0.751440] DMAR: No ATSR found
[    0.751440] DMAR: No SATC found
[    0.751442] DMAR: IOMMU feature fl1gp_support inconsistent
[    0.751443] DMAR: IOMMU feature pgsel_inv inconsistent
[    0.751444] DMAR: IOMMU feature nwfs inconsistent
[    0.751445] DMAR: IOMMU feature dit inconsistent
[    0.751446] DMAR: IOMMU feature sc_support inconsistent
[    0.751446] DMAR: IOMMU feature dev_iotlb_support inconsistent
[    0.751448] DMAR: dmar0: Using Queued invalidation
[    0.751451] DMAR: dmar1: Using Queued invalidation
[    0.751498] Trying to unpack rootfs image as initramfs...
[    0.751636] pci 0000:00:02.0: Adding to iommu group 0
[    0.751669] pci 0000:00:00.0: Adding to iommu group 1
[    0.751682] pci 0000:00:01.0: Adding to iommu group 2
[    0.751692] pci 0000:00:01.1: Adding to iommu group 3
[    0.751701] pci 0000:00:0a.0: Adding to iommu group 4
[    0.751718] pci 0000:00:14.0: Adding to iommu group 5
[    0.751727] pci 0000:00:14.2: Adding to iommu group 5
[    0.751736] pci 0000:00:14.3: Adding to iommu group 6
[    0.751752] pci 0000:00:15.0: Adding to iommu group 7
[    0.751761] pci 0000:00:15.1: Adding to iommu group 7
[    0.751801] pci 0000:00:1c.0: Adding to iommu group 8
[    0.751817] pci 0000:00:1d.0: Adding to iommu group 9
[    0.751840] pci 0000:00:1f.0: Adding to iommu group 10
[    0.751849] pci 0000:00:1f.3: Adding to iommu group 10
[    0.751858] pci 0000:00:1f.4: Adding to iommu group 10
[    0.751869] pci 0000:00:1f.5: Adding to iommu group 10
[    0.751879] pci 0000:01:00.0: Adding to iommu group 11
[    0.751895] pci 0000:02:00.0: Adding to iommu group 12
[    0.751907] pci 0000:02:00.1: Adding to iommu group 12
[    0.751944] pci 0000:03:00.0: Adding to iommu group 13
[    0.751961] pci 0000:04:00.0: Adding to iommu group 14
[    0.751973] pci 0000:05:00.0: Adding to iommu group 15
[    0.751991] pci 0000:05:01.0: Adding to iommu group 16
[    0.752003] pci 0000:05:02.0: Adding to iommu group 17
[    0.752020] pci 0000:05:03.0: Adding to iommu group 18
[    0.752033] pci 0000:06:00.0: Adding to iommu group 19
[    0.752049] pci 0000:28:00.0: Adding to iommu group 20
[    0.753002] DMAR: Intel(R) Virtualization Technology for Directed I/O
[    0.753003] PCI-DMA: Using software bounce buffering for IO (SWIOTLB)
[    0.753004] software IO TLB: mapped [mem 0x00000000728d3000-0x00000000768d3000] (64MB)
[    0.753044] clocksource: tsc: mask: 0xffffffffffffffff max_cycles: 0x22df1149949, max_idle_ns: 440795312789 ns
[    0.753100] clocksource: Switched to clocksource tsc
[    0.767930] Initialise system trusted keyrings
[    0.767939] Key type blacklist registered
[    0.767988] workingset: timestamp_bits=41 max_order=25 bucket_order=0
[    0.767995] zbud: loaded
[    0.768135] fuse: init (API version 7.40)
[    0.768217] integrity: Platform Keyring initialized
[    0.768219] integrity: Machine keyring initialized
[    0.780231] Key type asymmetric registered
[    0.780233] Asymmetric key parser 'x509' registered
[    0.780258] Block layer SCSI generic (bsg) driver version 0.4 loaded (major 246)
[    0.780316] io scheduler mq-deadline registered
[    0.780318] io scheduler kyber registered
[    0.780328] io scheduler bfq registered
[    0.780966] pcieport 0000:00:01.0: PME: Signaling with IRQ 122
[    0.781032] pcieport 0000:00:01.0: AER: enabled with IRQ 122
[    0.781357] pcieport 0000:00:01.1: PME: Signaling with IRQ 123
[    0.781427] pcieport 0000:00:01.1: AER: enabled with IRQ 123
[    0.781866] pcieport 0000:00:1c.0: PME: Signaling with IRQ 124
[    0.781972] pcieport 0000:00:1c.0: AER: enabled with IRQ 124
[    0.782154] pcieport 0000:00:1d.0: PME: Signaling with IRQ 125
[    0.782182] pcieport 0000:00:1d.0: pciehp: Slot #8 AttnBtn- PwrCtrl- MRL- AttnInd- PwrInd- HotPlug+ Surprise+ Interlock- NoCompl+ IbPresDis- LLActRep+
[    0.783099] pcieport 0000:05:01.0: pciehp: Slot #1 AttnBtn- PwrCtrl- MRL- AttnInd- PwrInd- HotPlug+ Surprise+ Interlock- NoCompl+ IbPresDis- LLActRep+
[    0.783751] pcieport 0000:05:03.0: pciehp: Slot #3 AttnBtn- PwrCtrl- MRL- AttnInd- PwrInd- HotPlug+ Surprise+ Interlock- NoCompl+ IbPresDis- LLActRep+
[    0.783975] shpchp: Standard Hot Plug PCI Controller Driver version: 0.4
[    0.784259] Monitor-Mwait will be used to enter C-1 state
[    0.784273] Monitor-Mwait will be used to enter C-2 state
[    0.784282] [Firmware Bug]: ACPI MWAIT C-state 0x33 not supported by HW (0x1010)
[    0.784288] ACPI: \_SB_.CP00: _CST C3 declares FIXED_HARDWARE C-state but not supported in hardware, skip...
[    0.784292] ACPI: \_SB_.CP00: Found 2 idle states
[    0.785640] ACPI: AC: AC Adapter [AC] (on-line)
[    0.785693] input: Power Button as /devices/LNXSYSTM:00/LNXSYBUS:00/PNP0C0C:00/input/input0
[    0.787707] ACPI: button: Power Button [PWRB]
[    0.787759] input: Sleep Button as /devices/LNXSYSTM:00/LNXSYBUS:00/PNP0C0E:00/input/input1
[    0.788017] ACPI: button: Sleep Button [SLPB]
[    0.788066] input: Lid Switch as /devices/LNXSYSTM:00/LNXSYBUS:00/PNP0C0D:00/input/input2
[    0.788367] ACPI: button: Lid Switch [LID0]
[    0.788433] input: Power Button as /devices/LNXSYSTM:00/LNXPWRBN:00/input/input3
[    0.788530] ACPI: button: Power Button [PWRF]
[    0.789933] Serial: 8250/16550 driver, 32 ports, IRQ sharing enabled
[    0.791888] hpet_acpi_add: no address or irqs in _CRS
[    0.791924] Non-volatile memory driver v1.3
[    0.791926] Linux agpgart interface v0.103
[    0.793853] tpm_tis MSFT0101:00: 2.0 TPM (device-id 0x1D, rev-id 54)
[    0.800814] Freeing initrd memory: 15488K
[    0.865741] ACPI: battery: Slot [BAT0] (battery present)
[    0.939523] ACPI: bus type drm_connector registered
[    0.942953] usbcore: registered new interface driver usbserial_generic
[    0.942958] usbserial: USB Serial support registered for generic
[    0.943033] rtc_cmos 00:03: RTC can wake from S4
[    0.943893] rtc_cmos 00:03: registered as rtc0
[    0.944063] rtc_cmos 00:03: setting system clock to 2024-07-11T13:48:22 UTC (1720705702)
[    0.944094] rtc_cmos 00:03: alarms up to one month, 242 bytes nvram
[    0.946401] intel_pstate: Intel P-state driver initializing
[    0.949244] intel_pstate: HWP enabled
[    0.950752] ledtrig-cpu: registered to indicate activity on CPUs
[    0.951047] [drm] Initialized simpledrm 1.0.0 20200625 for simple-framebuffer.0 on minor 0
[    0.951341] fbcon: Deferring console take-over
[    0.951344] simple-framebuffer simple-framebuffer.0: [drm] fb0: simpledrmdrmfb frame buffer device
[    0.951394] hid: raw HID events driver (C) Jiri Kosina
[    0.951464] drop_monitor: Initializing network drop monitor service
[    0.951608] NET: Registered PF_INET6 protocol family
[    0.963658] Segment Routing with IPv6
[    0.963661] RPL Segment Routing with IPv6
[    0.963673] In-situ OAM (IOAM) with IPv6
[    0.963704] NET: Registered PF_PACKET protocol family
[    0.969931] microcode: Current revision: 0x00000123
[    0.969936] microcode: Updated early from: 0x00000112
[    0.971914] IPI shorthand broadcast: enabled
[    0.974242] sched_clock: Marking stable (964304169, 7577230)->(1027407032, -55525633)
[    0.974867] Timer migration: 2 hierarchy levels; 8 children per group; 2 crossnode level
[    0.976579] registered taskstats version 1
[    0.980551] Loading compiled-in X.509 certificates
[    0.984259] Loaded X.509 cert 'Build time autogenerated kernel key: 1fd87654365b7055e36ecd8b139222a42672df32'
[    0.985838] Key type .fscrypt registered
[    0.985839] Key type fscrypt-provisioning registered
[    0.986361] PM:   Magic number: 0:0:837
[    0.989407] RAS: Correctable Errors collector initialized.
[    0.998725] clk: Disabling unused clocks
[    0.998726] PM: genpd: Disabling unused power domains
[    1.002866] Freeing unused decrypted memory: 2028K
[    1.003417] Freeing unused kernel image (initmem) memory: 3420K
[    1.003418] Write protecting the kernel read-only data: 32768k
[    1.004562] Freeing unused kernel image (rodata/data gap) memory: 1076K
[    1.008219] x86/mm: Checked W+X mappings: passed, no W+X pages found.
[    1.008222] rodata_test: all tests were successful
[    1.008224] Run /init as init process
[    1.008224]   with arguments:
[    1.008225]     /init
[    1.008225]   with environment:
[    1.008225]     HOME=/
[    1.008226]     TERM=linux
[    1.008226]     cryptdevice=PARTUUID=a9ac7b60-ac53-4cf0-8643-bf211e3a76b8:root
[    1.027448] fbcon: Taking over console
[    1.029631] Console: switching to colour frame buffer device 100x37
[    1.045041] raid6: skipped pq benchmark and selected avx2x4
[    1.045044] raid6: using avx2x2 recovery algorithm
[    1.048864] xor: automatically using best checksumming function   avx       
[    1.104568] Btrfs loaded, zoned=yes, fsverity=yes
[    1.157180] i8042: PNP: PS/2 Controller [PNP0303:PS2K,PNP0f13:PS2M] at 0x60,0x64 irq 1,12
[    1.169428] serio: i8042 KBD port at 0x60,0x64 irq 1
[    1.169454] serio: i8042 AUX port at 0x60,0x64 irq 12
[    1.169565] cryptd: max_cpu_qlen set to 1000
[    1.169815] xhci_hcd 0000:00:14.0: xHCI Host Controller
[    1.169819] xhci_hcd 0000:00:14.0: new USB bus registered, assigned bus number 1
[    1.170909] xhci_hcd 0000:00:14.0: hcc params 0x20007fc1 hci version 0x120 quirks 0x0000000200009810
[    1.171219] xhci_hcd 0000:00:14.0: xHCI Host Controller
[    1.171221] xhci_hcd 0000:00:14.0: new USB bus registered, assigned bus number 2
[    1.171222] xhci_hcd 0000:00:14.0: Host supports USB 3.2 Enhanced SuperSpeed
[    1.171272] usb usb1: New USB device found, idVendor=1d6b, idProduct=0002, bcdDevice= 6.09
[    1.171274] usb usb1: New USB device strings: Mfr=3, Product=2, SerialNumber=1
[    1.171275] usb usb1: Product: xHCI Host Controller
[    1.171275] usb usb1: Manufacturer: Linux 6.9.8-arch1-1 xhci-hcd
[    1.171277] usb usb1: SerialNumber: 0000:00:14.0
[    1.171383] hub 1-0:1.0: USB hub found
[    1.171411] hub 1-0:1.0: 16 ports detected
[    1.171701] usb usb2: New USB device found, idVendor=1d6b, idProduct=0003, bcdDevice= 6.09
[    1.171704] usb usb2: New USB device strings: Mfr=3, Product=2, SerialNumber=1
[    1.171705] usb usb2: Product: xHCI Host Controller
[    1.171705] usb usb2: Manufacturer: Linux 6.9.8-arch1-1 xhci-hcd
[    1.171706] usb usb2: SerialNumber: 0000:00:14.0
[    1.171837] hub 2-0:1.0: USB hub found
[    1.171858] hub 2-0:1.0: 10 ports detected
[    1.172072] xhci_hcd 0000:28:00.0: xHCI Host Controller
[    1.172074] xhci_hcd 0000:28:00.0: new USB bus registered, assigned bus number 3
[    1.173238] xhci_hcd 0000:28:00.0: hcc params 0x20007fc1 hci version 0x110 quirks 0x0000000200009810
[    1.173539] xhci_hcd 0000:28:00.0: xHCI Host Controller
[    1.173540] xhci_hcd 0000:28:00.0: new USB bus registered, assigned bus number 4
[    1.173541] xhci_hcd 0000:28:00.0: Host supports USB 3.1 Enhanced SuperSpeed
[    1.173635] usb usb3: New USB device found, idVendor=1d6b, idProduct=0002, bcdDevice= 6.09
[    1.173636] usb usb3: New USB device strings: Mfr=3, Product=2, SerialNumber=1
[    1.173637] usb usb3: Product: xHCI Host Controller
[    1.173637] usb usb3: Manufacturer: Linux 6.9.8-arch1-1 xhci-hcd
[    1.173638] usb usb3: SerialNumber: 0000:28:00.0
[    1.173670] hub 3-0:1.0: USB hub found
[    1.173685] hub 3-0:1.0: 2 ports detected
[    1.173807] usb usb4: New USB device found, idVendor=1d6b, idProduct=0003, bcdDevice= 6.09
[    1.173808] usb usb4: New USB device strings: Mfr=3, Product=2, SerialNumber=1
[    1.173811] usb usb4: Product: xHCI Host Controller
[    1.173812] usb usb4: Manufacturer: Linux 6.9.8-arch1-1 xhci-hcd
[    1.173812] usb usb4: SerialNumber: 0000:28:00.0
[    1.173887] hub 4-0:1.0: USB hub found
[    1.173907] hub 4-0:1.0: 2 ports detected
[    1.173913] nvme nvme0: pci function 0000:01:00.0
[    1.174903] AVX2 version of gcm_enc/dec engaged.
[    1.175658] AES CTR mode by8 optimization enabled
[    1.179953] nvme nvme0: D3 entry latency set to 10 seconds
[    1.182635] nvme nvme0: 16/0/0 default/read/poll queues
[    1.184482]  nvme0n1: p1 p2
[    1.190020] input: AT Translated Set 2 keyboard as /devices/platform/i8042/serio0/input/input4
[    1.212252] device-mapper: uevent: version 1.0.3
[    1.212295] device-mapper: ioctl: 4.48.0-ioctl (2023-03-01) initialised: dm-devel@lists.linux.dev
[    1.221166] Key type trusted registered
[    1.422089] Key type encrypted registered
[    1.424452] usb 1-1: new full-speed USB device number 2 using xhci_hcd
[    1.569144] usb 1-1: New USB device found, idVendor=046d, idProduct=c52b, bcdDevice=24.11
[    1.569159] usb 1-1: New USB device strings: Mfr=1, Product=2, SerialNumber=0
[    1.569164] usb 1-1: Product: USB Receiver
[    1.569168] usb 1-1: Manufacturer: Logitech
[    1.590171] usbcore: registered new interface driver usbhid
[    1.590176] usbhid: USB HID core driver
[    1.596363] input: Logitech USB Receiver as /devices/pci0000:00/0000:00:14.0/usb1/1-1/1-1:1.0/0003:046D:C52B.0001/input/input6
[    1.651679] hid-generic 0003:046D:C52B.0001: input,hidraw0: USB HID v1.11 Keyboard [Logitech USB Receiver] on usb-0000:00:14.0-1/input0
[    1.652102] input: Logitech USB Receiver Mouse as /devices/pci0000:00/0000:00:14.0/usb1/1-1/1-1:1.1/0003:046D:C52B.0002/input/input7
[    1.652418] input: Logitech USB Receiver Consumer Control as /devices/pci0000:00/0000:00:14.0/usb1/1-1/1-1:1.1/0003:046D:C52B.0002/input/input8
[    1.694469] usb 1-2: new full-speed USB device number 3 using xhci_hcd
[    1.708117] input: Logitech USB Receiver System Control as /devices/pci0000:00/0000:00:14.0/usb1/1-1/1-1:1.1/0003:046D:C52B.0002/input/input9
[    1.708665] hid-generic 0003:046D:C52B.0002: input,hiddev96,hidraw1: USB HID v1.11 Mouse [Logitech USB Receiver] on usb-0000:00:14.0-1/input1
[    1.709108] hid-generic 0003:046D:C52B.0003: hiddev97,hidraw2: USB HID v1.11 Device [Logitech USB Receiver] on usb-0000:00:14.0-1/input2
[    1.838550] usb 1-2: New USB device found, idVendor=046d, idProduct=c52b, bcdDevice=12.11
[    1.838565] usb 1-2: New USB device strings: Mfr=1, Product=2, SerialNumber=0
[    1.838571] usb 1-2: Product: USB Receiver
[    1.838575] usb 1-2: Manufacturer: Logitech
[    1.846412] logitech-djreceiver 0003:046D:C52B.0006: hiddev98,hidraw3: USB HID v1.11 Device [Logitech USB Receiver] on usb-0000:00:14.0-2/input2
[    1.960262] input: Logitech Wireless Device PID:407b Keyboard as /devices/pci0000:00/0000:00:14.0/usb1/1-2/1-2:1.2/0003:046D:C52B.0006/0003:046D:407B.0007/input/input11
[    2.011579] input: Logitech Wireless Device PID:407b Mouse as /devices/pci0000:00/0000:00:14.0/usb1/1-2/1-2:1.2/0003:046D:C52B.0006/0003:046D:407B.0007/input/input12
[    2.064828] hid-generic 0003:046D:407B.0007: input,hidraw0: USB HID v1.11 Keyboard [Logitech Wireless Device PID:407b] on usb-0000:00:14.0-2/input2:1
[    2.066294] logitech-djreceiver 0003:046D:C52B.0003: hiddev96,hidraw1: USB HID v1.11 Device [Logitech USB Receiver] on usb-0000:00:14.0-1/input2
[    2.081141] usb 1-6: new high-speed USB device number 4 using xhci_hcd
[    2.180351] input: Logitech Wireless Device PID:4088 Keyboard as /devices/pci0000:00/0000:00:14.0/usb1/1-1/1-1:1.2/0003:046D:C52B.0003/0003:046D:4088.0008/input/input16
[    2.180633] input: Logitech Wireless Device PID:4088 Mouse as /devices/pci0000:00/0000:00:14.0/usb1/1-1/1-1:1.2/0003:046D:C52B.0003/0003:046D:4088.0008/input/input17
[    2.180773] hid-generic 0003:046D:4088.0008: input,hidraw2: USB HID v1.11 Keyboard [Logitech Wireless Device PID:4088] on usb-0000:00:14.0-1/input2:1
[    2.263390] usb 1-6: New USB device found, idVendor=04f2, idProduct=b7c3, bcdDevice= 0.04
[    2.263402] usb 1-6: New USB device strings: Mfr=1, Product=2, SerialNumber=3
[    2.263406] usb 1-6: Product: Chicony USB2.0 Camera
[    2.263410] usb 1-6: Manufacturer: SunplusIT Inc
[    2.263412] usb 1-6: SerialNumber: 01.00.00
[    2.404532] usb 1-7: new full-speed USB device number 5 using xhci_hcd
[    2.440031] input: Logitech MX Vertical as /devices/pci0000:00/0000:00:14.0/usb1/1-2/1-2:1.2/0003:046D:C52B.0006/0003:046D:407B.0007/input/input21
[    2.440321] logitech-hidpp-device 0003:046D:407B.0007: input,hidraw0: USB HID v1.11 Keyboard [Logitech MX Vertical] on usb-0000:00:14.0-2/input2:1
[    2.549431] usb 1-7: New USB device found, idVendor=048d, idProduct=8910, bcdDevice= 0.01
[    2.549446] usb 1-7: New USB device strings: Mfr=1, Product=2, SerialNumber=0
[    2.549451] usb 1-7: Product: ITE Device(829x)
[    2.549454] usb 1-7: Manufacturer: ITE Tech. Inc.
[    2.552603] hid-generic 0003:048D:8910.0009: hiddev97,hidraw4: USB HID v1.10 Device [ITE Tech. Inc. ITE Device(829x)] on usb-0000:00:14.0-7/input0
[    2.674483] usb 1-14: new full-speed USB device number 6 using xhci_hcd
[    2.686043] input: Logitech ERGO K860 as /devices/pci0000:00/0000:00:14.0/usb1/1-1/1-1:1.2/0003:046D:C52B.0003/0003:046D:4088.0008/input/input22
[    2.686581] logitech-hidpp-device 0003:046D:4088.0008: input,hidraw2: USB HID v1.11 Keyboard [Logitech ERGO K860] on usb-0000:00:14.0-1/input2:1
[    2.793775] logitech-hidpp-device 0003:046D:4088.0008: HID++ 4.5 device connected.
[    2.817365] usb 1-14: New USB device found, idVendor=8087, idProduct=0033, bcdDevice= 0.00
[    2.817378] usb 1-14: New USB device strings: Mfr=0, Product=0, SerialNumber=0
[   16.487127] BTRFS: device fsid ad2345b2-a85e-40f6-8c02-450de587120b devid 1 transid 11499 /dev/mapper/root (254:0) scanned by mount (1245)
[   16.487344] BTRFS info (device dm-0): first mount of filesystem ad2345b2-a85e-40f6-8c02-450de587120b
[   16.487356] BTRFS info (device dm-0): using crc32c (crc32c-intel) checksum algorithm
[   16.487361] BTRFS info (device dm-0): using free-space-tree
[   16.597728] systemd[1]: systemd 256.2-1-arch running in system mode (+PAM +AUDIT -SELINUX -APPARMOR -IMA +SMACK +SECCOMP +GCRYPT +GNUTLS +OPENSSL +ACL +BLKID +CURL +ELFUTILS +FIDO2 +IDN2 -IDN +IPTC +KMOD +LIBCRYPTSETUP +LIBCRYPTSETUP_PLUGINS +LIBFDISK +PCRE2 +PWQUALITY +P11KIT +QRENCODE +TPM2 +BZIP2 +LZ4 +XZ +ZLIB +ZSTD +BPF_FRAMEWORK +XKBCOMMON +UTMP -SYSVINIT +LIBARCHIVE)
[   16.597736] systemd[1]: Detected architecture x86-64.
[   16.598522] systemd[1]: Hostname set to <picard>.
[   17.147817] systemd[1]: bpf-restrict-fs: LSM BPF program attached
[   17.197027] zram: Added device: zram0
[   17.249174] systemd[1]: Queued start job for default target Graphical Interface.
[   17.310461] systemd[1]: Created slice Slice /system/dirmngr.
[   17.311214] systemd[1]: Created slice Slice /system/getty.
[   17.311766] systemd[1]: Created slice Slice /system/gpg-agent.
[   17.312276] systemd[1]: Created slice Slice /system/gpg-agent-browser.
[   17.312746] systemd[1]: Created slice Slice /system/gpg-agent-extra.
[   17.313175] systemd[1]: Created slice Slice /system/gpg-agent-ssh.
[   17.313629] systemd[1]: Created slice Slice /system/keyboxd.
[   17.314069] systemd[1]: Created slice Slice /system/modprobe.
[   17.314896] systemd[1]: Created slice Slice /system/systemd-zram-setup.
[   17.315257] systemd[1]: Created slice User and Session Slice.
[   17.315439] systemd[1]: Started Dispatch Password Requests to Console Directory Watch.
[   17.315604] systemd[1]: Started Forward Password Requests to Wall Directory Watch.
[   17.315889] systemd[1]: Set up automount Arbitrary Executable File Formats File System Automount Point.
[   17.316034] systemd[1]: Expecting device /dev/disk/by-uuid/D131-44A1...
[   17.316133] systemd[1]: Expecting device /dev/disk/by-uuid/ad2345b2-a85e-40f6-8c02-450de587120b...
[   17.316241] systemd[1]: Expecting device /dev/zram0...
[   17.316328] systemd[1]: Reached target Local Encrypted Volumes.
[   17.316447] systemd[1]: Reached target Local Integrity Protected Volumes.
[   17.316588] systemd[1]: Reached target Path Units.
[   17.316701] systemd[1]: Reached target Remote File Systems.
[   17.316808] systemd[1]: Reached target Slice Units.
[   17.316933] systemd[1]: Reached target Local Verity Protected Volumes.
[   17.317126] systemd[1]: Listening on Device-mapper event daemon FIFOs.
[   17.318673] systemd[1]: Listening on Process Core Dump Socket.
[   17.319471] systemd[1]: Listening on Credential Encryption/Decryption.
[   17.319653] systemd[1]: Listening on Journal Socket (/dev/log).
[   17.319826] systemd[1]: Listening on Journal Sockets.
[   17.320017] systemd[1]: Listening on Network Service Netlink Socket.
[   17.320136] systemd[1]: TPM PCR Measurements was skipped because of an unmet condition check (ConditionSecurity=measured-uki).
[   17.320150] systemd[1]: Make TPM PCR Policy was skipped because of an unmet condition check (ConditionSecurity=measured-uki).
[   17.320213] systemd[1]: Listening on udev Control Socket.
[   17.320342] systemd[1]: Listening on udev Kernel Socket.
[   17.320475] systemd[1]: Listening on User Database Manager Socket.
[   17.322310] systemd[1]: Mounting Huge Pages File System...
[   17.323376] systemd[1]: Mounting POSIX Message Queue File System...
[   17.324597] systemd[1]: Mounting Kernel Debug File System...
[   17.326060] systemd[1]: Mounting Kernel Trace File System...
[   17.327709] systemd[1]: Starting Create List of Static Device Nodes...
[   17.329156] systemd[1]: Starting Load Kernel Module configfs...
[   17.330369] systemd[1]: Starting Load Kernel Module dm_mod...
[   17.331574] systemd[1]: Starting Load Kernel Module drm...
[   17.332426] systemd[1]: Starting Load Kernel Module fuse...
[   17.333172] systemd[1]: Starting Load Kernel Module loop...
[   17.333385] systemd[1]: Clear Stale Hibernate Storage Info was skipped because of an unmet condition check (ConditionPathExists=/sys/firmware/efi/efivars/HibernateLocation-8cf2644b-4b0b-428f-9387-6d876050dc67).
[   17.335737] systemd[1]: Starting Journal Service...
[   17.336868] systemd[1]: Starting Load Kernel Modules...
[   17.337527] systemd[1]: Starting Generate network units from Kernel command line...
[   17.337716] systemd[1]: TPM PCR Machine ID Measurement was skipped because of an unmet condition check (ConditionSecurity=measured-uki).
[   17.338718] systemd[1]: Starting Remount Root and Kernel File Systems...
[   17.338896] systemd[1]: Early TPM SRK Setup was skipped because of an unmet condition check (ConditionSecurity=measured-uki).
[   17.339495] systemd[1]: Starting Load udev Rules from Credentials...
[   17.340205] systemd[1]: Starting Coldplug All udev Devices...
[   17.340309] loop: module loaded
[   17.341470] systemd[1]: Mounted Huge Pages File System.
[   17.341645] systemd[1]: Mounted POSIX Message Queue File System.
[   17.341769] systemd[1]: Mounted Kernel Debug File System.
[   17.341877] systemd[1]: Mounted Kernel Trace File System.
[   17.342386] systemd[1]: Finished Create List of Static Device Nodes.
[   17.342907] systemd[1]: modprobe@configfs.service: Deactivated successfully.
[   17.342991] systemd[1]: Finished Load Kernel Module configfs.
[   17.343169] systemd[1]: modprobe@dm_mod.service: Deactivated successfully.
[   17.343236] systemd[1]: Finished Load Kernel Module dm_mod.
[   17.343413] systemd[1]: modprobe@drm.service: Deactivated successfully.
[   17.343488] systemd[1]: Finished Load Kernel Module drm.
[   17.343759] systemd[1]: modprobe@fuse.service: Deactivated successfully.
[   17.343849] systemd[1]: Finished Load Kernel Module fuse.
[   17.344070] systemd[1]: modprobe@loop.service: Deactivated successfully.
[   17.344140] systemd[1]: Finished Load Kernel Module loop.
[   17.355707] systemd[1]: Mounting FUSE Control File System...
[   17.356298] systemd[1]: Mounting Kernel Configuration File System...
[   17.356553] systemd[1]: Repartition Root Disk was skipped because no trigger condition checks were met.
[   17.357170] systemd[1]: Starting Create Static Device Nodes in /dev gracefully...
[   17.357427] systemd[1]: Finished Generate network units from Kernel command line.
[   17.357620] systemd[1]: Finished Load udev Rules from Credentials.
[   17.357795] systemd[1]: Reached target Preparation for Network.
[   17.358635] systemd[1]: Mounted FUSE Control File System.
[   17.359730] systemd[1]: Mounted Kernel Configuration File System.
[   17.386428] systemd-journald[1305]: Collecting audit messages is disabled.
[   17.388826] Asymmetric key parser 'pkcs8' registered
[   17.389996] systemd[1]: Starting User Database Manager...
[   17.392423] systemd[1]: Finished Remount Root and Kernel File Systems.
[   17.392885] systemd[1]: Rebuild Hardware Database was skipped because no trigger condition checks were met.
[   17.393668] systemd[1]: Starting Load/Save OS Random Seed...
[   17.393833] systemd[1]: TPM SRK Setup was skipped because of an unmet condition check (ConditionSecurity=measured-uki).
[   17.402218] systemd[1]: Started Journal Service.
[   17.462910] input: System76 ACPI Hotkeys as /devices/LNXSYSTM:00/LNXSYBUS:00/17761776:00/input/input23
[   17.463057] ACPI: battery: new extension: System76 Battery Extension
[   17.636027] BTRFS info: devid 1 device path /dev/mapper/root changed to /dev/dm-0 scanned by (udev-worker) (1373)
[   17.637157] BTRFS info: devid 1 device path /dev/dm-0 changed to /dev/mapper/root scanned by (udev-worker) (1373)
[   17.646180] input: Intel HID events as /devices/platform/INT33D5:00/input/input24
[   17.646223] intel-hid INT33D5:00: failed to enable HID power button
[   17.652241] pps_core: LinuxPPS API ver. 1 registered
[   17.652246] pps_core: Software ver. 5.3.6 - Copyright 2005-2007 Rodolfo Giometti <giometti@linux.it>
[   17.654947] input: PC Speaker as /devices/platform/pcspkr/input/input25
[   17.656953] PTP clock support registered
[   17.657757] intel_pmc_core INT33A1:00: Assuming a default substate order for this platform
[   17.657778] intel_pmc_core INT33A1:00:  initialized
[   17.659994] i801_smbus 0000:00:1f.4: SPD Write Disable is set
[   17.660039] i801_smbus 0000:00:1f.4: SMBus using PCI interrupt
[   17.660241] i2c i2c-0: Memory type 0x22 not supported yet, not instantiating SPD
[   17.664977] Creating 1 MTD partitions on "0000:00:1f.5":
[   17.664979] 0x000000000000-0x000002000000 : "BIOS"
[   17.672406] ACPI: bus type thunderbolt registered
[   17.673984] Intel(R) 2.5G Ethernet Linux Driver
[   17.673986] Copyright(c) 2018 Intel Corporation.
[   17.674450] mc: Linux media interface: v0.10
[   17.674788] mousedev: PS/2 mouse device common for all mice
[   17.674870] idma64 idma64.0: Found Intel integrated DMA 64-bit
[   17.675213] igc 0000:03:00.0: PTM enabled, 4ns granularity
[   17.675957] sysfs: cannot create duplicate filename '/bus/platform/devices/simple-framebuffer.0'
[   17.675960] CPU: 15 PID: 1435 Comm: (udev-worker) Not tainted 6.9.8-arch1-1 #1 94e07224523d037399a143bde732b0ca153835c7
[   17.675962] Hardware name: System76 Bonobo WS/Bonobo WS, BIOS 2023-10-20_2e4e34b 10/20/2023
[   17.675963] Call Trace:
[   17.675965]  <TASK>
[   17.675966]  dump_stack_lvl+0x5d/0x80
[   17.675971]  sysfs_warn_dup.cold+0x17/0x23
[   17.675973]  sysfs_do_create_link_sd+0xcf/0xe0
[   17.675976]  bus_add_device+0x6b/0x130
[   17.675978]  device_add+0x3eb/0x8a0
[   17.675979]  platform_device_add+0xed/0x250
[   17.675981]  platform_device_register_full+0xbb/0x140
[   17.675983]  platform_device_register_resndata.constprop.0+0x54/0x80 [framebuffer_coreboot 1fc78685b429e7ba99410c6087f71daa7d6cbbe4]
[   17.675987]  framebuffer_probe+0x154/0x1a0 [framebuffer_coreboot 1fc78685b429e7ba99410c6087f71daa7d6cbbe4]
[   17.675990]  really_probe+0xdb/0x340
[   17.675992]  ? pm_runtime_barrier+0x54/0x90
[   17.675994]  ? __pfx___driver_attach+0x10/0x10
[   17.675996]  __driver_probe_device+0x78/0x110
[   17.675997]  driver_probe_device+0x1f/0xa0
[   17.675999]  __driver_attach+0xba/0x1c0
[   17.676001]  bus_for_each_dev+0x8c/0xe0
[   17.676002]  bus_add_driver+0x112/0x1f0
[   17.676004]  driver_register+0x72/0xd0
[   17.676006]  ? __pfx_framebuffer_driver_init+0x10/0x10 [framebuffer_coreboot 1fc78685b429e7ba99410c6087f71daa7d6cbbe4]
[   17.676009]  do_one_initcall+0x58/0x310
[   17.676011]  do_init_module+0x60/0x220
[   17.676013]  init_module_from_file+0x89/0xe0
[   17.676015]  idempotent_init_module+0x121/0x2b0
[   17.676016]  __x64_sys_finit_module+0x5e/0xb0
[   17.676017]  do_syscall_64+0x83/0x190
[   17.676019]  ? syscall_exit_to_user_mode+0x72/0x200
[   17.676020]  ? do_syscall_64+0x8f/0x190
[   17.676021]  ? syscall_exit_to_user_mode+0x72/0x200
[   17.676022]  ? do_syscall_64+0x8f/0x190
[   17.676023]  ? exc_page_fault+0x81/0x190
[   17.676024]  entry_SYSCALL_64_after_hwframe+0x76/0x7e
[   17.676026] RIP: 0033:0x74026cf27e9d
[   17.676035] Code: ff c3 66 2e 0f 1f 84 00 00 00 00 00 90 f3 0f 1e fa 48 89 f8 48 89 f7 48 89 d6 48 89 ca 4d 89 c2 4d 89 c8 4c 8b 4c 24 08 0f 05 <48> 3d 01 f0 ff ff 73 01 c3 48 8b 0d 63 de 0c 00 f7 d8 64 89 01 48
[   17.676036] RSP: 002b:00007ffd4de78778 EFLAGS: 00000246 ORIG_RAX: 0000000000000139
[   17.676038] RAX: ffffffffffffffda RBX: 000062578869aaf0 RCX: 000074026cf27e9d
[   17.676039] RDX: 0000000000000004 RSI: 000074026cd2c376 RDI: 0000000000000055
[   17.676040] RBP: 000074026cd2c376 R08: 0000000000000001 R09: 00007ffd4de787c0
[   17.676040] R10: 0000000000000050 R11: 0000000000000246 R12: 0000000000020000
[   17.676041] R13: 0000625788699350 R14: 0000000000000000 R15: 000062578870ba10
[   17.676042]  </TASK>
[   17.676049] coreboot: could not register framebuffer
[   17.676050] framebuffer coreboot10: probe with driver framebuffer failed with error -17
[   17.677530] idma64 idma64.1: Found Intel integrated DMA 64-bit
[   17.693202] zram0: detected capacity change from 0 to 8388608
[   17.701388] iTCO_vendor_support: vendor-support=0
[   17.701838] Bluetooth: Core ver 2.22
[   17.701849] NET: Registered PF_BLUETOOTH protocol family
[   17.701850] Bluetooth: HCI device and connection manager initialized
[   17.701851] Bluetooth: HCI socket layer initialized
[   17.701853] Bluetooth: L2CAP socket layer initialized
[   17.701854] Bluetooth: SCO socket layer initialized
[   17.701978] cfg80211: Loading compiled-in X.509 certificates for regulatory database
[   17.703711] Loaded X.509 cert 'sforshee: 00b28ddf47aef9cea7'
[   17.703780] Loaded X.509 cert 'wens: 61c038651aabdcf94bd0ac7ff06c7248db18c600'
[   17.704182] platform regulatory.0: Direct firmware load for regulatory.db failed with error -2
[   17.704184] cfg80211: failed to load regulatory.db
[   17.725246] pps pps0: new PPS source ptp0
[   17.725492] igc 0000:03:00.0 (unnamed net_device) (uninitialized): PHC added
[   17.725764] Adding 4194300k swap on /dev/zram0.  Priority:100 extents:1 across:4194300k SSDsc
[   17.765289] igc 0000:03:00.0: 4.000 Gb/s available PCIe bandwidth (5.0 GT/s PCIe x1 link)
[   17.765292] igc 0000:03:00.0 eth0: MAC: d4:93:90:41:28:dc
[   17.821912] input: FTCS1000:00 2808:0102 Mouse as /devices/pci0000:00/0000:00:15.0/i2c_designware.0/i2c-1/i2c-FTCS1000:00/0018:2808:0102.000A/input/input27
[   17.822212] input: FTCS1000:00 2808:0102 Touchpad as /devices/pci0000:00/0000:00:15.0/i2c_designware.0/i2c-1/i2c-FTCS1000:00/0018:2808:0102.000A/input/input28
[   17.822721] hid-generic 0018:2808:0102.000A: input,hidraw5: I2C HID v1.00 Mouse [FTCS1000:00 2808:0102] on i2c-FTCS1000:00
[   17.860270] igc 0000:03:00.0 eno0: renamed from eth0
[   17.863049] iTCO_wdt iTCO_wdt: Found a Intel PCH TCO device (Version=6, TCOBASE=0x0400)
[   17.863114] iTCO_wdt iTCO_wdt: initialized. heartbeat=30 sec (nowayout=0)
[   17.866568] videodev: Linux video capture interface: v2.00
[   17.869238] RAPL PMU: API unit is 2^-32 Joules, 4 fixed counters, 655360 ms ovfl timer
[   17.869240] RAPL PMU: hw unit of domain pp0-core 2^-14 Joules
[   17.869241] RAPL PMU: hw unit of domain package 2^-14 Joules
[   17.869242] RAPL PMU: hw unit of domain pp1-gpu 2^-14 Joules
[   17.869243] RAPL PMU: hw unit of domain psys 2^-14 Joules
[   17.872162] Intel(R) Wireless WiFi driver for Linux
[   17.873962] iwlwifi 0000:00:14.3: Detected crf-id 0x400410, cnv-id 0x80401 wfpm id 0x80000020
[   17.873987] iwlwifi 0000:00:14.3: PCI dev 7a70/0094, rev=0x430, rfid=0x2010d000
[   17.882159] usbcore: registered new interface driver btusb
[   17.883981] Bluetooth: hci0: Device revision is 0
[   17.883993] Bluetooth: hci0: Secure boot is enabled
[   17.883998] Bluetooth: hci0: OTP lock is enabled
[   17.884001] Bluetooth: hci0: API lock is enabled
[   17.884003] Bluetooth: hci0: Debug lock is disabled
[   17.884006] Bluetooth: hci0: Minimum firmware build 1 week 10 2014
[   17.884016] Bluetooth: hci0: Bootloader timestamp 2019.40 buildtype 1 build 38
[   17.884020] Bluetooth: hci0: No support for _PRR ACPI method
[   17.887123] Bluetooth: hci0: Found device firmware: intel/ibt-1040-0041.sfi
[   17.887130] Bluetooth: hci0: Boot Address: 0x100800
[   17.887131] Bluetooth: hci0: Firmware Version: 120-18.24
[   17.889784] iwlwifi 0000:00:14.3: TLV_FW_FSEQ_VERSION: FSEQ Version: 0.0.2.42
[   17.889969] iwlwifi 0000:00:14.3: loaded firmware version 89.202a2f7b.0 so-a0-gf-a0-89.ucode op_mode iwlmvm
[   17.908305] usb 1-6: Found UVC 1.50 device Chicony USB2.0 Camera (04f2:b7c3)
[   17.952377] usb 1-6: Found UVC 1.50 device Chicony USB2.0 Camera (04f2:b7c3)
[   17.964379] usbcore: registered new interface driver uvcvideo
[   18.174937] i915 0000:00:02.0: [drm] VT-d active for gfx access
[   18.174992] i915 0000:00:02.0: [drm] Using Transparent Hugepages
[   18.182115] ACPI Warning: \_SB.PCI0.PEG2.DEV0._DSM: Argument #4 type mismatch - Found [Buffer], ACPI requires [Package] (20230628/nsarguments-61)
[   18.182334] ACPI: \_SB_.PCI0.PEG2.DEV0: failed to evaluate _DSM
[   18.189086] snd_hda_intel 0000:02:00.1: Disabling MSI
[   18.189089] snd_hda_intel 0000:02:00.1: Handle vga_switcheroo audio client
[   18.197363] iwlwifi 0000:00:14.3: Detected Intel(R) Wi-Fi 6E AX211 160MHz, REV=0x430
[   18.197392] thermal thermal_zone1: failed to read out thermal zone (-61)
[   18.199505] intel_tcc_cooling: Programmable TCC Offset detected
[   18.201023] Console: switching to colour dummy device 80x25
[   18.205304] iwlwifi 0000:00:14.3: WRT: Invalid buffer destination
[   18.209464] intel_rapl_msr: PL4 support detected.
[   18.209487] intel_rapl_common: Found RAPL domain package
[   18.209489] intel_rapl_common: Found RAPL domain core
[   18.209489] intel_rapl_common: Found RAPL domain uncore
[   18.209491] intel_rapl_common: Found RAPL domain psys
[   18.223221] input: FTCS1000:00 2808:0102 Mouse as /devices/pci0000:00/0000:00:15.0/i2c_designware.0/i2c-1/i2c-FTCS1000:00/0018:2808:0102.000A/input/input30
[   18.223252] input: FTCS1000:00 2808:0102 Touchpad as /devices/pci0000:00/0000:00:15.0/i2c_designware.0/i2c-1/i2c-FTCS1000:00/0018:2808:0102.000A/input/input31
[   18.223278] hid-multitouch 0018:2808:0102.000A: input,hidraw5: I2C HID v1.00 Mouse [FTCS1000:00 2808:0102] on i2c-FTCS1000:00
[   18.227509] i915 0000:00:02.0: vgaarb: VGA decodes changed: olddecodes=io+mem,decodes=none:owns=io+mem
[   18.229112] i915 0000:00:02.0: [drm] Finished loading DMC firmware i915/adls_dmc_ver2_01.bin (v2.1)
[   18.234613] nouveau 0000:02:00.0: vgaarb: deactivate vga console
[   18.234901] nouveau 0000:02:00.0: NVIDIA AD103 (193000a1)
[   18.247803] i915 0000:00:02.0: [drm] GT0: GuC firmware i915/tgl_guc_70.bin version 70.20.0
[   18.247807] i915 0000:00:02.0: [drm] GT0: HuC firmware i915/tgl_huc.bin version 7.9.3
[   18.250196] i915 0000:00:02.0: [drm] GT0: HuC: authenticated for all workloads
[   18.250471] i915 0000:00:02.0: [drm] GT0: GUC: submission enabled
[   18.250472] i915 0000:00:02.0: [drm] GT0: GUC: SLPC enabled
[   18.250984] i915 0000:00:02.0: [drm] GT0: GUC: RC enabled
[   18.251485] i915 0000:00:02.0: [drm] Protected Xe Path (PXP) protected content support initialized
[   18.369443] iwlwifi 0000:00:14.3: WFPM_UMAC_PD_NOTIFICATION: 0x20
[   18.369452] iwlwifi 0000:00:14.3: WFPM_LMAC2_PD_NOTIFICATION: 0x1f
[   18.369460] iwlwifi 0000:00:14.3: WFPM_AUTH_KEY_0: 0x90
[   18.369468] iwlwifi 0000:00:14.3: CNVI_SCU_SEQ_DATA_DW9: 0x0
[   18.369723] iwlwifi 0000:00:14.3: loaded PNVM version 35148b80
[   18.370544] iwlwifi 0000:00:14.3: RFIm is deactivated, reason = 5
[   18.384025] FAT-fs (nvme0n1p1): Volume was not properly unmounted. Some data may be corrupt. Please run fsck.
[   18.386940] iwlwifi 0000:00:14.3: Detected RF GF, rfid=0x2010d000
[   18.456696] iwlwifi 0000:00:14.3: base HW address: e4:c7:67:7c:fd:71
[   18.461109] nouveau 0000:02:00.0: bios: version 95.03.3e.00.1e
[   18.482721] iwlwifi 0000:00:14.3: WRT: Invalid buffer destination
[   18.641786] iwlwifi 0000:00:14.3: WFPM_UMAC_PD_NOTIFICATION: 0x20
[   18.641827] iwlwifi 0000:00:14.3: WFPM_LMAC2_PD_NOTIFICATION: 0x1f
[   18.641835] iwlwifi 0000:00:14.3: WFPM_AUTH_KEY_0: 0x90
[   18.641843] iwlwifi 0000:00:14.3: CNVI_SCU_SEQ_DATA_DW9: 0x0
[   18.642883] iwlwifi 0000:00:14.3: RFIm is deactivated, reason = 5
[   18.732746] iwlwifi 0000:00:14.3: Registered PHC clock: iwlwifi-PTP, with index: 1
[   19.197589] snd_hda_intel 0000:02:00.1: azx_get_response timeout, switching to polling mode: last cmd=0x000f0000
[   19.230865] Bluetooth: hci0: Waiting for firmware download to complete
[   19.231771] Bluetooth: hci0: Firmware loaded in 1313129 usecs
[   19.231961] Bluetooth: hci0: Waiting for device to boot
[   19.247719] Bluetooth: hci0: Malformed MSFT vendor event: 0x02
[   19.247723] Bluetooth: hci0: Device booted in 15540 usecs
[   19.247846] Bluetooth: hci0: Found Intel DDC parameters: intel/ibt-1040-0041.ddc
[   19.249758] Bluetooth: hci0: Applying Intel DDC parameters completed
[   19.252858] Bluetooth: hci0: Firmware timestamp 2024.18 buildtype 1 build 81528
[   19.252872] Bluetooth: hci0: Firmware SHA1: 0xa8bb3f39
[   19.256849] Bluetooth: hci0: Fseq status: Success (0x00)
[   19.256861] Bluetooth: hci0: Fseq executed: 00.00.02.41
[   19.256867] Bluetooth: hci0: Fseq BT Top: 00.00.02.41
[   19.371366] nouveau 0000:02:00.0: DRM: VRAM: 16376 MiB
[   19.371368] nouveau 0000:02:00.0: DRM: GART: 536870912 MiB
[   19.444796] nouveau 0000:02:00.0: DRM: MM: using COPY for buffer copies
[   19.503749] [drm] Initialized nouveau 1.4.0 20120801 for 0000:02:00.0 on minor 0
[   19.532101] fbcon: nouveaudrmfb (fb0) is primary device
[   19.665799] Console: switching to colour frame buffer device 215x45
[   19.667352] nouveau 0000:02:00.0: [drm] fb0: nouveaudrmfb frame buffer device
[   19.926098] i915 0000:00:02.0: [drm] Skipping intel_backlight registration
[   19.926314] [drm] Initialized i915 1.6.0 20230929 for 0000:00:02.0 on minor 1
[   19.926612] ACPI: video: Video Device [GFX0] (multi-head: yes  rom: no  post: no)
[   19.926714] input: Video Bus as /devices/LNXSYSTM:00/LNXSYBUS:00/PNP0A08:00/LNXVIDEO:00/input/input33
[   20.327933] snd_hda_intel 0000:02:00.1: bound 0000:02:00.0 (ops nv50_audio_component_bind_ops [nouveau])
[   20.351080] igc 0000:03:00.0 eno0: NIC Link is Up 1000 Mbps Full Duplex, Flow Control: RX/TX
[   20.568744] acpi device:03: registered as cooling_device34
[   20.576246] systemd-journald[1305]: Received client request to flush runtime journal.
[   20.577562] i915 0000:00:02.0: [drm] fb1: i915drmfb frame buffer device
[   20.579693] snd_hda_intel 0000:00:1f.3: bound 0000:00:02.0 (ops i915_audio_component_bind_ops [i915])
[   20.668650] snd_hda_codec_realtek hdaudioC1D0: autoconfig for ALC1220: line_outs=1 (0x1b/0x0/0x0/0x0/0x0) type:speaker
[   20.668653] snd_hda_codec_realtek hdaudioC1D0:    speaker_outs=0 (0x0/0x0/0x0/0x0/0x0)
[   20.668655] snd_hda_codec_realtek hdaudioC1D0:    hp_outs=1 (0x14/0x0/0x0/0x0/0x0)
[   20.668656] snd_hda_codec_realtek hdaudioC1D0:    mono: mono_out=0x0
[   20.668657] snd_hda_codec_realtek hdaudioC1D0:    dig-out=0x1e/0x0
[   20.668658] snd_hda_codec_realtek hdaudioC1D0:    inputs:
[   20.668658] snd_hda_codec_realtek hdaudioC1D0:      Mic=0x18
[   20.668659] snd_hda_codec_realtek hdaudioC1D0:      Headset Mic=0x19
[   20.668660] snd_hda_codec_realtek hdaudioC1D0:      Internal Mic=0x12
[   20.699471] input: HDA Intel PCH Mic as /devices/pci0000:00/0000:00:1f.3/sound/card1/input34
[   20.699492] input: HDA Intel PCH Headphone as /devices/pci0000:00/0000:00:1f.3/sound/card1/input35
[   20.699512] input: HDA Intel PCH HDMI/DP,pcm=3 as /devices/pci0000:00/0000:00:1f.3/sound/card1/input37
[   20.699532] input: HDA Intel PCH HDMI/DP,pcm=7 as /devices/pci0000:00/0000:00:1f.3/sound/card1/input38
[   20.699551] input: HDA Intel PCH HDMI/DP,pcm=8 as /devices/pci0000:00/0000:00:1f.3/sound/card1/input39
[   20.699565] input: HDA Intel PCH HDMI/DP,pcm=9 as /devices/pci0000:00/0000:00:1f.3/sound/card1/input40
[   20.705486] input: HDA NVidia HDMI/DP,pcm=3 as /devices/pci0000:00/0000:00:01.1/0000:02:00.1/sound/card0/input36
[   20.705506] input: HDA NVidia HDMI/DP,pcm=7 as /devices/pci0000:00/0000:00:01.1/0000:02:00.1/sound/card0/input41
[   20.705523] input: HDA NVidia HDMI/DP,pcm=8 as /devices/pci0000:00/0000:00:01.1/0000:02:00.1/sound/card0/input42
[   20.705535] input: HDA NVidia HDMI/DP,pcm=9 as /devices/pci0000:00/0000:00:01.1/0000:02:00.1/sound/card0/input43
[   21.100126] NET: Registered PF_ALG protocol family
[   21.107674] Bluetooth: BNEP (Ethernet Emulation) ver 1.3
[   21.107685] Bluetooth: BNEP filters: protocol multicast
[   21.107688] Bluetooth: BNEP socket layer initialized
[   21.108319] Bluetooth: MGMT ver 1.22
[   21.293309] iwlwifi 0000:00:14.3: WRT: Invalid buffer destination
[   21.349720] hid-generic 0003:048D:8910.000B: hiddev97,hidraw4: USB HID v1.10 Device [ITE Tech. Inc. ITE Device(829x)] on usb-0000:00:14.0-7/input0
[   21.453574] iwlwifi 0000:00:14.3: WFPM_UMAC_PD_NOTIFICATION: 0x20
[   21.453606] iwlwifi 0000:00:14.3: WFPM_LMAC2_PD_NOTIFICATION: 0x1f
[   21.453614] iwlwifi 0000:00:14.3: WFPM_AUTH_KEY_0: 0x90
[   21.453623] iwlwifi 0000:00:14.3: CNVI_SCU_SEQ_DATA_DW9: 0x0
[   21.454675] iwlwifi 0000:00:14.3: RFIm is deactivated, reason = 5
[   21.559817] tun: Universal TUN/TAP device driver, 1.6
[   21.680355] wlan0: authenticate with 94:a6:7e:7b:61:82 (local address=e4:c7:67:7c:fd:71)
[   21.681346] wlan0: send auth to 94:a6:7e:7b:61:82 (try 1/3)
[   21.724098] wlan0: authenticated
[   21.728566] wlan0: associate with 94:a6:7e:7b:61:82 (try 1/3)
[   21.730668] wlan0: RX AssocResp from 94:a6:7e:7b:61:82 (capab=0x11 status=0 aid=25)
[   21.739021] wlan0: associated
[   21.810205] wlan0: Limiting TX power to 30 (30 - 0) dBm as advertised by 94:a6:7e:7b:61:82
[   31.079819] Bluetooth: RFCOMM TTY layer initialized
[   31.079826] Bluetooth: RFCOMM socket layer initialized
[   31.079830] Bluetooth: RFCOMM ver 1.11
[   74.067747] logitech-hidpp-device 0003:046D:407B.0007: HID++ 4.5 device connected.
[  130.357221] warning: `ThreadPoolForeg' uses wireless extensions which will stop working for Wi-Fi 7 hardware; use nl80211
[  343.405361] xidlehook[2361]: segfault at 10 ip 000058da0e774459 sp 00007ffc8917e080 error 4 in xidlehook[58da0e6c4000+163000] likely on CPU 2 (core 4, socket 0)
[  343.405368] Code: 08 00 00 00 ff 15 cf 09 17 00 48 85 c0 74 5b 4c 89 30 48 89 43 08 48 8d 05 e4 79 16 00 48 89 43 10 48 c7 03 01 00 00 00 eb 34 <41> 8b 46 10 48 69 c8 d3 4d 62 10 48 c1 e9 26 69 d1 e8 03 00 00 29
[ 4869.847726] Bluetooth: hci0: Hardware error 0x0c
[ 4869.861961] Bluetooth: hci0: Retrieving Intel exception info failed (-16)
[ 6040.855622] Bluetooth: hci0: Hardware error 0x0c
[ 6040.868666] Bluetooth: hci0: Retrieving Intel exception info failed (-16)
[ 6712.234683] Bluetooth: hci0: Hardware error 0x0c
[ 6712.248817] Bluetooth: hci0: Retrieving Intel exception info failed (-16)
[ 7705.583754] Bluetooth: hci0: Hardware error 0x0c
[ 7705.597789] Bluetooth: hci0: Retrieving Intel exception info failed (-16)
[12844.755800] Bluetooth: hci0: Hardware error 0x0c
[12844.769947] Bluetooth: hci0: Retrieving Intel exception info failed (-16)
