Jun 21 17:30:16 picard kernel: Linux version 6.9.5-arch1-1 (linux@archlinux) (gcc (GCC) 14.1.1 20240522, GNU ld (GNU Binutils) 2.42.0) #1 SMP PREEMPT_DYNAMIC Sun, 16 Jun 2024 19:06:37 +0000
Jun 21 17:30:16 picard kernel: Command line: initrd=\initramfs-linux.img cryptdevice=PARTUUID=a9ac7b60-ac53-4cf0-8643-bf211e3a76b8:root root=/dev/mapper/root zswap.enabled=0 rootflags=subvol=@ rw rootfstype=btrfs
Jun 21 17:30:16 picard kernel: x86/split lock detection: #AC: crashing the kernel on kernel split_locks and warning on user-space split_locks
Jun 21 17:30:16 picard kernel: BIOS-provided physical RAM map:
Jun 21 17:30:16 picard kernel: BIOS-e820: [mem 0x0000000000000000-0x0000000000000fff] reserved
Jun 21 17:30:16 picard kernel: BIOS-e820: [mem 0x0000000000001000-0x000000000009ffff] usable
Jun 21 17:30:16 picard kernel: BIOS-e820: [mem 0x00000000000a0000-0x00000000000fffff] reserved
Jun 21 17:30:16 picard kernel: BIOS-e820: [mem 0x0000000000100000-0x0000000076950fff] usable
Jun 21 17:30:16 picard kernel: BIOS-e820: [mem 0x0000000076951000-0x0000000076965fff] ACPI data
Jun 21 17:30:16 picard kernel: BIOS-e820: [mem 0x0000000076966000-0x0000000076967fff] reserved
Jun 21 17:30:16 picard kernel: BIOS-e820: [mem 0x0000000076968000-0x0000000076968fff] usable
Jun 21 17:30:16 picard kernel: BIOS-e820: [mem 0x0000000076969000-0x000000007696bfff] reserved
Jun 21 17:30:16 picard kernel: BIOS-e820: [mem 0x000000007696c000-0x000000007696dfff] usable
Jun 21 17:30:16 picard kernel: BIOS-e820: [mem 0x000000007696e000-0x000000007696efff] reserved
Jun 21 17:30:16 picard kernel: BIOS-e820: [mem 0x000000007696f000-0x000000007696ffff] usable
Jun 21 17:30:16 picard kernel: BIOS-e820: [mem 0x0000000076970000-0x00000000803fffff] reserved
Jun 21 17:30:16 picard kernel: BIOS-e820: [mem 0x00000000ff010000-0x00000000ff04ffff] reserved
Jun 21 17:30:16 picard kernel: BIOS-e820: [mem 0x0000000100000000-0x000000187d2defff] usable
Jun 21 17:30:16 picard kernel: BIOS-e820: [mem 0x000000187d2df000-0x000000187d2dffff] reserved
Jun 21 17:30:16 picard kernel: BIOS-e820: [mem 0x000000187d2e0000-0x000000187d2e0fff] usable
Jun 21 17:30:16 picard kernel: BIOS-e820: [mem 0x000000187d2e1000-0x000000187d2e2fff] ACPI data
Jun 21 17:30:16 picard kernel: BIOS-e820: [mem 0x000000187d2e3000-0x000000187e856fff] usable
Jun 21 17:30:16 picard kernel: BIOS-e820: [mem 0x000000187e857000-0x000000187e857fff] ACPI data
Jun 21 17:30:16 picard kernel: BIOS-e820: [mem 0x000000187e858000-0x000000187f409fff] usable
Jun 21 17:30:16 picard kernel: BIOS-e820: [mem 0x000000187f40a000-0x000000187f40bfff] reserved
Jun 21 17:30:16 picard kernel: BIOS-e820: [mem 0x000000187f40c000-0x000000187f4f4fff] usable
Jun 21 17:30:16 picard kernel: BIOS-e820: [mem 0x000000187f4f5000-0x000000187f4fcfff] ACPI NVS
Jun 21 17:30:16 picard kernel: BIOS-e820: [mem 0x000000187f4fd000-0x000000187f5d7fff] usable
Jun 21 17:30:16 picard kernel: BIOS-e820: [mem 0x000000187f5d8000-0x000000187f5dbfff] reserved
Jun 21 17:30:16 picard kernel: BIOS-e820: [mem 0x000000187f5dc000-0x000000187f5eafff] usable
Jun 21 17:30:16 picard kernel: BIOS-e820: [mem 0x000000187f5eb000-0x000000187f5f3fff] reserved
Jun 21 17:30:16 picard kernel: BIOS-e820: [mem 0x000000187f5f4000-0x000000187f5f8fff] usable
Jun 21 17:30:16 picard kernel: BIOS-e820: [mem 0x000000187f5f9000-0x000000187f718fff] reserved
Jun 21 17:30:16 picard kernel: BIOS-e820: [mem 0x000000187f719000-0x000000187f728fff] usable
Jun 21 17:30:16 picard kernel: BIOS-e820: [mem 0x000000187f729000-0x000000187f72bfff] reserved
Jun 21 17:30:16 picard kernel: BIOS-e820: [mem 0x000000187f72c000-0x000000187f72cfff] usable
Jun 21 17:30:16 picard kernel: BIOS-e820: [mem 0x000000187f72d000-0x000000187f72dfff] reserved
Jun 21 17:30:16 picard kernel: BIOS-e820: [mem 0x000000187f72e000-0x000000187f733fff] usable
Jun 21 17:30:16 picard kernel: BIOS-e820: [mem 0x000000187f734000-0x000000187f73cfff] reserved
Jun 21 17:30:16 picard kernel: BIOS-e820: [mem 0x000000187f73d000-0x000000187f753fff] usable
Jun 21 17:30:16 picard kernel: BIOS-e820: [mem 0x000000187f754000-0x000000187f757fff] reserved
Jun 21 17:30:16 picard kernel: BIOS-e820: [mem 0x000000187f758000-0x000000187f75cfff] usable
Jun 21 17:30:16 picard kernel: BIOS-e820: [mem 0x000000187f75d000-0x000000187f78ffff] reserved
Jun 21 17:30:16 picard kernel: BIOS-e820: [mem 0x000000187f790000-0x000000187f7a4fff] usable
Jun 21 17:30:16 picard kernel: BIOS-e820: [mem 0x000000187f7a5000-0x000000187f7aefff] reserved
Jun 21 17:30:16 picard kernel: BIOS-e820: [mem 0x000000187f7af000-0x000000187f7affff] usable
Jun 21 17:30:16 picard kernel: BIOS-e820: [mem 0x000000187f7b0000-0x000000187f7b9fff] reserved
Jun 21 17:30:16 picard kernel: BIOS-e820: [mem 0x000000187f7ba000-0x000000187f7bcfff] usable
Jun 21 17:30:16 picard kernel: BIOS-e820: [mem 0x000000187f7bd000-0x000000187f7befff] reserved
Jun 21 17:30:16 picard kernel: BIOS-e820: [mem 0x000000187f7bf000-0x000000187f7cdfff] usable
Jun 21 17:30:16 picard kernel: BIOS-e820: [mem 0x000000187f7ce000-0x000000187f7cefff] reserved
Jun 21 17:30:16 picard kernel: BIOS-e820: [mem 0x000000187f7cf000-0x000000187f7d3fff] usable
Jun 21 17:30:16 picard kernel: BIOS-e820: [mem 0x000000187f7d4000-0x000000187f7d4fff] reserved
Jun 21 17:30:16 picard kernel: BIOS-e820: [mem 0x000000187f7d5000-0x000000187fbfffff] usable
Jun 21 17:30:16 picard kernel: NX (Execute Disable) protection: active
Jun 21 17:30:16 picard kernel: APIC: Static calls initialized
Jun 21 17:30:16 picard kernel: e820: update [mem 0x187d2e3018-0x187d307e57] usable ==> usable
Jun 21 17:30:16 picard kernel: extended physical RAM map:
Jun 21 17:30:16 picard kernel: reserve setup_data: [mem 0x0000000000000000-0x0000000000000fff] reserved
Jun 21 17:30:16 picard kernel: reserve setup_data: [mem 0x0000000000001000-0x000000000009ffff] usable
Jun 21 17:30:16 picard kernel: reserve setup_data: [mem 0x00000000000a0000-0x00000000000fffff] reserved
Jun 21 17:30:16 picard kernel: reserve setup_data: [mem 0x0000000000100000-0x0000000076950fff] usable
Jun 21 17:30:16 picard kernel: reserve setup_data: [mem 0x0000000076951000-0x0000000076965fff] ACPI data
Jun 21 17:30:16 picard kernel: reserve setup_data: [mem 0x0000000076966000-0x0000000076967fff] reserved
Jun 21 17:30:16 picard kernel: reserve setup_data: [mem 0x0000000076968000-0x0000000076968fff] usable
Jun 21 17:30:16 picard kernel: reserve setup_data: [mem 0x0000000076969000-0x000000007696bfff] reserved
Jun 21 17:30:16 picard kernel: reserve setup_data: [mem 0x000000007696c000-0x000000007696dfff] usable
Jun 21 17:30:16 picard kernel: reserve setup_data: [mem 0x000000007696e000-0x000000007696efff] reserved
Jun 21 17:30:16 picard kernel: reserve setup_data: [mem 0x000000007696f000-0x000000007696ffff] usable
Jun 21 17:30:16 picard kernel: reserve setup_data: [mem 0x0000000076970000-0x00000000803fffff] reserved
Jun 21 17:30:16 picard kernel: reserve setup_data: [mem 0x00000000ff010000-0x00000000ff04ffff] reserved
Jun 21 17:30:16 picard kernel: reserve setup_data: [mem 0x0000000100000000-0x000000187d2defff] usable
Jun 21 17:30:16 picard kernel: reserve setup_data: [mem 0x000000187d2df000-0x000000187d2dffff] reserved
Jun 21 17:30:16 picard kernel: reserve setup_data: [mem 0x000000187d2e0000-0x000000187d2e0fff] usable
Jun 21 17:30:16 picard kernel: reserve setup_data: [mem 0x000000187d2e1000-0x000000187d2e2fff] ACPI data
Jun 21 17:30:16 picard kernel: reserve setup_data: [mem 0x000000187d2e3000-0x000000187d2e3017] usable
Jun 21 17:30:16 picard kernel: reserve setup_data: [mem 0x000000187d2e3018-0x000000187d307e57] usable
Jun 21 17:30:16 picard kernel: reserve setup_data: [mem 0x000000187d307e58-0x000000187e856fff] usable
Jun 21 17:30:16 picard kernel: reserve setup_data: [mem 0x000000187e857000-0x000000187e857fff] ACPI data
Jun 21 17:30:16 picard kernel: reserve setup_data: [mem 0x000000187e858000-0x000000187f409fff] usable
Jun 21 17:30:16 picard kernel: reserve setup_data: [mem 0x000000187f40a000-0x000000187f40bfff] reserved
Jun 21 17:30:16 picard kernel: reserve setup_data: [mem 0x000000187f40c000-0x000000187f4f4fff] usable
Jun 21 17:30:16 picard kernel: reserve setup_data: [mem 0x000000187f4f5000-0x000000187f4fcfff] ACPI NVS
Jun 21 17:30:16 picard kernel: reserve setup_data: [mem 0x000000187f4fd000-0x000000187f5d7fff] usable
Jun 21 17:30:16 picard kernel: reserve setup_data: [mem 0x000000187f5d8000-0x000000187f5dbfff] reserved
Jun 21 17:30:16 picard kernel: reserve setup_data: [mem 0x000000187f5dc000-0x000000187f5eafff] usable
Jun 21 17:30:16 picard kernel: reserve setup_data: [mem 0x000000187f5eb000-0x000000187f5f3fff] reserved
Jun 21 17:30:16 picard kernel: reserve setup_data: [mem 0x000000187f5f4000-0x000000187f5f8fff] usable
Jun 21 17:30:16 picard kernel: reserve setup_data: [mem 0x000000187f5f9000-0x000000187f718fff] reserved
Jun 21 17:30:16 picard kernel: reserve setup_data: [mem 0x000000187f719000-0x000000187f728fff] usable
Jun 21 17:30:16 picard kernel: reserve setup_data: [mem 0x000000187f729000-0x000000187f72bfff] reserved
Jun 21 17:30:16 picard kernel: reserve setup_data: [mem 0x000000187f72c000-0x000000187f72cfff] usable
Jun 21 17:30:16 picard kernel: reserve setup_data: [mem 0x000000187f72d000-0x000000187f72dfff] reserved
Jun 21 17:30:16 picard kernel: reserve setup_data: [mem 0x000000187f72e000-0x000000187f733fff] usable
Jun 21 17:30:16 picard kernel: reserve setup_data: [mem 0x000000187f734000-0x000000187f73cfff] reserved
Jun 21 17:30:16 picard kernel: reserve setup_data: [mem 0x000000187f73d000-0x000000187f753fff] usable
Jun 21 17:30:16 picard kernel: reserve setup_data: [mem 0x000000187f754000-0x000000187f757fff] reserved
Jun 21 17:30:16 picard kernel: reserve setup_data: [mem 0x000000187f758000-0x000000187f75cfff] usable
Jun 21 17:30:16 picard kernel: reserve setup_data: [mem 0x000000187f75d000-0x000000187f78ffff] reserved
Jun 21 17:30:16 picard kernel: reserve setup_data: [mem 0x000000187f790000-0x000000187f7a4fff] usable
Jun 21 17:30:16 picard kernel: reserve setup_data: [mem 0x000000187f7a5000-0x000000187f7aefff] reserved
Jun 21 17:30:16 picard kernel: reserve setup_data: [mem 0x000000187f7af000-0x000000187f7affff] usable
Jun 21 17:30:16 picard kernel: reserve setup_data: [mem 0x000000187f7b0000-0x000000187f7b9fff] reserved
Jun 21 17:30:16 picard kernel: reserve setup_data: [mem 0x000000187f7ba000-0x000000187f7bcfff] usable
Jun 21 17:30:16 picard kernel: reserve setup_data: [mem 0x000000187f7bd000-0x000000187f7befff] reserved
Jun 21 17:30:16 picard kernel: reserve setup_data: [mem 0x000000187f7bf000-0x000000187f7cdfff] usable
Jun 21 17:30:16 picard kernel: reserve setup_data: [mem 0x000000187f7ce000-0x000000187f7cefff] reserved
Jun 21 17:30:16 picard kernel: reserve setup_data: [mem 0x000000187f7cf000-0x000000187f7d3fff] usable
Jun 21 17:30:16 picard kernel: reserve setup_data: [mem 0x000000187f7d4000-0x000000187f7d4fff] reserved
Jun 21 17:30:16 picard kernel: reserve setup_data: [mem 0x000000187f7d5000-0x000000187fbfffff] usable
Jun 21 17:30:16 picard kernel: efi: EFI v2.7 by EDK II
Jun 21 17:30:16 picard kernel: efi: SMBIOS=0x7696b000 SMBIOS 3.0=0x187f7d4000 ACPI=0x76965000 ACPI 2.0=0x76965014 TPMFinalLog=0x187f4f5000 MEMATTR=0x187e7b8118 RNG=0x187e857e18 INITRD=0x187e790d98 TPMEventLog=0x187d308018 
Jun 21 17:30:16 picard kernel: random: crng init done
Jun 21 17:30:16 picard kernel: efi: Remove mem136: MMIO range=[0xff010000-0xff04ffff] (0MB) from e820 map
Jun 21 17:30:16 picard kernel: e820: remove [mem 0xff010000-0xff04ffff] reserved
Jun 21 17:30:16 picard kernel: SMBIOS 3.3.0 present.
Jun 21 17:30:16 picard kernel: DMI: System76 Bonobo WS/Bonobo WS, BIOS 2023-10-20_2e4e34b 10/20/2023
Jun 21 17:30:16 picard kernel: tsc: Detected 2400.000 MHz processor
Jun 21 17:30:16 picard kernel: tsc: Detected 2419.200 MHz TSC
Jun 21 17:30:16 picard kernel: e820: update [mem 0x00000000-0x00000fff] usable ==> reserved
Jun 21 17:30:16 picard kernel: e820: remove [mem 0x000a0000-0x000fffff] usable
Jun 21 17:30:16 picard kernel: last_pfn = 0x187fc00 max_arch_pfn = 0x400000000
Jun 21 17:30:16 picard kernel: total RAM covered: 98156M
Jun 21 17:30:16 picard kernel: Found optimal setting for mtrr clean up
Jun 21 17:30:16 picard kernel:  gran_size: 64K         chunk_size: 256M         num_reg: 10          lose cover RAM: 0G
Jun 21 17:30:16 picard kernel: MTRR map: 7 entries (3 fixed + 4 variable; max 23), built from 10 variable MTRRs
Jun 21 17:30:16 picard kernel: x86/PAT: Configuration [0-7]: WB  WC  UC- UC  WB  WP  UC- WT  
Jun 21 17:30:16 picard kernel: e820: update [mem 0x77000000-0xffffffff] usable ==> reserved
Jun 21 17:30:16 picard kernel: last_pfn = 0x76970 max_arch_pfn = 0x400000000
Jun 21 17:30:16 picard kernel: Using GB pages for direct mapping
Jun 21 17:30:16 picard kernel: Incomplete global flushes, disabling PCID
Jun 21 17:30:16 picard kernel: Secure boot disabled
Jun 21 17:30:16 picard kernel: RAMDISK: [mem 0x187a4e7000-0x187b96dfff]
Jun 21 17:30:16 picard kernel: ACPI: Early table checksum verification disabled
Jun 21 17:30:16 picard kernel: ACPI: RSDP 0x0000000076965014 000024 (v02 COREv4)
Jun 21 17:30:16 picard kernel: ACPI: XSDT 0x000000187E857F18 00006C (v01 COREv4 COREBOOT 00000000      01000013)
Jun 21 17:30:16 picard kernel: ACPI: FACP 0x0000000076963000 000114 (v06 COREv4 COREBOOT 00000000 CORE 20221020)
Jun 21 17:30:16 picard kernel: ACPI: DSDT 0x000000007695E000 004C93 (v02 COREv4 COREBOOT 20110725 INTL 20221020)
Jun 21 17:30:16 picard kernel: ACPI: FACS 0x000000007698D240 000040
Jun 21 17:30:16 picard kernel: ACPI: SSDT 0x0000000076957000 00641C (v02 COREv4 COREBOOT 0000002A CORE 20221020)
Jun 21 17:30:16 picard kernel: ACPI: MCFG 0x0000000076956000 00003C (v01 COREv4 COREBOOT 00000000 CORE 20221020)
Jun 21 17:30:16 picard kernel: ACPI: TPM2 0x0000000076955000 00004C (v04 COREv4 COREBOOT 00000000 CORE 20221020)
Jun 21 17:30:16 picard kernel: ACPI: LPIT 0x0000000076954000 000094 (v00 COREv4 COREBOOT 0000002A CORE 20221020)
Jun 21 17:30:16 picard kernel: ACPI: APIC 0x0000000076953000 000152 (v03 COREv4 COREBOOT 00000000 CORE 20221020)
Jun 21 17:30:16 picard kernel: ACPI: DMAR 0x0000000076952000 000088 (v01 COREv4 COREBOOT 00000000 CORE 20221020)
Jun 21 17:30:16 picard kernel: ACPI: HPET 0x0000000076951000 000038 (v01 COREv4 COREBOOT 00000000 CORE 20221020)
Jun 21 17:30:16 picard kernel: ACPI: BGRT 0x000000187E857018 000038 (v00 INTEL      EDK2 00001720 PTL  00000002)
Jun 21 17:30:16 picard kernel: ACPI: Reserving FACP table memory at [mem 0x76963000-0x76963113]
Jun 21 17:30:16 picard kernel: ACPI: Reserving DSDT table memory at [mem 0x7695e000-0x76962c92]
Jun 21 17:30:16 picard kernel: ACPI: Reserving FACS table memory at [mem 0x7698d240-0x7698d27f]
Jun 21 17:30:16 picard kernel: ACPI: Reserving SSDT table memory at [mem 0x76957000-0x7695d41b]
Jun 21 17:30:16 picard kernel: ACPI: Reserving MCFG table memory at [mem 0x76956000-0x7695603b]
Jun 21 17:30:16 picard kernel: ACPI: Reserving TPM2 table memory at [mem 0x76955000-0x7695504b]
Jun 21 17:30:16 picard kernel: ACPI: Reserving LPIT table memory at [mem 0x76954000-0x76954093]
Jun 21 17:30:16 picard kernel: ACPI: Reserving APIC table memory at [mem 0x76953000-0x76953151]
Jun 21 17:30:16 picard kernel: ACPI: Reserving DMAR table memory at [mem 0x76952000-0x76952087]
Jun 21 17:30:16 picard kernel: ACPI: Reserving HPET table memory at [mem 0x76951000-0x76951037]
Jun 21 17:30:16 picard kernel: ACPI: Reserving BGRT table memory at [mem 0x187e857018-0x187e85704f]
Jun 21 17:30:16 picard kernel: No NUMA configuration found
Jun 21 17:30:16 picard kernel: Faking a node at [mem 0x0000000000000000-0x000000187fbfffff]
Jun 21 17:30:16 picard kernel: NODE_DATA(0) allocated [mem 0x187e852000-0x187e856fff]
Jun 21 17:30:16 picard kernel: Zone ranges:
Jun 21 17:30:16 picard kernel:   DMA      [mem 0x0000000000001000-0x0000000000ffffff]
Jun 21 17:30:16 picard kernel:   DMA32    [mem 0x0000000001000000-0x00000000ffffffff]
Jun 21 17:30:16 picard kernel:   Normal   [mem 0x0000000100000000-0x000000187fbfffff]
Jun 21 17:30:16 picard kernel:   Device   empty
Jun 21 17:30:16 picard kernel: Movable zone start for each node
Jun 21 17:30:16 picard kernel: Early memory node ranges
Jun 21 17:30:16 picard kernel:   node   0: [mem 0x0000000000001000-0x000000000009ffff]
Jun 21 17:30:16 picard kernel:   node   0: [mem 0x0000000000100000-0x0000000076950fff]
Jun 21 17:30:16 picard kernel:   node   0: [mem 0x0000000076968000-0x0000000076968fff]
Jun 21 17:30:16 picard kernel:   node   0: [mem 0x000000007696c000-0x000000007696dfff]
Jun 21 17:30:16 picard kernel:   node   0: [mem 0x000000007696f000-0x000000007696ffff]
Jun 21 17:30:16 picard kernel:   node   0: [mem 0x0000000100000000-0x000000187d2defff]
Jun 21 17:30:16 picard kernel:   node   0: [mem 0x000000187d2e0000-0x000000187d2e0fff]
Jun 21 17:30:16 picard kernel:   node   0: [mem 0x000000187d2e3000-0x000000187e856fff]
Jun 21 17:30:16 picard kernel:   node   0: [mem 0x000000187e858000-0x000000187f409fff]
Jun 21 17:30:16 picard kernel:   node   0: [mem 0x000000187f40c000-0x000000187f4f4fff]
Jun 21 17:30:16 picard kernel:   node   0: [mem 0x000000187f4fd000-0x000000187f5d7fff]
Jun 21 17:30:16 picard kernel:   node   0: [mem 0x000000187f5dc000-0x000000187f5eafff]
Jun 21 17:30:16 picard kernel:   node   0: [mem 0x000000187f5f4000-0x000000187f5f8fff]
Jun 21 17:30:16 picard kernel:   node   0: [mem 0x000000187f719000-0x000000187f728fff]
Jun 21 17:30:16 picard kernel:   node   0: [mem 0x000000187f72c000-0x000000187f72cfff]
Jun 21 17:30:16 picard kernel:   node   0: [mem 0x000000187f72e000-0x000000187f733fff]
Jun 21 17:30:16 picard kernel:   node   0: [mem 0x000000187f73d000-0x000000187f753fff]
Jun 21 17:30:16 picard kernel:   node   0: [mem 0x000000187f758000-0x000000187f75cfff]
Jun 21 17:30:16 picard kernel:   node   0: [mem 0x000000187f790000-0x000000187f7a4fff]
Jun 21 17:30:16 picard kernel:   node   0: [mem 0x000000187f7af000-0x000000187f7affff]
Jun 21 17:30:16 picard kernel:   node   0: [mem 0x000000187f7ba000-0x000000187f7bcfff]
Jun 21 17:30:16 picard kernel:   node   0: [mem 0x000000187f7bf000-0x000000187f7cdfff]
Jun 21 17:30:16 picard kernel:   node   0: [mem 0x000000187f7cf000-0x000000187f7d3fff]
Jun 21 17:30:16 picard kernel:   node   0: [mem 0x000000187f7d5000-0x000000187fbfffff]
Jun 21 17:30:16 picard kernel: Initmem setup node 0 [mem 0x0000000000001000-0x000000187fbfffff]
Jun 21 17:30:16 picard kernel: On node 0, zone DMA: 1 pages in unavailable ranges
Jun 21 17:30:16 picard kernel: On node 0, zone DMA: 96 pages in unavailable ranges
Jun 21 17:30:16 picard kernel: On node 0, zone DMA32: 23 pages in unavailable ranges
Jun 21 17:30:16 picard kernel: On node 0, zone DMA32: 3 pages in unavailable ranges
Jun 21 17:30:16 picard kernel: On node 0, zone DMA32: 1 pages in unavailable ranges
Jun 21 17:30:16 picard kernel: On node 0, zone Normal: 5776 pages in unavailable ranges
Jun 21 17:30:16 picard kernel: On node 0, zone Normal: 1 pages in unavailable ranges
Jun 21 17:30:16 picard kernel: On node 0, zone Normal: 2 pages in unavailable ranges
Jun 21 17:30:16 picard kernel: On node 0, zone Normal: 1 pages in unavailable ranges
Jun 21 17:30:16 picard kernel: On node 0, zone Normal: 2 pages in unavailable ranges
Jun 21 17:30:16 picard kernel: On node 0, zone Normal: 8 pages in unavailable ranges
Jun 21 17:30:16 picard kernel: On node 0, zone Normal: 4 pages in unavailable ranges
Jun 21 17:30:16 picard kernel: On node 0, zone Normal: 9 pages in unavailable ranges
Jun 21 17:30:16 picard kernel: On node 0, zone Normal: 288 pages in unavailable ranges
Jun 21 17:30:16 picard kernel: On node 0, zone Normal: 3 pages in unavailable ranges
Jun 21 17:30:16 picard kernel: On node 0, zone Normal: 1 pages in unavailable ranges
Jun 21 17:30:16 picard kernel: On node 0, zone Normal: 9 pages in unavailable ranges
Jun 21 17:30:16 picard kernel: On node 0, zone Normal: 4 pages in unavailable ranges
Jun 21 17:30:16 picard kernel: On node 0, zone Normal: 51 pages in unavailable ranges
Jun 21 17:30:16 picard kernel: On node 0, zone Normal: 10 pages in unavailable ranges
Jun 21 17:30:16 picard kernel: On node 0, zone Normal: 10 pages in unavailable ranges
Jun 21 17:30:16 picard kernel: On node 0, zone Normal: 2 pages in unavailable ranges
Jun 21 17:30:16 picard kernel: On node 0, zone Normal: 1 pages in unavailable ranges
Jun 21 17:30:16 picard kernel: On node 0, zone Normal: 1 pages in unavailable ranges
Jun 21 17:30:16 picard kernel: On node 0, zone Normal: 1024 pages in unavailable ranges
Jun 21 17:30:16 picard kernel: Reserving Intel graphics memory at [mem 0x7c800000-0x803fffff]
Jun 21 17:30:16 picard kernel: ACPI: PM-Timer IO Port: 0x1808
Jun 21 17:30:16 picard kernel: ACPI: LAPIC_NMI (acpi_id[0xff] high edge lint[0x1])
Jun 21 17:30:16 picard kernel: IOAPIC[0]: apic_id 2, version 32, address 0xfec00000, GSI 0-119
Jun 21 17:30:16 picard kernel: ACPI: INT_SRC_OVR (bus 0 bus_irq 0 global_irq 2 dfl dfl)
Jun 21 17:30:16 picard kernel: ACPI: INT_SRC_OVR (bus 0 bus_irq 9 global_irq 9 high level)
Jun 21 17:30:16 picard kernel: ACPI: Using ACPI (MADT) for SMP configuration information
Jun 21 17:30:16 picard kernel: ACPI: HPET id: 0x8086a701 base: 0xfed00000
Jun 21 17:30:16 picard kernel: e820: update [mem 0x187e7b9000-0x187e807fff] usable ==> reserved
Jun 21 17:30:16 picard kernel: TSC deadline timer available
Jun 21 17:30:16 picard kernel: CPU topo: Max. logical packages:   1
Jun 21 17:30:16 picard kernel: CPU topo: Max. logical dies:       1
Jun 21 17:30:16 picard kernel: CPU topo: Max. dies per package:   1
Jun 21 17:30:16 picard kernel: CPU topo: Max. threads per core:   2
Jun 21 17:30:16 picard kernel: CPU topo: Num. cores per package:    24
Jun 21 17:30:16 picard kernel: CPU topo: Num. threads per package:  32
Jun 21 17:30:16 picard kernel: CPU topo: Allowing 32 present CPUs plus 0 hotplug CPUs
Jun 21 17:30:16 picard kernel: PM: hibernation: Registered nosave memory: [mem 0x00000000-0x00000fff]
Jun 21 17:30:16 picard kernel: PM: hibernation: Registered nosave memory: [mem 0x000a0000-0x000fffff]
Jun 21 17:30:16 picard kernel: PM: hibernation: Registered nosave memory: [mem 0x76951000-0x76965fff]
Jun 21 17:30:16 picard kernel: PM: hibernation: Registered nosave memory: [mem 0x76966000-0x76967fff]
Jun 21 17:30:16 picard kernel: PM: hibernation: Registered nosave memory: [mem 0x76969000-0x7696bfff]
Jun 21 17:30:16 picard kernel: PM: hibernation: Registered nosave memory: [mem 0x7696e000-0x7696efff]
Jun 21 17:30:16 picard kernel: PM: hibernation: Registered nosave memory: [mem 0x76970000-0x803fffff]
Jun 21 17:30:16 picard kernel: PM: hibernation: Registered nosave memory: [mem 0x80400000-0xffffffff]
Jun 21 17:30:16 picard kernel: PM: hibernation: Registered nosave memory: [mem 0x187d2df000-0x187d2dffff]
Jun 21 17:30:16 picard kernel: PM: hibernation: Registered nosave memory: [mem 0x187d2e1000-0x187d2e2fff]
Jun 21 17:30:16 picard kernel: PM: hibernation: Registered nosave memory: [mem 0x187d2e3000-0x187d2e3fff]
Jun 21 17:30:16 picard kernel: PM: hibernation: Registered nosave memory: [mem 0x187d307000-0x187d307fff]
Jun 21 17:30:16 picard kernel: PM: hibernation: Registered nosave memory: [mem 0x187e7b9000-0x187e807fff]
Jun 21 17:30:16 picard kernel: PM: hibernation: Registered nosave memory: [mem 0x187e857000-0x187e857fff]
Jun 21 17:30:16 picard kernel: PM: hibernation: Registered nosave memory: [mem 0x187f40a000-0x187f40bfff]
Jun 21 17:30:16 picard kernel: PM: hibernation: Registered nosave memory: [mem 0x187f4f5000-0x187f4fcfff]
Jun 21 17:30:16 picard kernel: PM: hibernation: Registered nosave memory: [mem 0x187f5d8000-0x187f5dbfff]
Jun 21 17:30:16 picard kernel: PM: hibernation: Registered nosave memory: [mem 0x187f5eb000-0x187f5f3fff]
Jun 21 17:30:16 picard kernel: PM: hibernation: Registered nosave memory: [mem 0x187f5f9000-0x187f718fff]
Jun 21 17:30:16 picard kernel: PM: hibernation: Registered nosave memory: [mem 0x187f729000-0x187f72bfff]
Jun 21 17:30:16 picard kernel: PM: hibernation: Registered nosave memory: [mem 0x187f72d000-0x187f72dfff]
Jun 21 17:30:16 picard kernel: PM: hibernation: Registered nosave memory: [mem 0x187f734000-0x187f73cfff]
Jun 21 17:30:16 picard kernel: PM: hibernation: Registered nosave memory: [mem 0x187f754000-0x187f757fff]
Jun 21 17:30:16 picard kernel: PM: hibernation: Registered nosave memory: [mem 0x187f75d000-0x187f78ffff]
Jun 21 17:30:16 picard kernel: PM: hibernation: Registered nosave memory: [mem 0x187f7a5000-0x187f7aefff]
Jun 21 17:30:16 picard kernel: PM: hibernation: Registered nosave memory: [mem 0x187f7b0000-0x187f7b9fff]
Jun 21 17:30:16 picard kernel: PM: hibernation: Registered nosave memory: [mem 0x187f7bd000-0x187f7befff]
Jun 21 17:30:16 picard kernel: PM: hibernation: Registered nosave memory: [mem 0x187f7ce000-0x187f7cefff]
Jun 21 17:30:16 picard kernel: PM: hibernation: Registered nosave memory: [mem 0x187f7d4000-0x187f7d4fff]
Jun 21 17:30:16 picard kernel: [mem 0x80400000-0xffffffff] available for PCI devices
Jun 21 17:30:16 picard kernel: Booting paravirtualized kernel on bare hardware
Jun 21 17:30:16 picard kernel: clocksource: refined-jiffies: mask: 0xffffffff max_cycles: 0xffffffff, max_idle_ns: 6370452778343963 ns
Jun 21 17:30:16 picard kernel: setup_percpu: NR_CPUS:320 nr_cpumask_bits:32 nr_cpu_ids:32 nr_node_ids:1
Jun 21 17:30:16 picard kernel: percpu: Embedded 66 pages/cpu s233472 r8192 d28672 u524288
Jun 21 17:30:16 picard kernel: pcpu-alloc: s233472 r8192 d28672 u524288 alloc=1*2097152
Jun 21 17:30:16 picard kernel: pcpu-alloc: [0] 00 01 02 03 [0] 04 05 06 07 
Jun 21 17:30:16 picard kernel: pcpu-alloc: [0] 08 09 10 11 [0] 12 13 14 15 
Jun 21 17:30:16 picard kernel: pcpu-alloc: [0] 16 17 18 19 [0] 20 21 22 23 
Jun 21 17:30:16 picard kernel: pcpu-alloc: [0] 24 25 26 27 [0] 28 29 30 31 
Jun 21 17:30:16 picard kernel: Kernel command line: initrd=\initramfs-linux.img cryptdevice=PARTUUID=a9ac7b60-ac53-4cf0-8643-bf211e3a76b8:root root=/dev/mapper/root zswap.enabled=0 rootflags=subvol=@ rw rootfstype=btrfs
Jun 21 17:30:16 picard kernel: Unknown kernel command line parameters "cryptdevice=PARTUUID=a9ac7b60-ac53-4cf0-8643-bf211e3a76b8:root", will be passed to user space.
Jun 21 17:30:16 picard kernel: printk: log_buf_len individual max cpu contribution: 4096 bytes
Jun 21 17:30:16 picard kernel: printk: log_buf_len total cpu_extra contributions: 126976 bytes
Jun 21 17:30:16 picard kernel: printk: log_buf_len min size: 131072 bytes
Jun 21 17:30:16 picard kernel: printk: log_buf_len: 262144 bytes
Jun 21 17:30:16 picard kernel: printk: early log buf free: 110728(84%)
Jun 21 17:30:16 picard kernel: Dentry cache hash table entries: 8388608 (order: 14, 67108864 bytes, linear)
Jun 21 17:30:16 picard kernel: Inode-cache hash table entries: 4194304 (order: 13, 33554432 bytes, linear)
Jun 21 17:30:16 picard kernel: Fallback order for Node 0: 0 
Jun 21 17:30:16 picard kernel: Built 1 zonelists, mobility grouping on.  Total pages: 24730920
Jun 21 17:30:16 picard kernel: Policy zone: Normal
Jun 21 17:30:16 picard kernel: mem auto-init: stack:all(zero), heap alloc:on, heap free:off
Jun 21 17:30:16 picard kernel: software IO TLB: area num 32.
Jun 21 17:30:16 picard kernel: Memory: 98654076K/100502900K available (18432K kernel code, 2164K rwdata, 13224K rodata, 3412K init, 3624K bss, 1848564K reserved, 0K cma-reserved)
Jun 21 17:30:16 picard kernel: SLUB: HWalign=64, Order=0-3, MinObjects=0, CPUs=32, Nodes=1
Jun 21 17:30:16 picard kernel: ftrace: allocating 49858 entries in 195 pages
Jun 21 17:30:16 picard kernel: ftrace: allocated 195 pages with 4 groups
Jun 21 17:30:16 picard kernel: Dynamic Preempt: full
Jun 21 17:30:16 picard kernel: rcu: Preemptible hierarchical RCU implementation.
Jun 21 17:30:16 picard kernel: rcu:         RCU restricting CPUs from NR_CPUS=320 to nr_cpu_ids=32.
Jun 21 17:30:16 picard kernel: rcu:         RCU priority boosting: priority 1 delay 500 ms.
Jun 21 17:30:16 picard kernel:         Trampoline variant of Tasks RCU enabled.
Jun 21 17:30:16 picard kernel:         Rude variant of Tasks RCU enabled.
Jun 21 17:30:16 picard kernel:         Tracing variant of Tasks RCU enabled.
Jun 21 17:30:16 picard kernel: rcu: RCU calculated value of scheduler-enlistment delay is 30 jiffies.
Jun 21 17:30:16 picard kernel: rcu: Adjusting geometry for rcu_fanout_leaf=16, nr_cpu_ids=32
Jun 21 17:30:16 picard kernel: RCU Tasks: Setting shift to 5 and lim to 1 rcu_task_cb_adjust=1.
Jun 21 17:30:16 picard kernel: RCU Tasks Rude: Setting shift to 5 and lim to 1 rcu_task_cb_adjust=1.
Jun 21 17:30:16 picard kernel: RCU Tasks Trace: Setting shift to 5 and lim to 1 rcu_task_cb_adjust=1.
Jun 21 17:30:16 picard kernel: NR_IRQS: 20736, nr_irqs: 2312, preallocated irqs: 16
Jun 21 17:30:16 picard kernel: rcu: srcu_init: Setting srcu_struct sizes based on contention.
Jun 21 17:30:16 picard kernel: kfence: initialized - using 2097152 bytes for 255 objects at 0x(____ptrval____)-0x(____ptrval____)
Jun 21 17:30:16 picard kernel: spurious 8259A interrupt: IRQ7.
Jun 21 17:30:16 picard kernel: Console: colour dummy device 80x25
Jun 21 17:30:16 picard kernel: printk: legacy console [tty0] enabled
Jun 21 17:30:16 picard kernel: ACPI: Core revision 20230628
Jun 21 17:30:16 picard kernel: hpet: HPET dysfunctional in PC10. Force disabled.
Jun 21 17:30:16 picard kernel: APIC: Switch to symmetric I/O mode setup
Jun 21 17:30:16 picard kernel: DMAR: Host address width 39
Jun 21 17:30:16 picard kernel: DMAR: DRHD base: 0x000000fed90000 flags: 0x0
Jun 21 17:30:16 picard kernel: DMAR: dmar0: reg_base_addr fed90000 ver 4:0 cap 1c0000c40660462 ecap 29a00f0505e
Jun 21 17:30:16 picard kernel: DMAR: DRHD base: 0x000000fed91000 flags: 0x1
Jun 21 17:30:16 picard kernel: DMAR: dmar1: reg_base_addr fed91000 ver 5:0 cap d2008c40660462 ecap f050da
Jun 21 17:30:16 picard kernel: DMAR: RMRR base: 0x0000007c000000 end: 0x000000803fffff
Jun 21 17:30:16 picard kernel: DMAR-IR: IOAPIC id 2 under DRHD base  0xfed91000 IOMMU 1
Jun 21 17:30:16 picard kernel: DMAR-IR: HPET id 0 under DRHD base 0xfed91000
Jun 21 17:30:16 picard kernel: DMAR-IR: Queued invalidation will be enabled to support x2apic and Intr-remapping.
Jun 21 17:30:16 picard kernel: DMAR-IR: Enabled IRQ remapping in x2apic mode
Jun 21 17:30:16 picard kernel: x2apic enabled
Jun 21 17:30:16 picard kernel: APIC: Switched APIC routing to: cluster x2apic
Jun 21 17:30:16 picard kernel: clocksource: tsc-early: mask: 0xffffffffffffffff max_cycles: 0x22df1149949, max_idle_ns: 440795312789 ns
Jun 21 17:30:16 picard kernel: Calibrating delay loop (skipped), value calculated using timer frequency.. 4840.00 BogoMIPS (lpj=8064000)
Jun 21 17:30:16 picard kernel: CPU0: Thermal monitoring enabled (TM1)
Jun 21 17:30:16 picard kernel: x86/cpu: User Mode Instruction Prevention (UMIP) activated
Jun 21 17:30:16 picard kernel: CET detected: Indirect Branch Tracking enabled
Jun 21 17:30:16 picard kernel: Last level iTLB entries: 4KB 0, 2MB 0, 4MB 0
Jun 21 17:30:16 picard kernel: Last level dTLB entries: 4KB 0, 2MB 0, 4MB 0, 1GB 0
Jun 21 17:30:16 picard kernel: process: using mwait in idle threads
Jun 21 17:30:16 picard kernel: Spectre V1 : Mitigation: usercopy/swapgs barriers and __user pointer sanitization
Jun 21 17:30:16 picard kernel: Spectre V2 : Mitigation: Enhanced / Automatic IBRS
Jun 21 17:30:16 picard kernel: Spectre V2 : Spectre v2 / SpectreRSB mitigation: Filling RSB on context switch
Jun 21 17:30:16 picard kernel: Spectre V2 : Spectre v2 / PBRSB-eIBRS: Retire a single CALL on VMEXIT
Jun 21 17:30:16 picard kernel: Spectre V2 : mitigation: Enabling conditional Indirect Branch Prediction Barrier
Jun 21 17:30:16 picard kernel: Speculative Store Bypass: Mitigation: Speculative Store Bypass disabled via prctl
Jun 21 17:30:16 picard kernel: Register File Data Sampling: Mitigation: Clear Register File
Jun 21 17:30:16 picard kernel: x86/fpu: Supporting XSAVE feature 0x001: 'x87 floating point registers'
Jun 21 17:30:16 picard kernel: x86/fpu: Supporting XSAVE feature 0x002: 'SSE registers'
Jun 21 17:30:16 picard kernel: x86/fpu: Supporting XSAVE feature 0x004: 'AVX registers'
Jun 21 17:30:16 picard kernel: x86/fpu: Supporting XSAVE feature 0x200: 'Protection Keys User registers'
Jun 21 17:30:16 picard kernel: x86/fpu: Supporting XSAVE feature 0x800: 'Control-flow User registers'
Jun 21 17:30:16 picard kernel: x86/fpu: xstate_offset[2]:  576, xstate_sizes[2]:  256
Jun 21 17:30:16 picard kernel: x86/fpu: xstate_offset[9]:  832, xstate_sizes[9]:    8
Jun 21 17:30:16 picard kernel: x86/fpu: xstate_offset[11]:  840, xstate_sizes[11]:   16
Jun 21 17:30:16 picard kernel: x86/fpu: Enabled xstate features 0xa07, context size is 856 bytes, using 'compacted' format.
Jun 21 17:30:16 picard kernel: Freeing SMP alternatives memory: 40K
Jun 21 17:30:16 picard kernel: pid_max: default: 32768 minimum: 301
Jun 21 17:30:16 picard kernel: LSM: initializing lsm=capability,landlock,lockdown,yama,bpf
Jun 21 17:30:16 picard kernel: landlock: Up and running.
Jun 21 17:30:16 picard kernel: Yama: becoming mindful.
Jun 21 17:30:16 picard kernel: LSM support for eBPF active
Jun 21 17:30:16 picard kernel: Mount-cache hash table entries: 131072 (order: 8, 1048576 bytes, linear)
Jun 21 17:30:16 picard kernel: Mountpoint-cache hash table entries: 131072 (order: 8, 1048576 bytes, linear)
Jun 21 17:30:16 picard kernel: smpboot: CPU0: Intel(R) Core(TM) i9-14900HX (family: 0x6, model: 0xb7, stepping: 0x1)
Jun 21 17:30:16 picard kernel: Performance Events: XSAVE Architectural LBR, PEBS fmt4+-baseline,  AnyThread deprecated, Alderlake Hybrid events, 32-deep LBR, full-width counters, Intel PMU driver.
Jun 21 17:30:16 picard kernel: core: cpu_core PMU driver: 
Jun 21 17:30:16 picard kernel: ... version:                5
Jun 21 17:30:16 picard kernel: ... bit width:              48
Jun 21 17:30:16 picard kernel: ... generic registers:      8
Jun 21 17:30:16 picard kernel: ... value mask:             0000ffffffffffff
Jun 21 17:30:16 picard kernel: ... max period:             00007fffffffffff
Jun 21 17:30:16 picard kernel: ... fixed-purpose events:   4
Jun 21 17:30:16 picard kernel: ... event mask:             0001000f000000ff
Jun 21 17:30:16 picard kernel: signal: max sigframe size: 3632
Jun 21 17:30:16 picard kernel: Estimated ratio of average max frequency by base frequency (times 1024): 2218
Jun 21 17:30:16 picard kernel: rcu: Hierarchical SRCU implementation.
Jun 21 17:30:16 picard kernel: rcu:         Max phase no-delay instances is 1000.
Jun 21 17:30:16 picard kernel: NMI watchdog: Enabled. Permanently consumes one hw-PMU counter.
Jun 21 17:30:16 picard kernel: smp: Bringing up secondary CPUs ...
Jun 21 17:30:16 picard kernel: smpboot: x86: Booting SMP configuration:
Jun 21 17:30:16 picard kernel: .... node  #0, CPUs:        #2  #4  #6  #8 #10 #12 #14 #16 #17 #18 #19 #20 #21 #22 #23 #24 #25 #26 #27 #28 #29 #30 #31
Jun 21 17:30:16 picard kernel: core: cpu_atom PMU driver: PEBS-via-PT 
Jun 21 17:30:16 picard kernel: ... version:                5
Jun 21 17:30:16 picard kernel: ... bit width:              48
Jun 21 17:30:16 picard kernel: ... generic registers:      6
Jun 21 17:30:16 picard kernel: ... value mask:             0000ffffffffffff
Jun 21 17:30:16 picard kernel: ... max period:             00007fffffffffff
Jun 21 17:30:16 picard kernel: ... fixed-purpose events:   3
Jun 21 17:30:16 picard kernel: ... event mask:             000000070000003f
Jun 21 17:30:16 picard kernel:   #1  #3  #5  #7  #9 #11 #13 #15
Jun 21 17:30:16 picard kernel: smp: Brought up 1 node, 32 CPUs
Jun 21 17:30:16 picard kernel: smpboot: Total of 32 processors activated (154890.00 BogoMIPS)
Jun 21 17:30:16 picard kernel: devtmpfs: initialized
Jun 21 17:30:16 picard kernel: x86/mm: Memory block size: 2048MB
Jun 21 17:30:16 picard kernel: ACPI: PM: Registering ACPI NVS region [mem 0x187f4f5000-0x187f4fcfff] (32768 bytes)
Jun 21 17:30:16 picard kernel: clocksource: jiffies: mask: 0xffffffff max_cycles: 0xffffffff, max_idle_ns: 6370867519511994 ns
Jun 21 17:30:16 picard kernel: futex hash table entries: 8192 (order: 7, 524288 bytes, linear)
Jun 21 17:30:16 picard kernel: pinctrl core: initialized pinctrl subsystem
Jun 21 17:30:16 picard kernel: PM: RTC time: 22:29:53, date: 2024-06-21
Jun 21 17:30:16 picard kernel: NET: Registered PF_NETLINK/PF_ROUTE protocol family
Jun 21 17:30:16 picard kernel: DMA: preallocated 4096 KiB GFP_KERNEL pool for atomic allocations
Jun 21 17:30:16 picard kernel: DMA: preallocated 4096 KiB GFP_KERNEL|GFP_DMA pool for atomic allocations
Jun 21 17:30:16 picard kernel: DMA: preallocated 4096 KiB GFP_KERNEL|GFP_DMA32 pool for atomic allocations
Jun 21 17:30:16 picard kernel: audit: initializing netlink subsys (disabled)
Jun 21 17:30:16 picard kernel: audit: type=2000 audit(1719008993.083:1): state=initialized audit_enabled=0 res=1
Jun 21 17:30:16 picard kernel: thermal_sys: Registered thermal governor 'fair_share'
Jun 21 17:30:16 picard kernel: thermal_sys: Registered thermal governor 'bang_bang'
Jun 21 17:30:16 picard kernel: thermal_sys: Registered thermal governor 'step_wise'
Jun 21 17:30:16 picard kernel: thermal_sys: Registered thermal governor 'user_space'
Jun 21 17:30:16 picard kernel: thermal_sys: Registered thermal governor 'power_allocator'
Jun 21 17:30:16 picard kernel: cpuidle: using governor ladder
Jun 21 17:30:16 picard kernel: cpuidle: using governor menu
Jun 21 17:30:16 picard kernel: acpiphp: ACPI Hot Plug PCI Controller Driver version: 0.5
Jun 21 17:30:16 picard kernel: PCI: ECAM [mem 0xc0000000-0xcfffffff] (base 0xc0000000) for domain 0000 [bus 00-ff]
Jun 21 17:30:16 picard kernel: PCI: Using configuration type 1 for base access
Jun 21 17:30:16 picard kernel: kprobes: kprobe jump-optimization is enabled. All kprobes are optimized if possible.
Jun 21 17:30:16 picard kernel: HugeTLB: registered 1.00 GiB page size, pre-allocated 0 pages
Jun 21 17:30:16 picard kernel: HugeTLB: 16380 KiB vmemmap can be freed for a 1.00 GiB page
Jun 21 17:30:16 picard kernel: HugeTLB: registered 2.00 MiB page size, pre-allocated 0 pages
Jun 21 17:30:16 picard kernel: HugeTLB: 28 KiB vmemmap can be freed for a 2.00 MiB page
Jun 21 17:30:16 picard kernel: Demotion targets for Node 0: null
Jun 21 17:30:16 picard kernel: ACPI: Added _OSI(Module Device)
Jun 21 17:30:16 picard kernel: ACPI: Added _OSI(Processor Device)
Jun 21 17:30:16 picard kernel: ACPI: Added _OSI(3.0 _SCP Extensions)
Jun 21 17:30:16 picard kernel: ACPI: Added _OSI(Processor Aggregator Device)
Jun 21 17:30:16 picard kernel: ACPI: 2 ACPI AML tables successfully acquired and loaded
Jun 21 17:30:16 picard kernel: ACPI: _OSC evaluation for CPUs failed, trying _PDC
Jun 21 17:30:16 picard kernel: ACPI: EC: EC started
Jun 21 17:30:16 picard kernel: ACPI: EC: interrupt blocked
Jun 21 17:30:16 picard kernel: ACPI: EC: EC_CMD/EC_SC=0x66, EC_DATA=0x62
Jun 21 17:30:16 picard kernel: ACPI: \_SB_.PCI0.LPCB.EC0_: Boot DSDT EC used to handle transactions
Jun 21 17:30:16 picard kernel: ACPI: Interpreter enabled
Jun 21 17:30:16 picard kernel: ACPI: PM: (supports S0 S3 S4 S5)
Jun 21 17:30:16 picard kernel: ACPI: Using IOAPIC for interrupt routing
Jun 21 17:30:16 picard kernel: PCI: Using host bridge windows from ACPI; if necessary, use "pci=nocrs" and report a bug
Jun 21 17:30:16 picard kernel: PCI: Ignoring E820 reservations for host bridge windows
Jun 21 17:30:16 picard kernel: ACPI: \_SB_.PCI0.PEG2.PWRR: New power resource
Jun 21 17:30:16 picard kernel: ACPI: \_SB_.PCI0.PEG2.DEV0.PWRR: New power resource
Jun 21 17:30:16 picard kernel: ACPI: PCI Root Bridge [PCI0] (domain 0000 [bus 00-ff])
Jun 21 17:30:16 picard kernel: acpi PNP0A08:00: _OSC: OS supports [ExtendedConfig ASPM ClockPM Segments MSI EDR HPX-Type3]
Jun 21 17:30:16 picard kernel: acpi PNP0A08:00: _OSC: OS now controls [PCIeHotplug SHPCHotplug PME AER PCIeCapability LTR DPC]
Jun 21 17:30:16 picard kernel: PCI host bridge to bus 0000:00
Jun 21 17:30:16 picard kernel: pci_bus 0000:00: root bus resource [io  0x0000-0x0cf7 window]
Jun 21 17:30:16 picard kernel: pci_bus 0000:00: root bus resource [io  0x0d00-0xffff window]
Jun 21 17:30:16 picard kernel: pci_bus 0000:00: root bus resource [mem 0x000a0000-0x000fffff window]
Jun 21 17:30:16 picard kernel: pci_bus 0000:00: root bus resource [mem 0x80400000-0xdfffffff window]
Jun 21 17:30:16 picard kernel: pci_bus 0000:00: root bus resource [mem 0x187fc00000-0x7fffffffff window]
Jun 21 17:30:16 picard kernel: pci_bus 0000:00: root bus resource [mem 0xe0000000-0xfe7fffff window]
Jun 21 17:30:16 picard kernel: pci_bus 0000:00: root bus resource [mem 0xfed40000-0xfed47fff window]
Jun 21 17:30:16 picard kernel: pci_bus 0000:00: root bus resource [bus 00-ff]
Jun 21 17:30:16 picard kernel: pci 0000:00:00.0: [8086:a702] type 00 class 0x060000 conventional PCI endpoint
Jun 21 17:30:16 picard kernel: pci 0000:00:01.0: [8086:a70d] type 01 class 0x060400 PCIe Root Port
Jun 21 17:30:16 picard kernel: pci 0000:00:01.0: PCI bridge to [bus 01]
Jun 21 17:30:16 picard kernel: pci 0000:00:01.0:   bridge window [mem 0x80600000-0x806fffff]
Jun 21 17:30:16 picard kernel: pci 0000:00:01.0: PME# supported from D0 D3hot D3cold
Jun 21 17:30:16 picard kernel: pci 0000:00:01.0: PTM enabled (root), 4ns granularity
Jun 21 17:30:16 picard kernel: pci 0000:00:01.1: [8086:a72d] type 01 class 0x060400 PCIe Root Port
Jun 21 17:30:16 picard kernel: pci 0000:00:01.1: PCI bridge to [bus 02]
Jun 21 17:30:16 picard kernel: pci 0000:00:01.1:   bridge window [io  0x6000-0x6fff]
Jun 21 17:30:16 picard kernel: pci 0000:00:01.1:   bridge window [mem 0x81000000-0x820fffff]
Jun 21 17:30:16 picard kernel: pci 0000:00:01.1:   bridge window [mem 0x1c00000000-0x2001ffffff 64bit pref]
Jun 21 17:30:16 picard kernel: pci 0000:00:01.1: PME# supported from D0 D3hot D3cold
Jun 21 17:30:16 picard kernel: pci 0000:00:01.1: PTM enabled (root), 4ns granularity
Jun 21 17:30:16 picard kernel: pci 0000:00:02.0: [8086:a788] type 00 class 0x030000 PCIe Root Complex Integrated Endpoint
Jun 21 17:30:16 picard kernel: pci 0000:00:02.0: BAR 0 [mem 0x83000000-0x83ffffff 64bit]
Jun 21 17:30:16 picard kernel: pci 0000:00:02.0: BAR 2 [mem 0x90000000-0x9fffffff 64bit pref]
Jun 21 17:30:16 picard kernel: pci 0000:00:02.0: BAR 4 [io  0x1000-0x103f]
Jun 21 17:30:16 picard kernel: pci 0000:00:02.0: DMAR: Skip IOMMU disabling for graphics
Jun 21 17:30:16 picard kernel: pci 0000:00:02.0: Video device with shadowed ROM at [mem 0x000c0000-0x000dffff]
Jun 21 17:30:16 picard kernel: pci 0000:00:02.0: VF BAR 0 [mem 0x00000000-0x00ffffff 64bit]
Jun 21 17:30:16 picard kernel: pci 0000:00:02.0: VF BAR 0 [mem 0x00000000-0x06ffffff 64bit]: contains BAR 0 for 7 VFs
Jun 21 17:30:16 picard kernel: pci 0000:00:02.0: VF BAR 2 [mem 0x00000000-0x1fffffff 64bit pref]
Jun 21 17:30:16 picard kernel: pci 0000:00:02.0: VF BAR 2 [mem 0x00000000-0xdfffffff 64bit pref]: contains BAR 2 for 7 VFs
Jun 21 17:30:16 picard kernel: pci 0000:00:0a.0: [8086:a77d] type 00 class 0x118000 PCIe Root Complex Integrated Endpoint
Jun 21 17:30:16 picard kernel: pci 0000:00:0a.0: BAR 0 [mem 0x80810000-0x80817fff 64bit]
Jun 21 17:30:16 picard kernel: pci 0000:00:0a.0: enabling Extended Tags
Jun 21 17:30:16 picard kernel: pci 0000:00:14.0: [8086:7a60] type 00 class 0x0c0330 conventional PCI endpoint
Jun 21 17:30:16 picard kernel: pci 0000:00:14.0: BAR 0 [mem 0x80800000-0x8080ffff 64bit]
Jun 21 17:30:16 picard kernel: pci 0000:00:14.0: PME# supported from D3hot D3cold
Jun 21 17:30:16 picard kernel: pci 0000:00:14.2: [8086:7a27] type 00 class 0x050000 conventional PCI endpoint
Jun 21 17:30:16 picard kernel: pci 0000:00:14.2: BAR 0 [mem 0xfe010000-0xfe013fff 64bit]
Jun 21 17:30:16 picard kernel: pci 0000:00:14.2: BAR 2 [mem 0x80824000-0x80824fff 64bit]
Jun 21 17:30:16 picard kernel: pci 0000:00:14.3: [8086:7a70] type 00 class 0x028000 PCIe Root Complex Integrated Endpoint
Jun 21 17:30:16 picard kernel: pci 0000:00:14.3: BAR 0 [mem 0x8081c000-0x8081ffff 64bit]
Jun 21 17:30:16 picard kernel: pci 0000:00:14.3: PME# supported from D0 D3hot D3cold
Jun 21 17:30:16 picard kernel: pci 0000:00:15.0: [8086:7a4c] type 00 class 0x0c8000 conventional PCI endpoint
Jun 21 17:30:16 picard kernel: pci 0000:00:15.0: BAR 0 [mem 0x80825000-0x80825fff 64bit]
Jun 21 17:30:16 picard kernel: pci 0000:00:15.1: [8086:7a4d] type 00 class 0x0c8000 conventional PCI endpoint
Jun 21 17:30:16 picard kernel: pci 0000:00:15.1: BAR 0 [mem 0x80826000-0x80826fff 64bit]
Jun 21 17:30:16 picard kernel: pci 0000:00:1c.0: [8086:7a3e] type 01 class 0x060400 PCIe Root Port
Jun 21 17:30:16 picard kernel: pci 0000:00:1c.0: PCI bridge to [bus 03]
Jun 21 17:30:16 picard kernel: pci 0000:00:1c.0:   bridge window [mem 0x80400000-0x805fffff]
Jun 21 17:30:16 picard kernel: pci 0000:00:1c.0: PME# supported from D0 D3hot D3cold
Jun 21 17:30:16 picard kernel: pci 0000:00:1c.0: PTM enabled (root), 4ns granularity
Jun 21 17:30:16 picard kernel: pci 0000:00:1d.0: [8086:7a30] type 01 class 0x060400 PCIe Root Port
Jun 21 17:30:16 picard kernel: pci 0000:00:1d.0: PCI bridge to [bus 04-49]
Jun 21 17:30:16 picard kernel: pci 0000:00:1d.0:   bridge window [io  0x2000-0x5fff]
Jun 21 17:30:16 picard kernel: pci 0000:00:1d.0:   bridge window [mem 0x84000000-0x880fffff]
Jun 21 17:30:16 picard kernel: pci 0000:00:1d.0:   bridge window [mem 0x187fc00000-0x18bfcfffff 64bit pref]
Jun 21 17:30:16 picard kernel: pci 0000:00:1d.0: PME# supported from D0 D3hot D3cold
Jun 21 17:30:16 picard kernel: pci 0000:00:1d.0: PTM enabled (root), 4ns granularity
Jun 21 17:30:16 picard kernel: pci 0000:00:1f.0: [8086:7a0c] type 00 class 0x060100 conventional PCI endpoint
Jun 21 17:30:16 picard kernel: pci 0000:00:1f.3: [8086:7a50] type 00 class 0x040300 conventional PCI endpoint
Jun 21 17:30:16 picard kernel: pci 0000:00:1f.3: BAR 0 [mem 0x80820000-0x80823fff 64bit]
Jun 21 17:30:16 picard kernel: pci 0000:00:1f.3: BAR 4 [mem 0x80700000-0x807fffff 64bit]
Jun 21 17:30:16 picard kernel: pci 0000:00:1f.3: PME# supported from D3hot D3cold
Jun 21 17:30:16 picard kernel: pci 0000:00:1f.4: [8086:7a23] type 00 class 0x0c0500 conventional PCI endpoint
Jun 21 17:30:16 picard kernel: pci 0000:00:1f.4: BAR 0 [mem 0x80829000-0x808290ff 64bit]
Jun 21 17:30:16 picard kernel: pci 0000:00:1f.4: BAR 4 [io  0xefa0-0xefbf]
Jun 21 17:30:16 picard kernel: pci 0000:00:1f.5: [8086:7a24] type 00 class 0x0c8000 conventional PCI endpoint
Jun 21 17:30:16 picard kernel: pci 0000:00:1f.5: BAR 0 [mem 0x80828000-0x80828fff]
Jun 21 17:30:16 picard kernel: pci 0000:01:00.0: [144d:a80c] type 00 class 0x010802 PCIe Endpoint
Jun 21 17:30:16 picard kernel: pci 0000:01:00.0: BAR 0 [mem 0x80600000-0x80603fff 64bit]
Jun 21 17:30:16 picard kernel: pci 0000:00:01.0: PCI bridge to [bus 01]
Jun 21 17:30:16 picard kernel: pci 0000:02:00.0: [10de:2757] type 00 class 0x030000 PCIe Legacy Endpoint
Jun 21 17:30:16 picard kernel: pci 0000:02:00.0: BAR 0 [mem 0x81000000-0x81ffffff]
Jun 21 17:30:16 picard kernel: pci 0000:02:00.0: BAR 1 [mem 0x1c00000000-0x1fffffffff 64bit pref]
Jun 21 17:30:16 picard kernel: pci 0000:02:00.0: BAR 3 [mem 0x2000000000-0x2001ffffff 64bit pref]
Jun 21 17:30:16 picard kernel: pci 0000:02:00.0: BAR 5 [io  0x6000-0x607f]
Jun 21 17:30:16 picard kernel: pci 0000:02:00.0: ROM [mem 0x82000000-0x8207ffff pref]
Jun 21 17:30:16 picard kernel: pci 0000:02:00.0: PME# supported from D0 D3hot
Jun 21 17:30:16 picard kernel: pci 0000:02:00.0: 16.000 Gb/s available PCIe bandwidth, limited by 2.5 GT/s PCIe x8 link at 0000:00:01.1 (capable of 252.048 Gb/s with 16.0 GT/s PCIe x16 link)
Jun 21 17:30:16 picard kernel: pci 0000:02:00.1: [10de:22bb] type 00 class 0x040300 PCIe Endpoint
Jun 21 17:30:16 picard kernel: pci 0000:02:00.1: BAR 0 [mem 0x82080000-0x82083fff]
Jun 21 17:30:16 picard kernel: pci 0000:00:01.1: PCI bridge to [bus 02]
Jun 21 17:30:16 picard kernel: pci 0000:03:00.0: [8086:3102] type 00 class 0x020000 PCIe Endpoint
Jun 21 17:30:16 picard kernel: pci 0000:03:00.0: BAR 0 [mem 0x80400000-0x804fffff]
Jun 21 17:30:16 picard kernel: pci 0000:03:00.0: BAR 3 [mem 0x80500000-0x80503fff]
Jun 21 17:30:16 picard kernel: pci 0000:03:00.0: PME# supported from D0 D3hot D3cold
Jun 21 17:30:16 picard kernel: pci 0000:00:1c.0: PCI bridge to [bus 03]
Jun 21 17:30:16 picard kernel: pci 0000:04:00.0: [8086:1136] type 01 class 0x060400 PCIe Switch Upstream Port
Jun 21 17:30:16 picard kernel: pci 0000:04:00.0: PCI bridge to [bus 05-49]
Jun 21 17:30:16 picard kernel: pci 0000:04:00.0:   bridge window [io  0x2000-0x5fff]
Jun 21 17:30:16 picard kernel: pci 0000:04:00.0:   bridge window [mem 0x84000000-0x880fffff]
Jun 21 17:30:16 picard kernel: pci 0000:04:00.0:   bridge window [mem 0x187fc00000-0x18bfcfffff 64bit pref]
Jun 21 17:30:16 picard kernel: pci 0000:04:00.0: enabling Extended Tags
Jun 21 17:30:16 picard kernel: pci 0000:04:00.0: supports D1 D2
Jun 21 17:30:16 picard kernel: pci 0000:04:00.0: PME# supported from D0 D1 D2 D3hot D3cold
Jun 21 17:30:16 picard kernel: pci 0000:04:00.0: PTM enabled, 4ns granularity
Jun 21 17:30:16 picard kernel: pci 0000:00:1d.0: PCI bridge to [bus 04-49]
Jun 21 17:30:16 picard kernel: pci 0000:05:00.0: [8086:1136] type 01 class 0x060400 PCIe Switch Downstream Port
Jun 21 17:30:16 picard kernel: pci 0000:05:00.0: PCI bridge to [bus 06]
Jun 21 17:30:16 picard kernel: pci 0000:05:00.0:   bridge window [mem 0x18bfc00000-0x18bfcfffff 64bit pref]
Jun 21 17:30:16 picard kernel: pci 0000:05:00.0: enabling Extended Tags
Jun 21 17:30:16 picard kernel: pci 0000:05:00.0: supports D1 D2
Jun 21 17:30:16 picard kernel: pci 0000:05:00.0: PME# supported from D0 D1 D2 D3hot D3cold
Jun 21 17:30:16 picard kernel: pci 0000:05:01.0: [8086:1136] type 01 class 0x060400 PCIe Switch Downstream Port
Jun 21 17:30:16 picard kernel: pci 0000:05:01.0: PCI bridge to [bus 07-27]
Jun 21 17:30:16 picard kernel: pci 0000:05:01.0:   bridge window [io  0x2000-0x3fff]
Jun 21 17:30:16 picard kernel: pci 0000:05:01.0:   bridge window [mem 0x84000000-0x85ffffff]
Jun 21 17:30:16 picard kernel: pci 0000:05:01.0:   bridge window [mem 0x187fc00000-0x189fbfffff 64bit pref]
Jun 21 17:30:16 picard kernel: pci 0000:05:01.0: enabling Extended Tags
Jun 21 17:30:16 picard kernel: pci 0000:05:01.0: supports D1 D2
Jun 21 17:30:16 picard kernel: pci 0000:05:01.0: PME# supported from D0 D1 D2 D3hot D3cold
Jun 21 17:30:16 picard kernel: pci 0000:05:02.0: [8086:1136] type 01 class 0x060400 PCIe Switch Downstream Port
Jun 21 17:30:16 picard kernel: pci 0000:05:02.0: PCI bridge to [bus 28]
Jun 21 17:30:16 picard kernel: pci 0000:05:02.0:   bridge window [mem 0x88000000-0x880fffff]
Jun 21 17:30:16 picard kernel: pci 0000:05:02.0: enabling Extended Tags
Jun 21 17:30:16 picard kernel: pci 0000:05:02.0: supports D1 D2
Jun 21 17:30:16 picard kernel: pci 0000:05:02.0: PME# supported from D0 D1 D2 D3hot D3cold
Jun 21 17:30:16 picard kernel: pci 0000:05:03.0: [8086:1136] type 01 class 0x060400 PCIe Switch Downstream Port
Jun 21 17:30:16 picard kernel: pci 0000:05:03.0: PCI bridge to [bus 29-49]
Jun 21 17:30:16 picard kernel: pci 0000:05:03.0:   bridge window [io  0x4000-0x5fff]
Jun 21 17:30:16 picard kernel: pci 0000:05:03.0:   bridge window [mem 0x86000000-0x87ffffff]
Jun 21 17:30:16 picard kernel: pci 0000:05:03.0:   bridge window [mem 0x189fc00000-0x18bfbfffff 64bit pref]
Jun 21 17:30:16 picard kernel: pci 0000:05:03.0: enabling Extended Tags
Jun 21 17:30:16 picard kernel: pci 0000:05:03.0: supports D1 D2
Jun 21 17:30:16 picard kernel: pci 0000:05:03.0: PME# supported from D0 D1 D2 D3hot D3cold
Jun 21 17:30:16 picard kernel: pci 0000:04:00.0: PCI bridge to [bus 05-49]
Jun 21 17:30:16 picard kernel: pci 0000:06:00.0: [8086:1137] type 00 class 0x0c0340 PCIe Endpoint
Jun 21 17:30:16 picard kernel: pci 0000:06:00.0: BAR 0 [mem 0x18bfc00000-0x18bfc3ffff 64bit pref]
Jun 21 17:30:16 picard kernel: pci 0000:06:00.0: BAR 2 [mem 0x18bfc40000-0x18bfc40fff 64bit pref]
Jun 21 17:30:16 picard kernel: pci 0000:06:00.0: enabling Extended Tags
Jun 21 17:30:16 picard kernel: pci 0000:06:00.0: supports D1 D2
Jun 21 17:30:16 picard kernel: pci 0000:06:00.0: PME# supported from D0 D1 D2 D3hot D3cold
Jun 21 17:30:16 picard kernel: pci 0000:05:00.0: PCI bridge to [bus 06]
Jun 21 17:30:16 picard kernel: pci 0000:05:01.0: PCI bridge to [bus 07-27]
Jun 21 17:30:16 picard kernel: pci 0000:28:00.0: [8086:1138] type 00 class 0x0c0330 PCIe Endpoint
Jun 21 17:30:16 picard kernel: pci 0000:28:00.0: BAR 0 [mem 0x88000000-0x8800ffff 64bit]
Jun 21 17:30:16 picard kernel: pci 0000:28:00.0: enabling Extended Tags
Jun 21 17:30:16 picard kernel: pci 0000:28:00.0: PME# supported from D3hot D3cold
Jun 21 17:30:16 picard kernel: pci 0000:05:02.0: PCI bridge to [bus 28]
Jun 21 17:30:16 picard kernel: pci 0000:05:03.0: PCI bridge to [bus 29-49]
Jun 21 17:30:16 picard kernel: ACPI: EC: interrupt unblocked
Jun 21 17:30:16 picard kernel: ACPI: EC: event unblocked
Jun 21 17:30:16 picard kernel: ACPI: EC: EC_CMD/EC_SC=0x66, EC_DATA=0x62
Jun 21 17:30:16 picard kernel: ACPI: EC: GPE=0x6e
Jun 21 17:30:16 picard kernel: ACPI: \_SB_.PCI0.LPCB.EC0_: Boot DSDT EC initialization complete
Jun 21 17:30:16 picard kernel: ACPI: \_SB_.PCI0.LPCB.EC0_: EC: Used to handle transactions and events
Jun 21 17:30:16 picard kernel: iommu: Default domain type: Translated
Jun 21 17:30:16 picard kernel: iommu: DMA domain TLB invalidation policy: lazy mode
Jun 21 17:30:16 picard kernel: SCSI subsystem initialized
Jun 21 17:30:16 picard kernel: libata version 3.00 loaded.
Jun 21 17:30:16 picard kernel: ACPI: bus type USB registered
Jun 21 17:30:16 picard kernel: usbcore: registered new interface driver usbfs
Jun 21 17:30:16 picard kernel: usbcore: registered new interface driver hub
Jun 21 17:30:16 picard kernel: usbcore: registered new device driver usb
Jun 21 17:30:16 picard kernel: EDAC MC: Ver: 3.0.0
Jun 21 17:30:16 picard kernel: efivars: Registered efivars operations
Jun 21 17:30:16 picard kernel: NetLabel: Initializing
Jun 21 17:30:16 picard kernel: NetLabel:  domain hash size = 128
Jun 21 17:30:16 picard kernel: NetLabel:  protocols = UNLABELED CIPSOv4 CALIPSO
Jun 21 17:30:16 picard kernel: NetLabel:  unlabeled traffic allowed by default
Jun 21 17:30:16 picard kernel: mctp: management component transport protocol core
Jun 21 17:30:16 picard kernel: NET: Registered PF_MCTP protocol family
Jun 21 17:30:16 picard kernel: PCI: Using ACPI for IRQ routing
Jun 21 17:30:16 picard kernel: PCI: pci_cache_line_size set to 64 bytes
Jun 21 17:30:16 picard kernel: e820: reserve RAM buffer [mem 0x76951000-0x77ffffff]
Jun 21 17:30:16 picard kernel: e820: reserve RAM buffer [mem 0x76969000-0x77ffffff]
Jun 21 17:30:16 picard kernel: e820: reserve RAM buffer [mem 0x7696e000-0x77ffffff]
Jun 21 17:30:16 picard kernel: e820: reserve RAM buffer [mem 0x76970000-0x77ffffff]
Jun 21 17:30:16 picard kernel: e820: reserve RAM buffer [mem 0x187d2df000-0x187fffffff]
Jun 21 17:30:16 picard kernel: e820: reserve RAM buffer [mem 0x187d2e1000-0x187fffffff]
Jun 21 17:30:16 picard kernel: e820: reserve RAM buffer [mem 0x187d2e3018-0x187fffffff]
Jun 21 17:30:16 picard kernel: e820: reserve RAM buffer [mem 0x187e7b9000-0x187fffffff]
Jun 21 17:30:16 picard kernel: e820: reserve RAM buffer [mem 0x187e857000-0x187fffffff]
Jun 21 17:30:16 picard kernel: e820: reserve RAM buffer [mem 0x187f40a000-0x187fffffff]
Jun 21 17:30:16 picard kernel: e820: reserve RAM buffer [mem 0x187f4f5000-0x187fffffff]
Jun 21 17:30:16 picard kernel: e820: reserve RAM buffer [mem 0x187f5d8000-0x187fffffff]
Jun 21 17:30:16 picard kernel: e820: reserve RAM buffer [mem 0x187f5eb000-0x187fffffff]
Jun 21 17:30:16 picard kernel: e820: reserve RAM buffer [mem 0x187f5f9000-0x187fffffff]
Jun 21 17:30:16 picard kernel: e820: reserve RAM buffer [mem 0x187f729000-0x187fffffff]
Jun 21 17:30:16 picard kernel: e820: reserve RAM buffer [mem 0x187f72d000-0x187fffffff]
Jun 21 17:30:16 picard kernel: e820: reserve RAM buffer [mem 0x187f734000-0x187fffffff]
Jun 21 17:30:16 picard kernel: e820: reserve RAM buffer [mem 0x187f754000-0x187fffffff]
Jun 21 17:30:16 picard kernel: e820: reserve RAM buffer [mem 0x187f75d000-0x187fffffff]
Jun 21 17:30:16 picard kernel: e820: reserve RAM buffer [mem 0x187f7a5000-0x187fffffff]
Jun 21 17:30:16 picard kernel: e820: reserve RAM buffer [mem 0x187f7b0000-0x187fffffff]
Jun 21 17:30:16 picard kernel: e820: reserve RAM buffer [mem 0x187f7bd000-0x187fffffff]
Jun 21 17:30:16 picard kernel: e820: reserve RAM buffer [mem 0x187f7ce000-0x187fffffff]
Jun 21 17:30:16 picard kernel: e820: reserve RAM buffer [mem 0x187f7d4000-0x187fffffff]
Jun 21 17:30:16 picard kernel: e820: reserve RAM buffer [mem 0x187fc00000-0x187fffffff]
Jun 21 17:30:16 picard kernel: pci 0000:00:02.0: vgaarb: setting as boot VGA device
Jun 21 17:30:16 picard kernel: pci 0000:00:02.0: vgaarb: bridge control possible
Jun 21 17:30:16 picard kernel: pci 0000:00:02.0: vgaarb: VGA device added: decodes=io+mem,owns=io+mem,locks=none
Jun 21 17:30:16 picard kernel: pci 0000:02:00.0: vgaarb: bridge control possible
Jun 21 17:30:16 picard kernel: pci 0000:02:00.0: vgaarb: VGA device added: decodes=io+mem,owns=none,locks=none
Jun 21 17:30:16 picard kernel: vgaarb: loaded
Jun 21 17:30:16 picard kernel: clocksource: Switched to clocksource tsc-early
Jun 21 17:30:16 picard kernel: VFS: Disk quotas dquot_6.6.0
Jun 21 17:30:16 picard kernel: VFS: Dquot-cache hash table entries: 512 (order 0, 4096 bytes)
Jun 21 17:30:16 picard kernel: pnp: PnP ACPI init
Jun 21 17:30:16 picard kernel: pnp 00:00: disabling [mem 0xc0000000-0xcfffffff] because it overlaps 0000:00:02.0 BAR 9 [mem 0x00000000-0xdfffffff 64bit pref]
Jun 21 17:30:16 picard kernel: system 00:00: [mem 0xfedc0000-0xfeddffff] has been reserved
Jun 21 17:30:16 picard kernel: system 00:00: [mem 0xfeda0000-0xfeda0fff] has been reserved
Jun 21 17:30:16 picard kernel: system 00:00: [mem 0xfeda1000-0xfeda1fff] has been reserved
Jun 21 17:30:16 picard kernel: system 00:00: [mem 0xfed90000-0xfed93fff] could not be reserved
Jun 21 17:30:16 picard kernel: system 00:00: [mem 0xfe000000-0xffffffff] could not be reserved
Jun 21 17:30:16 picard kernel: system 00:00: [mem 0xf8000000-0xf9ffffff] has been reserved
Jun 21 17:30:16 picard kernel: system 00:00: [mem 0xfee00000-0xfeefffff] has been reserved
Jun 21 17:30:16 picard kernel: system 00:00: [mem 0xfed00000-0xfed003ff] has been reserved
Jun 21 17:30:16 picard kernel: system 00:01: [mem 0xfed00000-0xfed003ff] has been reserved
Jun 21 17:30:16 picard kernel: system 00:02: [io  0x1800-0x18fe] has been reserved
Jun 21 17:30:16 picard kernel: pnp: PnP ACPI: found 6 devices
Jun 21 17:30:16 picard kernel: clocksource: acpi_pm: mask: 0xffffff max_cycles: 0xffffff, max_idle_ns: 2085701024 ns
Jun 21 17:30:16 picard kernel: NET: Registered PF_INET protocol family
Jun 21 17:30:16 picard kernel: IP idents hash table entries: 262144 (order: 9, 2097152 bytes, linear)
Jun 21 17:30:16 picard kernel: tcp_listen_portaddr_hash hash table entries: 65536 (order: 8, 1048576 bytes, linear)
Jun 21 17:30:16 picard kernel: Table-perturb hash table entries: 65536 (order: 6, 262144 bytes, linear)
Jun 21 17:30:16 picard kernel: TCP established hash table entries: 524288 (order: 10, 4194304 bytes, linear)
Jun 21 17:30:16 picard kernel: TCP bind hash table entries: 65536 (order: 9, 2097152 bytes, linear)
Jun 21 17:30:16 picard kernel: TCP: Hash tables configured (established 524288 bind 65536)
Jun 21 17:30:16 picard kernel: MPTCP token hash table entries: 65536 (order: 8, 1572864 bytes, linear)
Jun 21 17:30:16 picard kernel: UDP hash table entries: 65536 (order: 9, 2097152 bytes, linear)
Jun 21 17:30:16 picard kernel: UDP-Lite hash table entries: 65536 (order: 9, 2097152 bytes, linear)
Jun 21 17:30:16 picard kernel: NET: Registered PF_UNIX/PF_LOCAL protocol family
Jun 21 17:30:16 picard kernel: NET: Registered PF_XDP protocol family
Jun 21 17:30:16 picard kernel: pci 0000:00:02.0: VF BAR 2 [mem 0x18c0000000-0x199fffffff 64bit pref]: assigned
Jun 21 17:30:16 picard kernel: pci 0000:00:02.0: VF BAR 0 [mem 0x19a0000000-0x19a6ffffff 64bit]: assigned
Jun 21 17:30:16 picard kernel: pci 0000:00:01.0: PCI bridge to [bus 01]
Jun 21 17:30:16 picard kernel: pci 0000:00:01.0:   bridge window [mem 0x80600000-0x806fffff]
Jun 21 17:30:16 picard kernel: pci 0000:00:01.1: PCI bridge to [bus 02]
Jun 21 17:30:16 picard kernel: pci 0000:00:01.1:   bridge window [io  0x6000-0x6fff]
Jun 21 17:30:16 picard kernel: pci 0000:00:01.1:   bridge window [mem 0x81000000-0x820fffff]
Jun 21 17:30:16 picard kernel: pci 0000:00:01.1:   bridge window [mem 0x1c00000000-0x2001ffffff 64bit pref]
Jun 21 17:30:16 picard kernel: pci 0000:00:1c.0: PCI bridge to [bus 03]
Jun 21 17:30:16 picard kernel: pci 0000:00:1c.0:   bridge window [mem 0x80400000-0x805fffff]
Jun 21 17:30:16 picard kernel: pci 0000:05:00.0: PCI bridge to [bus 06]
Jun 21 17:30:16 picard kernel: pci 0000:05:00.0:   bridge window [mem 0x18bfc00000-0x18bfcfffff 64bit pref]
Jun 21 17:30:16 picard kernel: pci 0000:05:01.0: PCI bridge to [bus 07-27]
Jun 21 17:30:16 picard kernel: pci 0000:05:01.0:   bridge window [io  0x2000-0x3fff]
Jun 21 17:30:16 picard kernel: pci 0000:05:01.0:   bridge window [mem 0x84000000-0x85ffffff]
Jun 21 17:30:16 picard kernel: pci 0000:05:01.0:   bridge window [mem 0x187fc00000-0x189fbfffff 64bit pref]
Jun 21 17:30:16 picard kernel: pci 0000:05:02.0: PCI bridge to [bus 28]
Jun 21 17:30:16 picard kernel: pci 0000:05:02.0:   bridge window [mem 0x88000000-0x880fffff]
Jun 21 17:30:16 picard kernel: pci 0000:05:03.0: PCI bridge to [bus 29-49]
Jun 21 17:30:16 picard kernel: pci 0000:05:03.0:   bridge window [io  0x4000-0x5fff]
Jun 21 17:30:16 picard kernel: pci 0000:05:03.0:   bridge window [mem 0x86000000-0x87ffffff]
Jun 21 17:30:16 picard kernel: pci 0000:05:03.0:   bridge window [mem 0x189fc00000-0x18bfbfffff 64bit pref]
Jun 21 17:30:16 picard kernel: pci 0000:04:00.0: PCI bridge to [bus 05-49]
Jun 21 17:30:16 picard kernel: pci 0000:04:00.0:   bridge window [io  0x2000-0x5fff]
Jun 21 17:30:16 picard kernel: pci 0000:04:00.0:   bridge window [mem 0x84000000-0x880fffff]
Jun 21 17:30:16 picard kernel: pci 0000:04:00.0:   bridge window [mem 0x187fc00000-0x18bfcfffff 64bit pref]
Jun 21 17:30:16 picard kernel: pci 0000:00:1d.0: PCI bridge to [bus 04-49]
Jun 21 17:30:16 picard kernel: pci 0000:00:1d.0:   bridge window [io  0x2000-0x5fff]
Jun 21 17:30:16 picard kernel: pci 0000:00:1d.0:   bridge window [mem 0x84000000-0x880fffff]
Jun 21 17:30:16 picard kernel: pci 0000:00:1d.0:   bridge window [mem 0x187fc00000-0x18bfcfffff 64bit pref]
Jun 21 17:30:16 picard kernel: pci_bus 0000:00: resource 4 [io  0x0000-0x0cf7 window]
Jun 21 17:30:16 picard kernel: pci_bus 0000:00: resource 5 [io  0x0d00-0xffff window]
Jun 21 17:30:16 picard kernel: pci_bus 0000:00: resource 6 [mem 0x000a0000-0x000fffff window]
Jun 21 17:30:16 picard kernel: pci_bus 0000:00: resource 7 [mem 0x80400000-0xdfffffff window]
Jun 21 17:30:16 picard kernel: pci_bus 0000:00: resource 8 [mem 0x187fc00000-0x7fffffffff window]
Jun 21 17:30:16 picard kernel: pci_bus 0000:00: resource 9 [mem 0xe0000000-0xfe7fffff window]
Jun 21 17:30:16 picard kernel: pci_bus 0000:00: resource 10 [mem 0xfed40000-0xfed47fff window]
Jun 21 17:30:16 picard kernel: pci_bus 0000:01: resource 1 [mem 0x80600000-0x806fffff]
Jun 21 17:30:16 picard kernel: pci_bus 0000:02: resource 0 [io  0x6000-0x6fff]
Jun 21 17:30:16 picard kernel: pci_bus 0000:02: resource 1 [mem 0x81000000-0x820fffff]
Jun 21 17:30:16 picard kernel: pci_bus 0000:02: resource 2 [mem 0x1c00000000-0x2001ffffff 64bit pref]
Jun 21 17:30:16 picard kernel: pci_bus 0000:03: resource 1 [mem 0x80400000-0x805fffff]
Jun 21 17:30:16 picard kernel: pci_bus 0000:04: resource 0 [io  0x2000-0x5fff]
Jun 21 17:30:16 picard kernel: pci_bus 0000:04: resource 1 [mem 0x84000000-0x880fffff]
Jun 21 17:30:16 picard kernel: pci_bus 0000:04: resource 2 [mem 0x187fc00000-0x18bfcfffff 64bit pref]
Jun 21 17:30:16 picard kernel: pci_bus 0000:05: resource 0 [io  0x2000-0x5fff]
Jun 21 17:30:16 picard kernel: pci_bus 0000:05: resource 1 [mem 0x84000000-0x880fffff]
Jun 21 17:30:16 picard kernel: pci_bus 0000:05: resource 2 [mem 0x187fc00000-0x18bfcfffff 64bit pref]
Jun 21 17:30:16 picard kernel: pci_bus 0000:06: resource 2 [mem 0x18bfc00000-0x18bfcfffff 64bit pref]
Jun 21 17:30:16 picard kernel: pci_bus 0000:07: resource 0 [io  0x2000-0x3fff]
Jun 21 17:30:16 picard kernel: pci_bus 0000:07: resource 1 [mem 0x84000000-0x85ffffff]
Jun 21 17:30:16 picard kernel: pci_bus 0000:07: resource 2 [mem 0x187fc00000-0x189fbfffff 64bit pref]
Jun 21 17:30:16 picard kernel: pci_bus 0000:28: resource 1 [mem 0x88000000-0x880fffff]
Jun 21 17:30:16 picard kernel: pci_bus 0000:29: resource 0 [io  0x4000-0x5fff]
Jun 21 17:30:16 picard kernel: pci_bus 0000:29: resource 1 [mem 0x86000000-0x87ffffff]
Jun 21 17:30:16 picard kernel: pci_bus 0000:29: resource 2 [mem 0x189fc00000-0x18bfbfffff 64bit pref]
Jun 21 17:30:16 picard kernel: pci 0000:02:00.1: extending delay after power-on from D3hot to 20 msec
Jun 21 17:30:16 picard kernel: pci 0000:02:00.1: D0 power state depends on 0000:02:00.0
Jun 21 17:30:16 picard kernel: PCI: CLS 64 bytes, default 64
Jun 21 17:30:16 picard kernel: DMAR: Intel-IOMMU force enabled due to platform opt in
Jun 21 17:30:16 picard kernel: DMAR: No ATSR found
Jun 21 17:30:16 picard kernel: DMAR: No SATC found
Jun 21 17:30:16 picard kernel: DMAR: IOMMU feature fl1gp_support inconsistent
Jun 21 17:30:16 picard kernel: DMAR: IOMMU feature pgsel_inv inconsistent
Jun 21 17:30:16 picard kernel: DMAR: IOMMU feature nwfs inconsistent
Jun 21 17:30:16 picard kernel: DMAR: IOMMU feature dit inconsistent
Jun 21 17:30:16 picard kernel: DMAR: IOMMU feature sc_support inconsistent
Jun 21 17:30:16 picard kernel: DMAR: IOMMU feature dev_iotlb_support inconsistent
Jun 21 17:30:16 picard kernel: DMAR: dmar0: Using Queued invalidation
Jun 21 17:30:16 picard kernel: DMAR: dmar1: Using Queued invalidation
Jun 21 17:30:16 picard kernel: Trying to unpack rootfs image as initramfs...
Jun 21 17:30:16 picard kernel: pci 0000:00:02.0: Adding to iommu group 0
Jun 21 17:30:16 picard kernel: pci 0000:00:00.0: Adding to iommu group 1
Jun 21 17:30:16 picard kernel: pci 0000:00:01.0: Adding to iommu group 2
Jun 21 17:30:16 picard kernel: pci 0000:00:01.1: Adding to iommu group 3
Jun 21 17:30:16 picard kernel: pci 0000:00:0a.0: Adding to iommu group 4
Jun 21 17:30:16 picard kernel: pci 0000:00:14.0: Adding to iommu group 5
Jun 21 17:30:16 picard kernel: pci 0000:00:14.2: Adding to iommu group 5
Jun 21 17:30:16 picard kernel: pci 0000:00:14.3: Adding to iommu group 6
Jun 21 17:30:16 picard kernel: pci 0000:00:15.0: Adding to iommu group 7
Jun 21 17:30:16 picard kernel: pci 0000:00:15.1: Adding to iommu group 7
Jun 21 17:30:16 picard kernel: pci 0000:00:1c.0: Adding to iommu group 8
Jun 21 17:30:16 picard kernel: pci 0000:00:1d.0: Adding to iommu group 9
Jun 21 17:30:16 picard kernel: pci 0000:00:1f.0: Adding to iommu group 10
Jun 21 17:30:16 picard kernel: pci 0000:00:1f.3: Adding to iommu group 10
Jun 21 17:30:16 picard kernel: pci 0000:00:1f.4: Adding to iommu group 10
Jun 21 17:30:16 picard kernel: pci 0000:00:1f.5: Adding to iommu group 10
Jun 21 17:30:16 picard kernel: pci 0000:01:00.0: Adding to iommu group 11
Jun 21 17:30:16 picard kernel: pci 0000:02:00.0: Adding to iommu group 12
Jun 21 17:30:16 picard kernel: pci 0000:02:00.1: Adding to iommu group 12
Jun 21 17:30:16 picard kernel: pci 0000:03:00.0: Adding to iommu group 13
Jun 21 17:30:16 picard kernel: pci 0000:04:00.0: Adding to iommu group 14
Jun 21 17:30:16 picard kernel: pci 0000:05:00.0: Adding to iommu group 15
Jun 21 17:30:16 picard kernel: pci 0000:05:01.0: Adding to iommu group 16
Jun 21 17:30:16 picard kernel: pci 0000:05:02.0: Adding to iommu group 17
Jun 21 17:30:16 picard kernel: pci 0000:05:03.0: Adding to iommu group 18
Jun 21 17:30:16 picard kernel: pci 0000:06:00.0: Adding to iommu group 19
Jun 21 17:30:16 picard kernel: pci 0000:28:00.0: Adding to iommu group 20
Jun 21 17:30:16 picard kernel: DMAR: Intel(R) Virtualization Technology for Directed I/O
Jun 21 17:30:16 picard kernel: PCI-DMA: Using software bounce buffering for IO (SWIOTLB)
Jun 21 17:30:16 picard kernel: software IO TLB: mapped [mem 0x00000000728e5000-0x00000000768e5000] (64MB)
Jun 21 17:30:16 picard kernel: clocksource: tsc: mask: 0xffffffffffffffff max_cycles: 0x22df1149949, max_idle_ns: 440795312789 ns
Jun 21 17:30:16 picard kernel: clocksource: Switched to clocksource tsc
Jun 21 17:30:16 picard kernel: Initialise system trusted keyrings
Jun 21 17:30:16 picard kernel: Key type blacklist registered
Jun 21 17:30:16 picard kernel: workingset: timestamp_bits=41 max_order=25 bucket_order=0
Jun 21 17:30:16 picard kernel: zbud: loaded
Jun 21 17:30:16 picard kernel: fuse: init (API version 7.40)
Jun 21 17:30:16 picard kernel: integrity: Platform Keyring initialized
Jun 21 17:30:16 picard kernel: integrity: Machine keyring initialized
Jun 21 17:30:16 picard kernel: Key type asymmetric registered
Jun 21 17:30:16 picard kernel: Asymmetric key parser 'x509' registered
Jun 21 17:30:16 picard kernel: Block layer SCSI generic (bsg) driver version 0.4 loaded (major 246)
Jun 21 17:30:16 picard kernel: io scheduler mq-deadline registered
Jun 21 17:30:16 picard kernel: io scheduler kyber registered
Jun 21 17:30:16 picard kernel: io scheduler bfq registered
Jun 21 17:30:16 picard kernel: pcieport 0000:00:01.0: PME: Signaling with IRQ 122
Jun 21 17:30:16 picard kernel: pcieport 0000:00:01.0: AER: enabled with IRQ 122
Jun 21 17:30:16 picard kernel: pcieport 0000:00:01.1: PME: Signaling with IRQ 123
Jun 21 17:30:16 picard kernel: pcieport 0000:00:01.1: AER: enabled with IRQ 123
Jun 21 17:30:16 picard kernel: pcieport 0000:00:1c.0: PME: Signaling with IRQ 124
Jun 21 17:30:16 picard kernel: pcieport 0000:00:1c.0: AER: enabled with IRQ 124
Jun 21 17:30:16 picard kernel: pcieport 0000:00:1d.0: PME: Signaling with IRQ 125
Jun 21 17:30:16 picard kernel: pcieport 0000:00:1d.0: pciehp: Slot #8 AttnBtn- PwrCtrl- MRL- AttnInd- PwrInd- HotPlug+ Surprise+ Interlock- NoCompl+ IbPresDis- LLActRep+
Jun 21 17:30:16 picard kernel: pcieport 0000:05:01.0: pciehp: Slot #1 AttnBtn- PwrCtrl- MRL- AttnInd- PwrInd- HotPlug+ Surprise+ Interlock- NoCompl+ IbPresDis- LLActRep+
Jun 21 17:30:16 picard kernel: pcieport 0000:05:03.0: pciehp: Slot #3 AttnBtn- PwrCtrl- MRL- AttnInd- PwrInd- HotPlug+ Surprise+ Interlock- NoCompl+ IbPresDis- LLActRep+
Jun 21 17:30:16 picard kernel: shpchp: Standard Hot Plug PCI Controller Driver version: 0.4
Jun 21 17:30:16 picard kernel: Monitor-Mwait will be used to enter C-1 state
Jun 21 17:30:16 picard kernel: Monitor-Mwait will be used to enter C-2 state
Jun 21 17:30:16 picard kernel: [Firmware Bug]: ACPI MWAIT C-state 0x33 not supported by HW (0x1010)
Jun 21 17:30:16 picard kernel: ACPI: \_SB_.CP00: _CST C3 declares FIXED_HARDWARE C-state but not supported in hardware, skip...
Jun 21 17:30:16 picard kernel: ACPI: \_SB_.CP00: Found 2 idle states
Jun 21 17:30:16 picard kernel: ACPI: AC: AC Adapter [AC] (off-line)
Jun 21 17:30:16 picard kernel: input: Power Button as /devices/LNXSYSTM:00/LNXSYBUS:00/PNP0C0C:00/input/input0
Jun 21 17:30:16 picard kernel: ACPI: button: Power Button [PWRB]
Jun 21 17:30:16 picard kernel: input: Sleep Button as /devices/LNXSYSTM:00/LNXSYBUS:00/PNP0C0E:00/input/input1
Jun 21 17:30:16 picard kernel: ACPI: button: Sleep Button [SLPB]
Jun 21 17:30:16 picard kernel: input: Lid Switch as /devices/LNXSYSTM:00/LNXSYBUS:00/PNP0C0D:00/input/input2
Jun 21 17:30:16 picard kernel: ACPI: button: Lid Switch [LID0]
Jun 21 17:30:16 picard kernel: input: Power Button as /devices/LNXSYSTM:00/LNXPWRBN:00/input/input3
Jun 21 17:30:16 picard kernel: ACPI: button: Power Button [PWRF]
Jun 21 17:30:16 picard kernel: Serial: 8250/16550 driver, 32 ports, IRQ sharing enabled
Jun 21 17:30:16 picard kernel: hpet_acpi_add: no address or irqs in _CRS
Jun 21 17:30:16 picard kernel: Non-volatile memory driver v1.3
Jun 21 17:30:16 picard kernel: Linux agpgart interface v0.103
Jun 21 17:30:16 picard kernel: tpm_tis MSFT0101:00: 2.0 TPM (device-id 0x1D, rev-id 54)
Jun 21 17:30:16 picard kernel: Freeing initrd memory: 21020K
Jun 21 17:30:16 picard kernel: ACPI: battery: Slot [BAT0] (battery present)
Jun 21 17:30:16 picard kernel: ACPI: bus type drm_connector registered
Jun 21 17:30:16 picard kernel: usbcore: registered new interface driver usbserial_generic
Jun 21 17:30:16 picard kernel: usbserial: USB Serial support registered for generic
Jun 21 17:30:16 picard kernel: rtc_cmos 00:03: RTC can wake from S4
Jun 21 17:30:16 picard kernel: rtc_cmos 00:03: registered as rtc0
Jun 21 17:30:16 picard kernel: rtc_cmos 00:03: setting system clock to 2024-06-21T22:29:54 UTC (1719008994)
Jun 21 17:30:16 picard kernel: rtc_cmos 00:03: alarms up to one month, 242 bytes nvram
Jun 21 17:30:16 picard kernel: intel_pstate: Intel P-state driver initializing
Jun 21 17:30:16 picard kernel: intel_pstate: HWP enabled
Jun 21 17:30:16 picard kernel: ledtrig-cpu: registered to indicate activity on CPUs
Jun 21 17:30:16 picard kernel: [drm] Initialized simpledrm 1.0.0 20200625 for simple-framebuffer.0 on minor 0
Jun 21 17:30:16 picard kernel: fbcon: Deferring console take-over
Jun 21 17:30:16 picard kernel: simple-framebuffer simple-framebuffer.0: [drm] fb0: simpledrmdrmfb frame buffer device
Jun 21 17:30:16 picard kernel: hid: raw HID events driver (C) Jiri Kosina
Jun 21 17:30:16 picard kernel: drop_monitor: Initializing network drop monitor service
Jun 21 17:30:16 picard kernel: NET: Registered PF_INET6 protocol family
Jun 21 17:30:16 picard kernel: Segment Routing with IPv6
Jun 21 17:30:16 picard kernel: RPL Segment Routing with IPv6
Jun 21 17:30:16 picard kernel: In-situ OAM (IOAM) with IPv6
Jun 21 17:30:16 picard kernel: NET: Registered PF_PACKET protocol family
Jun 21 17:30:16 picard kernel: microcode: Current revision: 0x00000123
Jun 21 17:30:16 picard kernel: microcode: Updated early from: 0x00000112
Jun 21 17:30:16 picard kernel: IPI shorthand broadcast: enabled
Jun 21 17:30:16 picard kernel: sched_clock: Marking stable (1023334460, 7615744)->(1104764999, -73814795)
Jun 21 17:30:16 picard kernel: Timer migration: 2 hierarchy levels; 8 children per group; 2 crossnode level
Jun 21 17:30:16 picard kernel: registered taskstats version 1
Jun 21 17:30:16 picard kernel: Loading compiled-in X.509 certificates
Jun 21 17:30:16 picard kernel: Loaded X.509 cert 'Build time autogenerated kernel key: 3400de6c9516747aaf0a57f8b64cfee5190d9a17'
Jun 21 17:30:16 picard kernel: Key type .fscrypt registered
Jun 21 17:30:16 picard kernel: Key type fscrypt-provisioning registered
Jun 21 17:30:16 picard kernel: PM:   Magic number: 12:838:502
Jun 21 17:30:16 picard kernel: RAS: Correctable Errors collector initialized.
Jun 21 17:30:16 picard kernel: clk: Disabling unused clocks
Jun 21 17:30:16 picard kernel: PM: genpd: Disabling unused power domains
Jun 21 17:30:16 picard kernel: Freeing unused decrypted memory: 2028K
Jun 21 17:30:16 picard kernel: Freeing unused kernel image (initmem) memory: 3412K
Jun 21 17:30:16 picard kernel: Write protecting the kernel read-only data: 32768k
Jun 21 17:30:16 picard kernel: Freeing unused kernel image (rodata/data gap) memory: 1112K
Jun 21 17:30:16 picard kernel: x86/mm: Checked W+X mappings: passed, no W+X pages found.
Jun 21 17:30:16 picard kernel: rodata_test: all tests were successful
Jun 21 17:30:16 picard kernel: Run /init as init process
Jun 21 17:30:16 picard kernel:   with arguments:
Jun 21 17:30:16 picard kernel:     /init
Jun 21 17:30:16 picard kernel:   with environment:
Jun 21 17:30:16 picard kernel:     HOME=/
Jun 21 17:30:16 picard kernel:     TERM=linux
Jun 21 17:30:16 picard kernel:     cryptdevice=PARTUUID=a9ac7b60-ac53-4cf0-8643-bf211e3a76b8:root
Jun 21 17:30:16 picard kernel: fbcon: Taking over console
Jun 21 17:30:16 picard kernel: Console: switching to colour frame buffer device 240x67
Jun 21 17:30:16 picard kernel: raid6: skipped pq benchmark and selected avx2x4
Jun 21 17:30:16 picard kernel: raid6: using avx2x2 recovery algorithm
Jun 21 17:30:16 picard kernel: xor: automatically using best checksumming function   avx       
Jun 21 17:30:16 picard kernel: Btrfs loaded, zoned=yes, fsverity=yes
Jun 21 17:30:16 picard kernel: i915 0000:00:02.0: [drm] VT-d active for gfx access
Jun 21 17:30:16 picard kernel: Console: switching to colour dummy device 80x25
Jun 21 17:30:16 picard kernel: i915 0000:00:02.0: vgaarb: deactivate vga console
Jun 21 17:30:16 picard kernel: i915 0000:00:02.0: [drm] Using Transparent Hugepages
Jun 21 17:30:16 picard kernel: i915 0000:00:02.0: vgaarb: VGA decodes changed: olddecodes=io+mem,decodes=none:owns=io+mem
Jun 21 17:30:16 picard kernel: i915 0000:00:02.0: [drm] Finished loading DMC firmware i915/adls_dmc_ver2_01.bin (v2.1)
Jun 21 17:30:16 picard kernel: i915 0000:00:02.0: [drm] GT0: GuC firmware i915/tgl_guc_70.bin version 70.20.0
Jun 21 17:30:16 picard kernel: i915 0000:00:02.0: [drm] GT0: HuC firmware i915/tgl_huc.bin version 7.9.3
Jun 21 17:30:16 picard kernel: i915 0000:00:02.0: [drm] GT0: HuC: authenticated for all workloads
Jun 21 17:30:16 picard kernel: i915 0000:00:02.0: [drm] GT0: GUC: submission enabled
Jun 21 17:30:16 picard kernel: i915 0000:00:02.0: [drm] GT0: GUC: SLPC enabled
Jun 21 17:30:16 picard kernel: i915 0000:00:02.0: [drm] GT0: GUC: RC enabled
Jun 21 17:30:16 picard kernel: i915 0000:00:02.0: [drm] Protected Xe Path (PXP) protected content support initialized
Jun 21 17:30:16 picard kernel: i915 0000:00:02.0: [drm] Skipping intel_backlight registration
Jun 21 17:30:16 picard kernel: [drm] Initialized i915 1.6.0 20230929 for 0000:00:02.0 on minor 1
Jun 21 17:30:16 picard kernel: ACPI: video: Video Device [GFX0] (multi-head: yes  rom: no  post: no)
Jun 21 17:30:16 picard kernel: input: Video Bus as /devices/LNXSYSTM:00/LNXSYBUS:00/PNP0A08:00/LNXVIDEO:00/input/input4
Jun 21 17:30:16 picard kernel: acpi device:03: registered as cooling_device32
Jun 21 17:30:16 picard kernel: fbcon: i915drmfb (fb0) is primary device
Jun 21 17:30:16 picard kernel: Console: switching to colour frame buffer device 240x67
Jun 21 17:30:16 picard kernel: i915 0000:00:02.0: [drm] fb0: i915drmfb frame buffer device
Jun 21 17:30:16 picard kernel: i8042: PNP: PS/2 Controller [PNP0303:PS2K,PNP0f13:PS2M] at 0x60,0x64 irq 1,12
Jun 21 17:30:16 picard kernel: serio: i8042 KBD port at 0x60,0x64 irq 1
Jun 21 17:30:16 picard kernel: serio: i8042 AUX port at 0x60,0x64 irq 12
Jun 21 17:30:16 picard kernel: cryptd: max_cpu_qlen set to 1000
Jun 21 17:30:16 picard kernel: xhci_hcd 0000:00:14.0: xHCI Host Controller
Jun 21 17:30:16 picard kernel: xhci_hcd 0000:00:14.0: new USB bus registered, assigned bus number 1
Jun 21 17:30:16 picard kernel: xhci_hcd 0000:00:14.0: hcc params 0x20007fc1 hci version 0x120 quirks 0x0000000200009810
Jun 21 17:30:16 picard kernel: xhci_hcd 0000:00:14.0: xHCI Host Controller
Jun 21 17:30:16 picard kernel: xhci_hcd 0000:00:14.0: new USB bus registered, assigned bus number 2
Jun 21 17:30:16 picard kernel: xhci_hcd 0000:00:14.0: Host supports USB 3.2 Enhanced SuperSpeed
Jun 21 17:30:16 picard kernel: usb usb1: New USB device found, idVendor=1d6b, idProduct=0002, bcdDevice= 6.09
Jun 21 17:30:16 picard kernel: usb usb1: New USB device strings: Mfr=3, Product=2, SerialNumber=1
Jun 21 17:30:16 picard kernel: usb usb1: Product: xHCI Host Controller
Jun 21 17:30:16 picard kernel: usb usb1: Manufacturer: Linux 6.9.5-arch1-1 xhci-hcd
Jun 21 17:30:16 picard kernel: usb usb1: SerialNumber: 0000:00:14.0
Jun 21 17:30:16 picard kernel: hub 1-0:1.0: USB hub found
Jun 21 17:30:16 picard kernel: hub 1-0:1.0: 16 ports detected
Jun 21 17:30:16 picard kernel: input: AT Translated Set 2 keyboard as /devices/platform/i8042/serio0/input/input5
Jun 21 17:30:16 picard kernel: usb usb2: New USB device found, idVendor=1d6b, idProduct=0003, bcdDevice= 6.09
Jun 21 17:30:16 picard kernel: usb usb2: New USB device strings: Mfr=3, Product=2, SerialNumber=1
Jun 21 17:30:16 picard kernel: usb usb2: Product: xHCI Host Controller
Jun 21 17:30:16 picard kernel: usb usb2: Manufacturer: Linux 6.9.5-arch1-1 xhci-hcd
Jun 21 17:30:16 picard kernel: usb usb2: SerialNumber: 0000:00:14.0
Jun 21 17:30:16 picard kernel: hub 2-0:1.0: USB hub found
Jun 21 17:30:16 picard kernel: hub 2-0:1.0: 10 ports detected
Jun 21 17:30:16 picard kernel: xhci_hcd 0000:28:00.0: xHCI Host Controller
Jun 21 17:30:16 picard kernel: xhci_hcd 0000:28:00.0: new USB bus registered, assigned bus number 3
Jun 21 17:30:16 picard kernel: xhci_hcd 0000:28:00.0: hcc params 0x20007fc1 hci version 0x110 quirks 0x0000000200009810
Jun 21 17:30:16 picard kernel: xhci_hcd 0000:28:00.0: xHCI Host Controller
Jun 21 17:30:16 picard kernel: xhci_hcd 0000:28:00.0: new USB bus registered, assigned bus number 4
Jun 21 17:30:16 picard kernel: xhci_hcd 0000:28:00.0: Host supports USB 3.1 Enhanced SuperSpeed
Jun 21 17:30:16 picard kernel: usb usb3: New USB device found, idVendor=1d6b, idProduct=0002, bcdDevice= 6.09
Jun 21 17:30:16 picard kernel: usb usb3: New USB device strings: Mfr=3, Product=2, SerialNumber=1
Jun 21 17:30:16 picard kernel: usb usb3: Product: xHCI Host Controller
Jun 21 17:30:16 picard kernel: usb usb3: Manufacturer: Linux 6.9.5-arch1-1 xhci-hcd
Jun 21 17:30:16 picard kernel: usb usb3: SerialNumber: 0000:28:00.0
Jun 21 17:30:16 picard kernel: hub 3-0:1.0: USB hub found
Jun 21 17:30:16 picard kernel: hub 3-0:1.0: 2 ports detected
Jun 21 17:30:16 picard kernel: usb usb4: New USB device found, idVendor=1d6b, idProduct=0003, bcdDevice= 6.09
Jun 21 17:30:16 picard kernel: usb usb4: New USB device strings: Mfr=3, Product=2, SerialNumber=1
Jun 21 17:30:16 picard kernel: usb usb4: Product: xHCI Host Controller
Jun 21 17:30:16 picard kernel: usb usb4: Manufacturer: Linux 6.9.5-arch1-1 xhci-hcd
Jun 21 17:30:16 picard kernel: usb usb4: SerialNumber: 0000:28:00.0
Jun 21 17:30:16 picard kernel: hub 4-0:1.0: USB hub found
Jun 21 17:30:16 picard kernel: hub 4-0:1.0: 2 ports detected
Jun 21 17:30:16 picard kernel: AVX2 version of gcm_enc/dec engaged.
Jun 21 17:30:16 picard kernel: AES CTR mode by8 optimization enabled
Jun 21 17:30:16 picard kernel: nvme nvme0: pci function 0000:01:00.0
Jun 21 17:30:16 picard kernel: nvme nvme0: D3 entry latency set to 10 seconds
Jun 21 17:30:16 picard kernel: nvme nvme0: 16/0/0 default/read/poll queues
Jun 21 17:30:16 picard kernel:  nvme0n1: p1 p2
Jun 21 17:30:16 picard kernel: device-mapper: uevent: version 1.0.3
Jun 21 17:30:16 picard kernel: device-mapper: ioctl: 4.48.0-ioctl (2023-03-01) initialised: dm-devel@lists.linux.dev
Jun 21 17:30:16 picard kernel: Key type trusted registered
Jun 21 17:30:16 picard kernel: usb 1-6: new high-speed USB device number 2 using xhci_hcd
Jun 21 17:30:16 picard kernel: Key type encrypted registered
Jun 21 17:30:16 picard kernel: usb 1-6: New USB device found, idVendor=04f2, idProduct=b7c3, bcdDevice= 0.04
Jun 21 17:30:16 picard kernel: usb 1-6: New USB device strings: Mfr=1, Product=2, SerialNumber=3
Jun 21 17:30:16 picard kernel: usb 1-6: Product: Chicony USB2.0 Camera
Jun 21 17:30:16 picard kernel: usb 1-6: Manufacturer: SunplusIT Inc
Jun 21 17:30:16 picard kernel: usb 1-6: SerialNumber: 01.00.00
Jun 21 17:30:16 picard kernel: usb 1-7: new full-speed USB device number 3 using xhci_hcd
Jun 21 17:30:16 picard kernel: usb 1-7: New USB device found, idVendor=048d, idProduct=8910, bcdDevice= 0.01
Jun 21 17:30:16 picard kernel: usb 1-7: New USB device strings: Mfr=1, Product=2, SerialNumber=0
Jun 21 17:30:16 picard kernel: usb 1-7: Product: ITE Device(829x)
Jun 21 17:30:16 picard kernel: usb 1-7: Manufacturer: ITE Tech. Inc.
Jun 21 17:30:16 picard kernel: usbcore: registered new interface driver usbhid
Jun 21 17:30:16 picard kernel: usbhid: USB HID core driver
Jun 21 17:30:16 picard kernel: hid-generic 0003:048D:8910.0001: hiddev96,hidraw0: USB HID v1.10 Device [ITE Tech. Inc. ITE Device(829x)] on usb-0000:00:14.0-7/input0
Jun 21 17:30:16 picard kernel: usb 1-14: new full-speed USB device number 4 using xhci_hcd
Jun 21 17:30:16 picard kernel: usb 1-14: New USB device found, idVendor=8087, idProduct=0033, bcdDevice= 0.00
Jun 21 17:30:16 picard kernel: usb 1-14: New USB device strings: Mfr=0, Product=0, SerialNumber=0
Jun 21 17:30:16 picard kernel: BTRFS: device fsid ad2345b2-a85e-40f6-8c02-450de587120b devid 1 transid 335 /dev/mapper/root (254:0) scanned by mount (1244)
Jun 21 17:30:16 picard kernel: BTRFS info (device dm-0): first mount of filesystem ad2345b2-a85e-40f6-8c02-450de587120b
Jun 21 17:30:16 picard kernel: BTRFS info (device dm-0): using crc32c (crc32c-intel) checksum algorithm
Jun 21 17:30:16 picard kernel: BTRFS info (device dm-0): using free-space-tree
Jun 21 17:30:16 picard systemd[1]: systemd 256.1-1-arch-g34ba18b^ running in system mode (+PAM +AUDIT -SELINUX -APPARMOR -IMA +SMACK +SECCOMP +GCRYPT +GNUTLS +OPENSSL +ACL +BLKID +CURL +ELFUTILS +FIDO2 +IDN2 -IDN +IPTC +KMOD +LIBCRYPTSETUP +LIBCRYPTSETUP_PLUGINS +LIBFDISK +PCRE2 +PWQUALITY +P11KIT +QRENCODE +TPM2 +BZIP2 +LZ4 +XZ +ZLIB +ZSTD +BPF_FRAMEWORK +XKBCOMMON +UTMP -SYSVINIT +LIBARCHIVE)
Jun 21 17:30:16 picard systemd[1]: Detected architecture x86-64.
Jun 21 17:30:16 picard systemd[1]: Hostname set to <picard>.
Jun 21 17:30:16 picard systemd[1]: bpf-restrict-fs: LSM BPF program attached
Jun 21 17:30:16 picard kernel: zram: Added device: zram0
Jun 21 17:30:16 picard systemd[1]: Queued start job for default target Graphical Interface.
Jun 21 17:30:16 picard systemd[1]: Created slice Slice /system/dirmngr.
Jun 21 17:30:16 picard systemd[1]: Created slice Slice /system/getty.
Jun 21 17:30:16 picard systemd[1]: Created slice Slice /system/gpg-agent.
Jun 21 17:30:16 picard systemd[1]: Created slice Slice /system/gpg-agent-browser.
Jun 21 17:30:16 picard systemd[1]: Created slice Slice /system/gpg-agent-extra.
Jun 21 17:30:16 picard systemd[1]: Created slice Slice /system/gpg-agent-ssh.
Jun 21 17:30:16 picard systemd[1]: Created slice Slice /system/keyboxd.
Jun 21 17:30:16 picard systemd[1]: Created slice Slice /system/modprobe.
Jun 21 17:30:16 picard systemd[1]: Created slice Slice /system/systemd-zram-setup.
Jun 21 17:30:16 picard systemd[1]: Created slice User and Session Slice.
Jun 21 17:30:16 picard systemd[1]: Started Dispatch Password Requests to Console Directory Watch.
Jun 21 17:30:16 picard systemd[1]: Started Forward Password Requests to Wall Directory Watch.
Jun 21 17:30:16 picard systemd[1]: Set up automount Arbitrary Executable File Formats File System Automount Point.
Jun 21 17:30:16 picard systemd[1]: Expecting device /dev/disk/by-uuid/D131-44A1...
Jun 21 17:30:16 picard systemd[1]: Expecting device /dev/disk/by-uuid/ad2345b2-a85e-40f6-8c02-450de587120b...
Jun 21 17:30:16 picard systemd[1]: Expecting device /dev/zram0...
Jun 21 17:30:16 picard systemd[1]: Reached target Local Encrypted Volumes.
Jun 21 17:30:16 picard systemd[1]: Reached target Local Integrity Protected Volumes.
Jun 21 17:30:16 picard systemd[1]: Reached target Path Units.
Jun 21 17:30:16 picard systemd[1]: Reached target Remote File Systems.
Jun 21 17:30:16 picard systemd[1]: Reached target Slice Units.
Jun 21 17:30:16 picard systemd[1]: Reached target Local Verity Protected Volumes.
Jun 21 17:30:16 picard systemd[1]: Listening on Device-mapper event daemon FIFOs.
Jun 21 17:30:16 picard systemd[1]: Listening on Process Core Dump Socket.
Jun 21 17:30:16 picard systemd[1]: Listening on Credential Encryption/Decryption.
Jun 21 17:30:16 picard systemd[1]: Listening on Journal Socket (/dev/log).
Jun 21 17:30:16 picard systemd[1]: Listening on Journal Sockets.
Jun 21 17:30:16 picard systemd[1]: Listening on Network Service Netlink Socket.
Jun 21 17:30:16 picard systemd[1]: TPM PCR Measurements was skipped because of an unmet condition check (ConditionSecurity=measured-uki).
Jun 21 17:30:16 picard systemd[1]: Make TPM PCR Policy was skipped because of an unmet condition check (ConditionSecurity=measured-uki).
Jun 21 17:30:16 picard systemd[1]: Listening on udev Control Socket.
Jun 21 17:30:16 picard systemd[1]: Listening on udev Kernel Socket.
Jun 21 17:30:16 picard systemd[1]: Listening on User Database Manager Socket.
Jun 21 17:30:16 picard systemd[1]: Mounting Huge Pages File System...
Jun 21 17:30:16 picard systemd[1]: Mounting POSIX Message Queue File System...
Jun 21 17:30:16 picard systemd[1]: Mounting Kernel Debug File System...
Jun 21 17:30:16 picard systemd[1]: Mounting Kernel Trace File System...
Jun 21 17:30:16 picard systemd[1]: Starting Create List of Static Device Nodes...
Jun 21 17:30:16 picard systemd[1]: Starting Load Kernel Module configfs...
Jun 21 17:30:16 picard systemd[1]: Starting Load Kernel Module dm_mod...
Jun 21 17:30:16 picard systemd[1]: Starting Load Kernel Module drm...
Jun 21 17:30:16 picard systemd[1]: Starting Load Kernel Module fuse...
Jun 21 17:30:16 picard systemd[1]: Starting Load Kernel Module loop...
Jun 21 17:30:16 picard systemd[1]: Clear Stale Hibernate Storage Info was skipped because of an unmet condition check (ConditionPathExists=/sys/firmware/efi/efivars/HibernateLocation-8cf2644b-4b0b-428f-9387-6d876050dc67).
Jun 21 17:30:16 picard systemd[1]: Starting Journal Service...
Jun 21 17:30:16 picard systemd[1]: Starting Load Kernel Modules...
Jun 21 17:30:16 picard systemd[1]: Starting Generate network units from Kernel command line...
Jun 21 17:30:16 picard systemd[1]: TPM PCR Machine ID Measurement was skipped because of an unmet condition check (ConditionSecurity=measured-uki).
Jun 21 17:30:16 picard systemd[1]: Starting Remount Root and Kernel File Systems...
Jun 21 17:30:16 picard systemd[1]: Early TPM SRK Setup was skipped because of an unmet condition check (ConditionSecurity=measured-uki).
Jun 21 17:30:16 picard systemd[1]: Starting Load udev Rules from Credentials...
Jun 21 17:30:16 picard systemd[1]: Starting Coldplug All udev Devices...
Jun 21 17:30:16 picard systemd[1]: Mounted Huge Pages File System.
Jun 21 17:30:16 picard systemd[1]: Mounted POSIX Message Queue File System.
Jun 21 17:30:16 picard systemd[1]: Mounted Kernel Debug File System.
Jun 21 17:30:16 picard systemd[1]: Mounted Kernel Trace File System.
Jun 21 17:30:16 picard systemd[1]: Finished Create List of Static Device Nodes.
Jun 21 17:30:16 picard systemd[1]: modprobe@configfs.service: Deactivated successfully.
Jun 21 17:30:16 picard systemd[1]: Finished Load Kernel Module configfs.
Jun 21 17:30:16 picard kernel: loop: module loaded
Jun 21 17:30:16 picard systemd[1]: modprobe@dm_mod.service: Deactivated successfully.
Jun 21 17:30:16 picard systemd[1]: Finished Load Kernel Module dm_mod.
Jun 21 17:30:16 picard systemd[1]: modprobe@drm.service: Deactivated successfully.
Jun 21 17:30:16 picard systemd[1]: Finished Load Kernel Module drm.
Jun 21 17:30:16 picard systemd[1]: modprobe@fuse.service: Deactivated successfully.
Jun 21 17:30:16 picard systemd[1]: Finished Load Kernel Module fuse.
Jun 21 17:30:16 picard systemd[1]: modprobe@loop.service: Deactivated successfully.
Jun 21 17:30:16 picard systemd[1]: Finished Load Kernel Module loop.
Jun 21 17:30:16 picard systemd[1]: Finished Generate network units from Kernel command line.
Jun 21 17:30:16 picard systemd[1]: Reached target Preparation for Network.
Jun 21 17:30:16 picard systemd[1]: Mounting FUSE Control File System...
Jun 21 17:30:16 picard systemd[1]: Mounting Kernel Configuration File System...
Jun 21 17:30:16 picard systemd[1]: Repartition Root Disk was skipped because no trigger condition checks were met.
Jun 21 17:30:16 picard systemd[1]: Starting Create Static Device Nodes in /dev gracefully...
Jun 21 17:30:16 picard systemd[1]: Finished Load udev Rules from Credentials.
Jun 21 17:30:16 picard systemd-journald[1303]: Collecting audit messages is disabled.
Jun 21 17:30:16 picard systemd[1]: Mounted FUSE Control File System.
Jun 21 17:30:16 picard systemd[1]: Finished Remount Root and Kernel File Systems.
Jun 21 17:30:16 picard systemd[1]: Mounted Kernel Configuration File System.
Jun 21 17:30:16 picard systemd[1]: Rebuild Hardware Database was skipped because no trigger condition checks were met.
Jun 21 17:30:16 picard systemd[1]: Starting Load/Save OS Random Seed...
Jun 21 17:30:16 picard systemd[1]: TPM SRK Setup was skipped because of an unmet condition check (ConditionSecurity=measured-uki).
Jun 21 17:30:16 picard systemd[1]: Starting User Database Manager...
Jun 21 17:30:16 picard systemd[1]: Finished Load/Save OS Random Seed.
Jun 21 17:30:16 picard systemd-journald[1303]: Journal started
Jun 21 17:30:16 picard systemd-journald[1303]: Runtime Journal (/run/log/journal/8ec3f4be0b414fb7a21edf70d15b0441) is 8M, max 4G, 3.9G free.
Jun 21 17:30:16 picard systemd-modules-load[1304]: Inserted module 'crypto_user'
Jun 21 17:30:16 picard systemd[1]: Started Journal Service.
Jun 21 17:30:16 picard systemd[1]: Started User Database Manager.
Jun 21 17:30:16 picard systemd[1]: Finished Create Static Device Nodes in /dev gracefully.
Jun 21 17:30:16 picard systemd[1]: Starting Create System Users...
Jun 21 17:30:16 picard systemd[1]: Finished Create System Users.
Jun 21 17:30:16 picard systemd[1]: Starting Create Static Device Nodes in /dev...
Jun 21 17:30:16 picard systemd[1]: Finished Coldplug All udev Devices.
Jun 21 17:30:16 picard systemd[1]: Finished Create Static Device Nodes in /dev.
Jun 21 17:30:16 picard systemd[1]: Reached target Preparation for Local File Systems.
Jun 21 17:30:16 picard systemd[1]: Starting Rule-based Manager for Device Events and Files...
Jun 21 17:30:16 picard systemd-udevd[1349]: Using default interface naming scheme 'v255'.
Jun 21 17:30:16 picard systemd[1]: Started Rule-based Manager for Device Events and Files.
Jun 21 17:30:16 picard systemd[1]: Found device /dev/zram0.
Jun 21 17:30:16 picard systemd[1]: Starting Create swap on /dev/zram0...
Jun 21 17:30:16 picard kernel: BTRFS info: devid 1 device path /dev/mapper/root changed to /dev/dm-0 scanned by (udev-worker) (1353)
Jun 21 17:30:16 picard kernel: BTRFS info: devid 1 device path /dev/dm-0 changed to /dev/mapper/root scanned by (udev-worker) (1353)
Jun 21 17:30:16 picard systemd[1]: Condition check resulted in /dev/tpmrm0 being skipped.
Jun 21 17:30:16 picard systemd[1]: Reached target Trusted Platform Module.
Jun 21 17:30:16 picard systemd[1]: Found device /dev/disk/by-uuid/ad2345b2-a85e-40f6-8c02-450de587120b.
Jun 21 17:30:16 picard kernel: zram0: detected capacity change from 0 to 8388608
Jun 21 17:30:16 picard systemd-makefs[1404]: /dev/zram0 successfully formatted as swap (label "zram0", uuid fbf5fc8a-f007-4583-a34b-8f3ca47883b5)
Jun 21 17:30:16 picard systemd[1]: Finished Create swap on /dev/zram0.
Jun 21 17:30:16 picard kernel: input: Intel HID events as /devices/platform/INT33D5:00/input/input7
Jun 21 17:30:16 picard kernel: intel-hid INT33D5:00: failed to enable HID power button
Jun 21 17:30:16 picard kernel: input: PC Speaker as /devices/platform/pcspkr/input/input8
Jun 21 17:30:16 picard kernel: intel_pmc_core INT33A1:00: Assuming a default substate order for this platform
Jun 21 17:30:16 picard kernel: intel_pmc_core INT33A1:00:  initialized
Jun 21 17:30:16 picard kernel: pps_core: LinuxPPS API ver. 1 registered
Jun 21 17:30:16 picard kernel: pps_core: Software ver. 5.3.6 - Copyright 2005-2007 Rodolfo Giometti <giometti@linux.it>
Jun 21 17:30:16 picard kernel: idma64 idma64.0: Found Intel integrated DMA 64-bit
Jun 21 17:30:16 picard kernel: idma64 idma64.1: Found Intel integrated DMA 64-bit
Jun 21 17:30:16 picard systemd[1]: Found device Samsung SSD 990 PRO 1TB 1.
Jun 21 17:30:16 picard kernel: PTP clock support registered
Jun 21 17:30:16 picard kernel: i801_smbus 0000:00:1f.4: SPD Write Disable is set
Jun 21 17:30:16 picard kernel: i801_smbus 0000:00:1f.4: SMBus using PCI interrupt
Jun 21 17:30:16 picard kernel: i2c i2c-12: Memory type 0x22 not supported yet, not instantiating SPD
Jun 21 17:30:16 picard systemd[1]: Activating swap Compressed Swap on /dev/zram0...
Jun 21 17:30:16 picard kernel: input: System76 ACPI Hotkeys as /devices/LNXSYSTM:00/LNXSYBUS:00/17761776:00/input/input10
Jun 21 17:30:16 picard kernel: ACPI: battery: new extension: System76 Battery Extension
Jun 21 17:30:16 picard kernel: simple-framebuffer simple-framebuffer.0: [drm] could not acquire memory region [mem 0x90000000-0x91fa3fff flags 0x80000200]
Jun 21 17:30:16 picard kernel: [drm] Initialized simpledrm 1.0.0 20200625 for simple-framebuffer.0 on minor 0
Jun 21 17:30:16 picard kernel: ACPI: bus type thunderbolt registered
Jun 21 17:30:16 picard kernel: simple-framebuffer simple-framebuffer.0: [drm] fb1: simpledrmdrmfb frame buffer device
Jun 21 17:30:16 picard systemd[1]: Starting Virtual Console Setup...
Jun 21 17:30:16 picard systemd[1]: Listening on Load/Save RF Kill Switch Status /dev/rfkill Watch.
Jun 21 17:30:16 picard kernel: Adding 4194300k swap on /dev/zram0.  Priority:100 extents:1 across:4194300k SSDsc
Jun 21 17:30:16 picard systemd[1]: Activated swap Compressed Swap on /dev/zram0.
Jun 21 17:30:16 picard systemd[1]: Reached target Swaps.
Jun 21 17:30:16 picard kernel: input: FTCS1000:00 2808:0102 Mouse as /devices/pci0000:00/0000:00:15.0/i2c_designware.0/i2c-10/i2c-FTCS1000:00/0018:2808:0102.0002/input/input11
Jun 21 17:30:16 picard kernel: input: FTCS1000:00 2808:0102 Touchpad as /devices/pci0000:00/0000:00:15.0/i2c_designware.0/i2c-10/i2c-FTCS1000:00/0018:2808:0102.0002/input/input12
Jun 21 17:30:16 picard kernel: hid-generic 0018:2808:0102.0002: input,hidraw1: I2C HID v1.00 Mouse [FTCS1000:00 2808:0102] on i2c-FTCS1000:00
Jun 21 17:30:16 picard systemd[1]: Finished Virtual Console Setup.
Jun 21 17:30:16 picard kernel: cfg80211: Loading compiled-in X.509 certificates for regulatory database
Jun 21 17:30:16 picard kernel: Loaded X.509 cert 'sforshee: 00b28ddf47aef9cea7'
Jun 21 17:30:16 picard kernel: Loaded X.509 cert 'wens: 61c038651aabdcf94bd0ac7ff06c7248db18c600'
Jun 21 17:30:16 picard kernel: platform regulatory.0: Direct firmware load for regulatory.db failed with error -2
Jun 21 17:30:16 picard kernel: cfg80211: failed to load regulatory.db
Jun 21 17:30:16 picard systemd[1]: Created slice Slice /system/systemd-backlight.
Jun 21 17:30:16 picard systemd[1]: Starting Load/Save Screen Backlight Brightness of leds:system76_acpi::kbd_backlight...
Jun 21 17:30:16 picard kernel: iTCO_vendor_support: vendor-support=0
Jun 21 17:30:16 picard kernel: Intel(R) 2.5G Ethernet Linux Driver
Jun 21 17:30:16 picard kernel: Copyright(c) 2018 Intel Corporation.
Jun 21 17:30:16 picard kernel: Creating 1 MTD partitions on "0000:00:1f.5":
Jun 21 17:30:16 picard kernel: 0x000000000000-0x000002000000 : "BIOS"
Jun 21 17:30:16 picard kernel: igc 0000:03:00.0: PTM enabled, 4ns granularity
Jun 21 17:30:16 picard kernel: psmouse serio1: Failed to reset mouse on isa0060/serio1: -5
Jun 21 17:30:17 picard kernel: iTCO_wdt iTCO_wdt: Found a Intel PCH TCO device (Version=6, TCOBASE=0x0400)
Jun 21 17:30:17 picard kernel: RAPL PMU: API unit is 2^-32 Joules, 4 fixed counters, 655360 ms ovfl timer
Jun 21 17:30:17 picard kernel: RAPL PMU: hw unit of domain pp0-core 2^-14 Joules
Jun 21 17:30:17 picard kernel: RAPL PMU: hw unit of domain package 2^-14 Joules
Jun 21 17:30:17 picard kernel: RAPL PMU: hw unit of domain pp1-gpu 2^-14 Joules
Jun 21 17:30:17 picard kernel: RAPL PMU: hw unit of domain psys 2^-14 Joules
Jun 21 17:30:17 picard kernel: iTCO_wdt iTCO_wdt: initialized. heartbeat=30 sec (nowayout=0)
Jun 21 17:30:17 picard kernel: mc: Linux media interface: v0.10
Jun 21 17:30:17 picard kernel: Intel(R) Wireless WiFi driver for Linux
Jun 21 17:30:17 picard kernel: iwlwifi 0000:00:14.3: Detected crf-id 0x400410, cnv-id 0x80401 wfpm id 0x80000020
Jun 21 17:30:17 picard kernel: iwlwifi 0000:00:14.3: PCI dev 7a70/0094, rev=0x430, rfid=0x2010d000
Jun 21 17:30:17 picard kernel: iwlwifi 0000:00:14.3: TLV_FW_FSEQ_VERSION: FSEQ Version: 0.0.2.42
Jun 21 17:30:17 picard kernel: iwlwifi 0000:00:14.3: loaded firmware version 89.e9cec78e.0 so-a0-gf-a0-89.ucode op_mode iwlmvm
Jun 21 17:30:17 picard kernel: pps pps0: new PPS source ptp0
Jun 21 17:30:17 picard kernel: igc 0000:03:00.0 (unnamed net_device) (uninitialized): PHC added
Jun 21 17:30:17 picard systemd[1]: Finished Load/Save Screen Backlight Brightness of leds:system76_acpi::kbd_backlight.
